Archive member included to satisfy reference by file (symbol)

c:/program files (x86)/gnu tools arm embedded/7 2018-q2-update/bin/../lib/gcc/arm-none-eabi/7.3.1/thumb/v7e-m\libgcc.a(_arm_addsubdf3.o)
                              ./printf/printf.o (__aeabi_dsub)
c:/program files (x86)/gnu tools arm embedded/7 2018-q2-update/bin/../lib/gcc/arm-none-eabi/7.3.1/thumb/v7e-m\libgcc.a(_arm_muldivdf3.o)
                              ./printf/printf.o (__aeabi_dmul)
c:/program files (x86)/gnu tools arm embedded/7 2018-q2-update/bin/../lib/gcc/arm-none-eabi/7.3.1/thumb/v7e-m\libgcc.a(_arm_cmpdf2.o)
                              ./printf/printf.o (__aeabi_dcmpeq)
c:/program files (x86)/gnu tools arm embedded/7 2018-q2-update/bin/../lib/gcc/arm-none-eabi/7.3.1/thumb/v7e-m\libgcc.a(_arm_fixdfsi.o)
                              ./printf/printf.o (__aeabi_d2iz)
c:/program files (x86)/gnu tools arm embedded/7 2018-q2-update/bin/../lib/gcc/arm-none-eabi/7.3.1/thumb/v7e-m\libgcc.a(_arm_fixunsdfsi.o)
                              ./printf/printf.o (__aeabi_d2uiz)
c:/program files (x86)/gnu tools arm embedded/7 2018-q2-update/bin/../lib/gcc/arm-none-eabi/7.3.1/thumb/v7e-m\libgcc.a(_arm_addsubsf3.o)
                              ./Driver/Source/DRV_I2C.o (__aeabi_ui2f)
c:/program files (x86)/gnu tools arm embedded/7 2018-q2-update/bin/../lib/gcc/arm-none-eabi/7.3.1/thumb/v7e-m\libgcc.a(_arm_muldivsf3.o)
                              ./Driver/Source/DRV_I2C.o (__aeabi_fmul)
c:/program files (x86)/gnu tools arm embedded/7 2018-q2-update/bin/../lib/gcc/arm-none-eabi/7.3.1/thumb/v7e-m\libgcc.a(_arm_fixunssfsi.o)
                              ./Driver/Source/DRV_I2C.o (__aeabi_f2uiz)
c:/program files (x86)/gnu tools arm embedded/7 2018-q2-update/bin/../lib/gcc/arm-none-eabi/7.3.1/thumb/v7e-m\libgcc.a(_aeabi_ldivmod.o)
                              ./applib/timex.o (__aeabi_ldivmod)
c:/program files (x86)/gnu tools arm embedded/7 2018-q2-update/bin/../lib/gcc/arm-none-eabi/7.3.1/thumb/v7e-m\libgcc.a(_aeabi_uldivmod.o)
                              ./printf/printf.o (__aeabi_uldivmod)
c:/program files (x86)/gnu tools arm embedded/7 2018-q2-update/bin/../lib/gcc/arm-none-eabi/7.3.1/thumb/v7e-m\libgcc.a(_udivmoddi4.o)
                              c:/program files (x86)/gnu tools arm embedded/7 2018-q2-update/bin/../lib/gcc/arm-none-eabi/7.3.1/thumb/v7e-m\libgcc.a(_aeabi_ldivmod.o) (__udivmoddi4)
c:/program files (x86)/gnu tools arm embedded/7 2018-q2-update/bin/../lib/gcc/arm-none-eabi/7.3.1/thumb/v7e-m\libgcc.a(unwind-arm.o)
                              ./serial/serial.o (__aeabi_unwind_cpp_pr0)
c:/program files (x86)/gnu tools arm embedded/7 2018-q2-update/bin/../lib/gcc/arm-none-eabi/7.3.1/thumb/v7e-m\libgcc.a(libunwind.o)
                              c:/program files (x86)/gnu tools arm embedded/7 2018-q2-update/bin/../lib/gcc/arm-none-eabi/7.3.1/thumb/v7e-m\libgcc.a(unwind-arm.o) (restore_core_regs)
c:/program files (x86)/gnu tools arm embedded/7 2018-q2-update/bin/../lib/gcc/arm-none-eabi/7.3.1/thumb/v7e-m\libgcc.a(pr-support.o)
                              c:/program files (x86)/gnu tools arm embedded/7 2018-q2-update/bin/../lib/gcc/arm-none-eabi/7.3.1/thumb/v7e-m\libgcc.a(unwind-arm.o) (__gnu_unwind_execute)
c:/program files (x86)/gnu tools arm embedded/7 2018-q2-update/bin/../lib/gcc/arm-none-eabi/7.3.1/thumb/v7e-m\libgcc.a(_dvmd_tls.o)
                              c:/program files (x86)/gnu tools arm embedded/7 2018-q2-update/bin/../lib/gcc/arm-none-eabi/7.3.1/thumb/v7e-m\libgcc.a(_aeabi_ldivmod.o) (__aeabi_ldiv0)
c:/program files (x86)/gnu tools arm embedded/7 2018-q2-update/bin/../lib/gcc/arm-none-eabi/7.3.1/../../../../arm-none-eabi/lib/thumb/v7e-m\libg_nano.a(lib_a-abort.o)
                              c:/program files (x86)/gnu tools arm embedded/7 2018-q2-update/bin/../lib/gcc/arm-none-eabi/7.3.1/thumb/v7e-m\libgcc.a(unwind-arm.o) (abort)
c:/program files (x86)/gnu tools arm embedded/7 2018-q2-update/bin/../lib/gcc/arm-none-eabi/7.3.1/../../../../arm-none-eabi/lib/thumb/v7e-m\libg_nano.a(lib_a-atoi.o)
                              ./miniconsole/mini_console.o (atoi)
c:/program files (x86)/gnu tools arm embedded/7 2018-q2-update/bin/../lib/gcc/arm-none-eabi/7.3.1/../../../../arm-none-eabi/lib/thumb/v7e-m\libg_nano.a(lib_a-ctime_r.o)
                              ./miniconsole/mini_console.o (ctime_r)
c:/program files (x86)/gnu tools arm embedded/7 2018-q2-update/bin/../lib/gcc/arm-none-eabi/7.3.1/../../../../arm-none-eabi/lib/thumb/v7e-m\libg_nano.a(lib_a-impure.o)
                              ./FreeRTOS/FreeRTOS/portable/MemMang/heap_useNewlib.o (_impure_ptr)
c:/program files (x86)/gnu tools arm embedded/7 2018-q2-update/bin/../lib/gcc/arm-none-eabi/7.3.1/../../../../arm-none-eabi/lib/thumb/v7e-m\libg_nano.a(lib_a-lcltime_r.o)
[...]
Memory Configuration

Name             Origin             Length             Attributes
UNCACHED         0x08e00200         0x00000400         xr
FLASH            0x18e00600         0x000fea00         xr
GPM_RAM          0x0c0e0000         0x00010000         xrw
RESERVED         0x0c0f0000         0x00010000         xrw
MBOX4_MEM        0x0d02fa00         0x00000080         rw
MBOX5_MEM        0x0d02fa80         0x00000080         rw
MBOX11_MEM       0x0d02fd80         0x00000080         r
RAM              0x00020000         0x00020000         xrw
*default*        0x00000000         0xffffffff

Linker script and memory map

LOAD ./serial/serial.o
LOAD ./pwrmanager/src/fastlz.o
LOAD ./pwrmanager/src/hibernate.o
LOAD ./pwrmanager/src/mem_retain.o
LOAD ./pwrmanager/src/pwr_mngr.o
LOAD ./pwrmanager/src/sleep_mngr.o
LOAD ./pwrmanager/src/sleep_notify.o
LOAD ./printf/printf.o
LOAD ./osal/Source/freertos_osal.o
LOAD ./miniconsole/mini_console.o
LOAD ./hifc/mi/hifc_mi.o
LOAD ./hifc/core/hifc_api.o
LOAD ./example/gpio_mini_console.o
LOAD ./example/main.o
LOAD ./applib/applib.o
LOAD ./applib/backtrace.o
LOAD ./applib/fault_handler.o
LOAD ./applib/newlibPort.o
LOAD ./applib/reset.o
LOAD ./applib/timex.o
LOAD ./FreeRTOS/FreeRTOS/portable/MemMang/heap_useNewlib.o
LOAD ./FreeRTOS/FreeRTOS/portable/GCC/ARM_CM3/alt125x_tickless_sleep.o
LOAD ./FreeRTOS/FreeRTOS/portable/GCC/ARM_CM3/port.o
LOAD ./FreeRTOS/FreeRTOS/FreeRTOS-openocd.o
LOAD ./FreeRTOS/FreeRTOS/croutine.o
LOAD ./FreeRTOS/FreeRTOS/event_groups.o
LOAD ./FreeRTOS/FreeRTOS/list.o
LOAD ./FreeRTOS/FreeRTOS/queue.o
LOAD ./FreeRTOS/FreeRTOS/stream_buffer.o
LOAD ./FreeRTOS/FreeRTOS/tasks.o
LOAD ./FreeRTOS/FreeRTOS/timers.o
LOAD ./Driver/Source/Private/ALT1250/DRV_IF_CFG.o
LOAD ./Driver/Source/Private/ALT1250/DRV_IOSEL.o
LOAD ./Driver/Source/Private/DRV_32KTIMER.o
LOAD ./Driver/Source/Private/DRV_ATOMIC_COUNTER.o
LOAD ./Driver/Source/Private/DRV_CLOCK_GATING.o
LOAD ./Driver/Source/Private/DRV_GPIO_WAKEUP.o
LOAD ./Driver/Source/Private/DRV_PMP_AGENT.o
LOAD ./Driver/Source/Private/DRV_SB_ENABLE.o
LOAD ./Driver/Source/Private/DRV_SLEEP.o
LOAD ./Driver/Source/Private/sha256.o
LOAD ./Driver/Source/DRV_AUXADC.o
LOAD ./Driver/Source/DRV_CCM.o
LOAD ./Driver/Source/DRV_FLASH.o
LOAD ./Driver/Source/DRV_GDMA.o
LOAD ./Driver/Source/DRV_GPIO.o
LOAD ./Driver/Source/DRV_GPTIMER.o
LOAD ./Driver/Source/DRV_I2C.o
LOAD ./Driver/Source/DRV_IO.o
LOAD ./Driver/Source/DRV_LED.o
LOAD ./Driver/Source/DRV_OTP.o
LOAD ./Driver/Source/DRV_PM.o
LOAD ./Driver/Source/DRV_PWM_DAC.o
LOAD ./Driver/Source/DRV_SPI.o
LOAD ./Driver/Source/DRV_UART.o
LOAD ./Driver/Source/DRV_WATCHDOG.o
LOAD ./Chipset/Source/startup_ALT125x.o
LOAD ./Chipset/Source/system_ALT125x.o
LOAD ./CMSIS-FreeRTOS/Source/cmsis_os1.o
LOAD ./CMSIS-FreeRTOS/Source/cmsis_os2.o
LOAD ./CMSIS-FreeRTOS/Source/os_systick.o
START GROUP
LOAD c:/program files (x86)/gnu tools arm embedded/7 2018-q2-update/bin/../lib/gcc/arm-none-eabi/7.3.1/thumb/v7e-m\libgcc.a
LOAD c:/program files (x86)/gnu tools arm embedded/7 2018-q2-update/bin/../lib/gcc/arm-none-eabi/7.3.1/../../../../arm-none-eabi/lib/thumb/v7e-m\libg_nano.a
LOAD c:/program files (x86)/gnu tools arm embedded/7 2018-q2-update/bin/../lib/gcc/arm-none-eabi/7.3.1/../../../../arm-none-eabi/lib/thumb/v7e-m\libc_nano.a
END GROUP
START GROUP
LOAD c:/program files (x86)/gnu tools arm embedded/7 2018-q2-update/bin/../lib/gcc/arm-none-eabi/7.3.1/thumb/v7e-m\libgcc.a
LOAD c:/program files (x86)/gnu tools arm embedded/7 2018-q2-update/bin/../lib/gcc/arm-none-eabi/7.3.1/../../../../arm-none-eabi/lib/thumb/v7e-m\libc_nano.a
LOAD c:/program files (x86)/gnu tools arm embedded/7 2018-q2-update/bin/../lib/gcc/arm-none-eabi/7.3.1/../../../../arm-none-eabi/lib/thumb/v7e-m\libnosys.a
END GROUP
START GROUP
LOAD c:/program files (x86)/gnu tools arm embedded/7 2018-q2-update/bin/../lib/gcc/arm-none-eabi/7.3.1/thumb/v7e-m\libgcc.a
LOAD c:/program files (x86)/gnu tools arm embedded/7 2018-q2-update/bin/../lib/gcc/arm-none-eabi/7.3.1/../../../../arm-none-eabi/lib/thumb/v7e-m\libc_nano.a
LOAD c:/program files (x86)/gnu tools arm embedded/7 2018-q2-update/bin/../lib/gcc/arm-none-eabi/7.3.1/../../../../arm-none-eabi/lib/thumb/v7e-m\libnosys.a
END GROUP
                0x00e00000                __MCU_MTD_PARTITION_OFFSET__ = 0xe00000
                0x000ff000                __MCU_MTD_PARTITION_SIZE__ = 0xff000
                0x0c0e0000                __GPM_RAM_BASE__ = 0xc0e0000
                0x00020000                __GPM_RAM_SIZE__ = 0x20000
                0x00000400                __STACK_SIZE = 0x400
                0x08000000                __MCU_MTD_PARTITION_BASE__ = 0x8000000
                0x00000200                __HEADER_SIZE__ = 0x200
                0x00000400                __UNCACHED_SIZE__ = 0x400
                0x08e00200                __UNCACHED_ORIGIN__ = ((__MCU_MTD_PARTITION_BASE__ + __MCU_MTD_PARTITION_OFFSET__) + __HEADER_SIZE__)
                0x18e00600                __FLASH_ORIGIN__ = ((__UNCACHED_ORIGIN__ + __UNCACHED_SIZE__) + 0x10000000)
                0x00010000                __RESERVED_GPM_RAM_SIZE__ = DEFINED (__RESERVED_GPM_RAM_SIZE__)?__RESERVED_GPM_RAM_SIZE__:(__GPM_RAM_SIZE__ / 0x2)
                0x00000080                __MBOX_MEM_LENGTH__ = 0x80

.uncached       0x08e00200      0x328
                0x08e00200                __uncached_start__ = .
 *(.vectors)
 .vectors       0x08e00200      0x180 ./Chipset/Source/startup_ALT125x.o
                0x08e00200                __Vectors
                0x08e00380                __end__ = .
 *(.uncached*)
 .uncached      0x08e00380      0x16c ./Chipset/Source/startup_ALT125x.o
                0x08e00380                Reset_Handler
 *fill*         0x08e004ec        0x4 
 .uncached.__stub
                0x08e004f0       0x38 linker stubs
                0x08e00528                __uncached_end__ = .
                0x00000001                ASSERT ((LENGTH (UNCACHED) >= (__uncached_end__ - __uncached_start__)), UNCACHED memory overflowed)

.text           0x18e00600    0x12e5c load address 0x08e00600
 *(.text*)
 .text.Get_Resource
                0x18e00600       0x14 ./serial/serial.o
 .text.Get_System_Clock
                0x18e00614        0xc ./serial/serial.o
 .text.Get_Ref_Clock
                0x18e00620        0x8 ./serial/serial.o
 .text.UART_EventCallback
                0x18e00628       0x30 ./serial/serial.o
 .text.serial_open
                0x18e00658       0xe8 ./serial/serial.o
                0x18e00658                serial_open
 .text.serial_read
                0x18e00740       0x6a ./serial/serial.o
                0x18e00740                serial_read
 *fill*         0x18e007aa        0x2 
 .text.dump_statistics
                0x18e007ac       0x84 ./serial/serial.o
                0x18e007ac                dump_statistics
 .text.fastlz1_compress
                0x18e00830      0x368 ./pwrmanager/src/fastlz.o
 .text.fastlz1_decompress
                0x18e00b98      0x144 ./pwrmanager/src/fastlz.o
 .text.fastlz_decompress_internal
                0x18e00cdc       0x20 ./pwrmanager/src/fastlz.o
                0x18e00cdc                fastlz_decompress_internal
 .text.fastlz_compress_level
                0x18e00cfc       0x26 ./pwrmanager/src/fastlz.o
                0x18e00cfc                fastlz_compress_level
 .text.ZeroFreeMem
                0x18e00d22       0x2c ./pwrmanager/src/hibernate.o
 .text.GetFreeStack
                0x18e00d4e       0x4e ./pwrmanager/src/hibernate.o
 .text.GetFreeList
                0x18e00d9c       0x14 ./pwrmanager/src/hibernate.o
 .text.DecompressPartial
                0x18e00db0       0x4c ./pwrmanager/src/hibernate.o
 .text.hibernate_to_flash
                0x18e00dfc       0x84 ./pwrmanager/src/hibernate.o
                0x18e00dfc                hibernate_to_flash
 .text.hibernate_from_flash
                0x18e00e80       0x40 ./pwrmanager/src/hibernate.o
                0x18e00e80                hibernate_from_flash
 .text.hibernate_prepare_flash_space
                0x18e00ec0      0x110 ./pwrmanager/src/hibernate.o
                0x18e00ec0                hibernate_prepare_flash_space
 .text.probe_flash_offset
                0x18e00fd0       0x60 ./pwrmanager/src/hibernate.o
                0x18e00fd0                probe_flash_offset
 .text.hibernate_to_gpm
                0x18e01030       0xc4 ./pwrmanager/src/hibernate.o
                0x18e01030                hibernate_to_gpm
 .text.hibernate_from_gpm
                0x18e010f4       0x18 ./pwrmanager/src/hibernate.o
                0x18e010f4                hibernate_from_gpm
 .text.pm_sleep_enable
                0x18e0110c       0x14 ./pwrmanager/src/pwr_mngr.o
 .text.pm_sleep_disable
                0x18e01120       0x18 ./pwrmanager/src/pwr_mngr.o
 .text.update_sleep_manager_counter
                0x18e01138       0x44 ./pwrmanager/src/pwr_mngr.o
 .text.pwr_check_uart_inactive_time
                0x18e0117c       0x4c ./pwrmanager/src/pwr_mngr.o
 .text.pm_conf_init
                0x18e011c8       0x54 ./pwrmanager/src/pwr_mngr.o
 .text.pwr_mngr_check_mon_gpio_busy
                0x18e0121c       0x5c ./pwrmanager/src/pwr_mngr.o
 .text.pwr_mngr_conf_get_sleep
                0x18e01278        0xc ./pwrmanager/src/pwr_mngr.o
                0x18e01278                pwr_mngr_conf_get_sleep
 .text.pwr_mngr_enable_sleep
                0x18e01284       0x40 ./pwrmanager/src/pwr_mngr.o
                0x18e01284                pwr_mngr_enable_sleep
 .text.pwr_mngr_conf_set_mode
                0x18e012c4       0x38 ./pwrmanager/src/pwr_mngr.o
                0x18e012c4                pwr_mngr_conf_set_mode
 .text.pwr_mngr_conf_get_settings
                0x18e012fc       0x24 ./pwrmanager/src/pwr_mngr.o
                0x18e012fc                pwr_mngr_conf_get_settings
 .text.pwr_mngr_pre_sleep_process
                0x18e01320       0x2c ./pwrmanager/src/pwr_mngr.o
                0x18e01320                pwr_mngr_pre_sleep_process
 .text.pwr_mngr_post_sleep_process
                0x18e0134c       0x28 ./pwrmanager/src/pwr_mngr.o
                0x18e0134c                pwr_mngr_post_sleep_process
 .text.pwr_mngr_refresh_uart_inactive_time
                0x18e01374       0x1c ./pwrmanager/src/pwr_mngr.o
                0x18e01374                pwr_mngr_refresh_uart_inactive_time
 .text.pwr_mngr_clr_prevent_sleep_cntr
                0x18e01390       0x14 ./pwrmanager/src/pwr_mngr.o
                0x18e01390                pwr_mngr_clr_prevent_sleep_cntr
 .text.pwr_mngr_check_allow2sleep
                0x18e013a4       0x8c ./pwrmanager/src/pwr_mngr.o
                0x18e013a4                pwr_mngr_check_allow2sleep
 .text.pwr_mngr_enter_sleep
                0x18e01430       0x88 ./pwrmanager/src/pwr_mngr.o
                0x18e01430                pwr_mngr_enter_sleep
 .text.pwr_mngr_init
                0x18e014b8       0x48 ./pwrmanager/src/pwr_mngr.o
                0x18e014b8                pwr_mngr_init
 .text.smngr_init
                0x18e01500       0x3c ./pwrmanager/src/sleep_mngr.o
                0x18e01500                smngr_init
 .text.smngr_is_dev_busy
                0x18e0153c       0x44 ./pwrmanager/src/sleep_mngr.o
                0x18e0153c                smngr_is_dev_busy
 .text.sleep_notify_init
                0x18e01580       0x58 ./pwrmanager/src/sleep_notify.o
                0x18e01580                sleep_notify_init
 .text.sleep_notify
                0x18e015d8       0x38 ./pwrmanager/src/sleep_notify.o
                0x18e015d8                sleep_notify
 .text._out_buffer
                0x18e01610        0x8 ./printf/printf.o
 .text._out_null
                0x18e01618        0x2 ./printf/printf.o
 .text._atoi    0x18e0161a       0x24 ./printf/printf.o
 .text._out_rev
                0x18e0163e       0x74 ./printf/printf.o
 .text._ntoa_format
                0x18e016b2      0x138 ./printf/printf.o
 .text._ntoa_long
                0x18e017ea       0x92 ./printf/printf.o
 .text._ntoa_long_long
                0x18e0187c       0xbc ./printf/printf.o
 .text._etoa    0x18e01938      0x3e8 ./printf/printf.o
 .text._ftoa    0x18e01d20      0x360 ./printf/printf.o
 .text._vsnprintf
                0x18e02080      0x6dc ./printf/printf.o
 .text._out_char
                0x18e0275c        0xc ./printf/printf.o
 .text.printf_  0x18e02768       0x2c ./printf/printf.o
                0x18e02768                printf_
 .text.sprintf_
                0x18e02794       0x2c ./printf/printf.o
                0x18e02794                sprintf_
 .text.snprintf_
                0x18e027c0       0x28 ./printf/printf.o
                0x18e027c0                snprintf_
 .text.alt_osal_timer_callback
                0x18e027e8       0x10 ./osal/Source/freertos_osal.o
 .text.alt_osal_irq_context
                0x18e027f8       0x2c ./osal/Source/freertos_osal.o
                0x18e027f8                alt_osal_irq_context
 .text.alt_osal_create_task
                0x18e02824       0xd8 ./osal/Source/freertos_osal.o
                0x18e02824                alt_osal_create_task
 .text.alt_osal_list_task
                0x18e028fc       0x12 ./osal/Source/freertos_osal.o
                0x18e028fc                alt_osal_list_task
 .text.alt_osal_create_mutex
                0x18e0290e       0xaa ./osal/Source/freertos_osal.o
                0x18e0290e                alt_osal_create_mutex
 .text.alt_osal_lock_mutex
                0x18e029b8       0xbc ./osal/Source/freertos_osal.o
                0x18e029b8                alt_osal_lock_mutex
 .text.alt_osal_unlock_mutex
                0x18e02a74       0x90 ./osal/Source/freertos_osal.o
                0x18e02a74                alt_osal_unlock_mutex
 .text.alt_osal_create_timer
                0x18e02b04       0xcc ./osal/Source/freertos_osal.o
                0x18e02b04                alt_osal_create_timer
 .text.alt_osal_start_timer
                0x18e02bd0       0x74 ./osal/Source/freertos_osal.o
                0x18e02bd0                alt_osal_start_timer
 .text.alt_osal_stop_timer
                0x18e02c44       0x80 ./osal/Source/freertos_osal.o
                0x18e02c44                alt_osal_stop_timer
 .text.alt_osal_clear_taskflag
                0x18e02cc4       0x5e ./osal/Source/freertos_osal.o
                0x18e02cc4                alt_osal_clear_taskflag
 *fill*         0x18e02d22        0x2 
 .text.alt_osal_set_taskflag
                0x18e02d24       0x88 ./osal/Source/freertos_osal.o
                0x18e02d24                alt_osal_set_taskflag
 .text.alt_osal_wait_taskflag
                0x18e02dac       0xa8 ./osal/Source/freertos_osal.o
                0x18e02dac                alt_osal_wait_taskflag
 .text.alt_osal_get_current_task_handle
                0x18e02e54        0x8 ./osal/Source/freertos_osal.o
                0x18e02e54                alt_osal_get_current_task_handle
 .text.alt_osal_enter_critital_section
                0x18e02e5c        0x8 ./osal/Source/freertos_osal.o
                0x18e02e5c                alt_osal_enter_critital_section
 .text.alt_osal_exit_critital_section
                0x18e02e64        0x8 ./osal/Source/freertos_osal.o
                0x18e02e64                alt_osal_exit_critital_section
 .text.alt_osal_get_tick_count
                0x18e02e6c       0x14 ./osal/Source/freertos_osal.o
                0x18e02e6c                alt_osal_get_tick_count
 .text.alt_osal_enter_critical
                0x18e02e80       0x26 ./osal/Source/freertos_osal.o
                0x18e02e80                alt_osal_enter_critical
 .text.alt_osal_exit_critical
                0x18e02ea6       0x16 ./osal/Source/freertos_osal.o
                0x18e02ea6                alt_osal_exit_critical
 .text.alt_osal_is_inside_interrupt
                0x18e02ebc        0xe ./osal/Source/freertos_osal.o
                0x18e02ebc                alt_osal_is_inside_interrupt
 .text.alt_osal_get_tasks_status
                0x18e02eca       0x60 ./osal/Source/freertos_osal.o
                0x18e02eca                alt_osal_get_tasks_status
 *fill*         0x18e02f2a        0x2 
 .text.do_ver   0x18e02f2c       0x1c ./miniconsole/mini_console.o
                0x18e02f2c                do_ver
 .text.do_mem_info
                0x18e02f48       0x34 ./miniconsole/mini_console.o
                0x18e02f48                do_mem_info
 .text.do_ps    0x18e02f7c       0x24 ./miniconsole/mini_console.o
                0x18e02f7c                do_ps
 .text.do_serialinfo
                0x18e02fa0       0x44 ./miniconsole/mini_console.o
                0x18e02fa0                do_serialinfo
 .text.hifc_print_stat
                0x18e02fe4      0x16c ./miniconsole/mini_console.o
 .text.do_hifc  0x18e03150       0xfc ./miniconsole/mini_console.o
                0x18e03150                do_hifc
 .text.do_time  0x18e0324c      0x160 ./miniconsole/mini_console.o
                0x18e0324c                do_time
 .text.do_reset
                0x18e033ac       0x18 ./miniconsole/mini_console.o
                0x18e033ac                do_reset
 .text.do_hibernate
                0x18e033c4       0xf0 ./miniconsole/mini_console.o
                0x18e033c4                do_hibernate
 .text.mini_console_ext
                0x18e034b4       0x50 ./miniconsole/mini_console.o
                0x18e034b4                mini_console_ext
 .text.mini_console
                0x18e03504        0xa ./miniconsole/mini_console.o
                0x18e03504                mini_console
 *fill*         0x18e0350e        0x2 
 .text.print_menu_header
                0x18e03510       0x30 ./miniconsole/mini_console.o
                0x18e03510                print_menu_header
 .text.print_help_menu
                0x18e03540       0x30 ./miniconsole/mini_console.o
                0x18e03540                print_help_menu
 .text.leagal_address
                0x18e03570       0x96 ./miniconsole/mini_console.o
                0x18e03570                leagal_address
 *fill*         0x18e03606        0x2 
 .text.do_read  0x18e03608       0x34 ./miniconsole/mini_console.o
                0x18e03608                do_read
 .text.do_write
                0x18e0363c       0x30 ./miniconsole/mini_console.o
                0x18e0363c                do_write
 .text.replace_line
                0x18e0366c       0x88 ./miniconsole/mini_console.o
                0x18e0366c                replace_line
 .text.serial_gets
                0x18e036f4      0x374 ./miniconsole/mini_console.o
                0x18e036f4                serial_gets
 .text.prvMiniConsoleTask
                0x18e03a68       0xd4 ./miniconsole/mini_console.o
 .text.hifc_mi_utx_set
                0x18e03b3c        0x2 ./hifc/mi/hifc_mi.o
                0x18e03b3c                hifc_mi_utx_set
 .text.hifc_mi_urx_init
                0x18e03b3e        0x2 ./hifc/mi/hifc_mi.o
                0x18e03b3e                hifc_mi_urx_init
 .text.hifc_mi_urx_isr_deinit
                0x18e03b40        0x2 ./hifc/mi/hifc_mi.o
                0x18e03b40                hifc_mi_urx_isr_deinit
 .text.hifc_mi_txrx_to_uart
                0x18e03b42        0x2 ./hifc/mi/hifc_mi.o
                0x18e03b42                hifc_mi_txrx_to_uart
 .text.hifc_mi_txrx_to_gpio
                0x18e03b44        0x2 ./hifc/mi/hifc_mi.o
                0x18e03b44                hifc_mi_txrx_to_gpio
 .text.hifc_mi_disableRts
                0x18e03b46        0x2 ./hifc/mi/hifc_mi.o
                0x18e03b46                hifc_mi_disableRts
 .text.hifc_mi_enableRts
                0x18e03b48        0x2 ./hifc/mi/hifc_mi.o
                0x18e03b48                hifc_mi_enableRts
 .text.hifc_mi_enableTxRx
                0x18e03b4a        0x2 ./hifc/mi/hifc_mi.o
                0x18e03b4a                hifc_mi_enableTxRx
 .text.hifc_mi_disableTxRx
                0x18e03b4c        0x2 ./hifc/mi/hifc_mi.o
                0x18e03b4c                hifc_mi_disableTxRx
 *fill*         0x18e03b4e        0x2 
 .text.MAILBOX_IRQHandler
                0x18e03b50       0x18 ./hifc/mi/hifc_mi.o
                0x18e03b50                MAILBOX_IRQHandler
 .text.hifc_mi_h2m_set
                0x18e03b68       0x2c ./hifc/mi/hifc_mi.o
                0x18e03b68                hifc_mi_h2m_set
 .text.hifc_mi_m2h_init
                0x18e03b94       0x28 ./hifc/mi/hifc_mi.o
                0x18e03b94                hifc_mi_m2h_init
 .text.hifc_mi_m2h_isr_deinit
                0x18e03bbc        0xa ./hifc/mi/hifc_mi.o
                0x18e03bbc                hifc_mi_m2h_isr_deinit
 .text.hifc_mi_is_tx_empty
                0x18e03bc6        0x8 ./hifc/mi/hifc_mi.o
                0x18e03bc6                hifc_mi_is_tx_empty
 .text.enable_TxDataRegEmptyInterrupt
                0x18e03bce        0x2 ./hifc/mi/hifc_mi.o
                0x18e03bce                enable_TxDataRegEmptyInterrupt
 .text.is_hwflow_on
                0x18e03bd0        0x6 ./hifc/mi/hifc_mi.o
                0x18e03bd0                is_hwflow_on
 .text.get_pin_value
                0x18e03bd6       0x20 ./hifc/mi/hifc_mi.o
                0x18e03bd6                get_pin_value
 *fill*         0x18e03bf6        0x2 
 .text.init_mi  0x18e03bf8       0x84 ./hifc/mi/hifc_mi.o
                0x18e03bf8                init_mi
 .text.set_if_state
                0x18e03c7c        0xc ./hifc/core/hifc_api.o
 .text.hifc_get_host_interface_state
                0x18e03c88        0xc ./hifc/core/hifc_api.o
 .text.hifc_set_host_interface_state
                0x18e03c94        0xc ./hifc/core/hifc_api.o
 .text.get_hifc_mode
                0x18e03ca0        0xc ./hifc/core/hifc_api.o
 .text.get_reset_timer_period
                0x18e03cac       0x2c ./hifc/core/hifc_api.o
 .text.hifc_host_interface_init
                0x18e03cd8       0xd0 ./hifc/core/hifc_api.o
                0x18e03cd8                hifc_host_interface_init
 .text.get_if_state
                0x18e03da8        0xc ./hifc/core/hifc_api.o
                0x18e03da8                get_if_state
 .text.isHifcPort
                0x18e03db4       0x28 ./hifc/core/hifc_api.o
                0x18e03db4                isHifcPort
 .text.clear_hifc_status_report
                0x18e03ddc       0x1c ./hifc/core/hifc_api.o
                0x18e03ddc                clear_hifc_status_report
 .text.get_hifc_status_report
                0x18e03df8       0x88 ./hifc/core/hifc_api.o
                0x18e03df8                get_hifc_status_report
 .text.generic_reset_inactivity_timer
                0x18e03e80       0x64 ./hifc/core/hifc_api.o
                0x18e03e80                generic_reset_inactivity_timer
 .text.hifc_cmode_resume_time_isr
                0x18e03ee4       0x20 ./hifc/core/hifc_api.o
                0x18e03ee4                hifc_cmode_resume_time_isr
 .text.hifc_host_resume_sm
                0x18e03f04      0x130 ./hifc/core/hifc_api.o
 .text.hifc_host_resume
                0x18e04034       0x48 ./hifc/core/hifc_api.o
 .text.force_host_resume
                0x18e0407c       0x34 ./hifc/core/hifc_api.o
                0x18e0407c                force_host_resume
 .text.hifc_modem_resume_sm
                0x18e040b0       0xf4 ./hifc/core/hifc_api.o
 .text.hifc_host_suspend_sm
                0x18e041a4       0xf8 ./hifc/core/hifc_api.o
 .text.hifc_host_suspend
                0x18e0429c       0x40 ./hifc/core/hifc_api.o
 .text.hifc_protocol_timeout_isr
                0x18e042dc       0xc4 ./hifc/core/hifc_api.o
                0x18e042dc                hifc_protocol_timeout_isr
 .text.force_host_suspend
                0x18e043a0       0x4c ./hifc/core/hifc_api.o
                0x18e043a0                force_host_suspend
 .text.hifc_urx_level_change_callback
                0x18e043ec       0x44 ./hifc/core/hifc_api.o
 .text.hifc_m2h_level_change_callback
                0x18e04430       0x44 ./hifc/core/hifc_api.o
 .text.set_hifc_mode
                0x18e04474       0x40 ./hifc/core/hifc_api.o
                0x18e04474                set_hifc_mode
 .text.hifc_inactivity_timeout_isr
                0x18e044b4       0x70 ./hifc/core/hifc_api.o
                0x18e044b4                hifc_inactivity_timeout_isr
 .text.set_inactivity_timer
                0x18e04524       0x94 ./hifc/core/hifc_api.o
                0x18e04524                set_inactivity_timer
 .text.request_to_send
                0x18e045b8       0x48 ./hifc/core/hifc_api.o
                0x18e045b8                request_to_send
 .text.gpio_test_interrupt_handler
                0x18e04600       0x10 ./example/gpio_mini_console.o
 .text.parse_arg
                0x18e04610       0x84 ./example/gpio_mini_console.o
 .text.print_gpio_err
                0x18e04694       0x74 ./example/gpio_mini_console.o
                0x18e04694                print_gpio_err
 .text.do_lsgpio
                0x18e04708      0x134 ./example/gpio_mini_console.o
                0x18e04708                do_lsgpio
 .text.do_opengpio
                0x18e0483c       0x6c ./example/gpio_mini_console.o
                0x18e0483c                do_opengpio
 .text.do_gpio  0x18e048a8      0x3a0 ./example/gpio_mini_console.o
                0x18e048a8                do_gpio
 .text.main     0x18e04c48       0x14 ./example/main.o
                0x18e04c48                main
 .text.common_platform_initialize
                0x18e04c5c       0x14 ./applib/applib.o
 .text._start   0x18e04c70       0x64 ./applib/applib.o
                0x18e04c70                _start
 .text.bt_fn    0x18e04cd4       0x58 ./applib/backtrace.o
                0x18e04cd4                bt_fn
 .text.dump_backtrace
                0x18e04d2c       0x2c ./applib/backtrace.o
                0x18e04d2c                dump_backtrace
 .text.prvGetRegistersFromStack
                0x18e04d58      0x194 ./applib/fault_handler.o
                0x18e04d58                prvGetRegistersFromStack
 .text.HardFault_Handler
                0x18e04eec       0x1a ./applib/fault_handler.o
                0x18e04eec                HardFault_Handler
 *fill*         0x18e04f06        0x2 
 .text.Default_Handler
                0x18e04f08       0x18 ./applib/fault_handler.o
                0x18e04f08                Default_Handler
 .text.portASSERT
                0x18e04f20        0x4 ./applib/fault_handler.o
                0x18e04f20                portASSERT
 .text.vApplicationMallocFailedHook
                0x18e04f24       0x18 ./applib/fault_handler.o
                0x18e04f24                vApplicationMallocFailedHook
 .text.vApplicationStackOverflowHook
                0x18e04f3c       0x18 ./applib/fault_handler.o
                0x18e04f3c                vApplicationStackOverflowHook
 .text.newlib_set_stdout_port
                0x18e04f54       0x18 ./applib/newlibPort.o
                0x18e04f54                newlib_set_stdout_port
 .text._putchar
                0x18e04f6c       0x18 ./applib/newlibPort.o
                0x18e04f6c                _putchar
 .text._write   0x18e04f84       0x30 ./applib/newlibPort.o
                0x18e04f84                _write
 .text.machine_reset
                0x18e04fb4       0x42 ./applib/reset.o
                0x18e04fb4                machine_reset
 *fill*         0x18e04ff6        0x2 
 .text.update_system_time
                0x18e04ff8       0x38 ./applib/timex.o
 .text.time     0x18e05030       0x38 ./applib/timex.o
                0x18e05030                time
 .text.stime    0x18e05068       0x30 ./applib/timex.o
                0x18e05068                stime
 .text.uptime   0x18e05098       0x1c ./applib/timex.o
                0x18e05098                uptime
 .text.vApplicationTickHook
                0x18e050b4       0xe0 ./applib/timex.o
                0x18e050b4                vApplicationTickHook
 .text.trace_tick_count
                0x18e05194       0xfc ./applib/timex.o
                0x18e05194                trace_tick_count
 .text._sbrk_r  0x18e05290       0x68 ./FreeRTOS/FreeRTOS/portable/MemMang/heap_useNewlib.o
                0x18e05290                _sbrk_r
 .text.__malloc_lock
                0x18e052f8       0x24 ./FreeRTOS/FreeRTOS/portable/MemMang/heap_useNewlib.o
                0x18e052f8                __malloc_lock
 .text.__malloc_unlock
                0x18e0531c        0x8 ./FreeRTOS/FreeRTOS/portable/MemMang/heap_useNewlib.o
                0x18e0531c                __malloc_unlock
 .text.__env_lock
                0x18e05324        0x8 ./FreeRTOS/FreeRTOS/portable/MemMang/heap_useNewlib.o
                0x18e05324                __env_lock
 .text.__env_unlock
                0x18e0532c        0x8 ./FreeRTOS/FreeRTOS/portable/MemMang/heap_useNewlib.o
                0x18e0532c                __env_unlock
 .text.newlib_malloc_fragmentation
                0x18e05334       0x84 ./FreeRTOS/FreeRTOS/portable/MemMang/heap_useNewlib.o
                0x18e05334                newlib_malloc_fragmentation
 .text.get_unused_heap_mem
                0x18e053b8       0x64 ./FreeRTOS/FreeRTOS/portable/MemMang/heap_useNewlib.o
                0x18e053b8                get_unused_heap_mem
 .text.pvPortMalloc
                0x18e0541c       0x14 ./FreeRTOS/FreeRTOS/portable/MemMang/heap_useNewlib.o
                0x18e0541c                pvPortMalloc
 .text.vPortFree
                0x18e05430        0xc ./FreeRTOS/FreeRTOS/portable/MemMang/heap_useNewlib.o
                0x18e05430                vPortFree
 .text.xPortGetFreeHeapSize
                0x18e0543c       0x1c ./FreeRTOS/FreeRTOS/portable/MemMang/heap_useNewlib.o
                0x18e0543c                xPortGetFreeHeapSize
 .text.vPortSuppressTicksAndSleep
                0x18e05458      0x300 ./FreeRTOS/FreeRTOS/portable/GCC/ARM_CM3/alt125x_tickless_sleep.o
                0x18e05458                vPortSuppressTicksAndSleep
 .text.vPortSetupTimerInterrupt
                0x18e05758       0x64 ./FreeRTOS/FreeRTOS/portable/GCC/ARM_CM3/alt125x_tickless_sleep.o
                0x18e05758                vPortSetupTimerInterrupt
 .text.prvPortStartFirstTask
                0x18e057bc       0x20 ./FreeRTOS/FreeRTOS/portable/GCC/ARM_CM3/port.o
 .text.prvTaskExitError
                0x18e057dc       0x48 ./FreeRTOS/FreeRTOS/portable/GCC/ARM_CM3/port.o
 .text.pxPortInitialiseStack
                0x18e05824       0x24 ./FreeRTOS/FreeRTOS/portable/GCC/ARM_CM3/port.o
                0x18e05824                pxPortInitialiseStack
 *fill*         0x18e05848        0x8 
 .text.SVC_Handler
                0x18e05850       0x24 ./FreeRTOS/FreeRTOS/portable/GCC/ARM_CM3/port.o
                0x18e05850                SVC_Handler
 .text.vPortEnterCritical
                0x18e05874       0x48 ./FreeRTOS/FreeRTOS/portable/GCC/ARM_CM3/port.o
                0x18e05874                vPortEnterCritical
 .text.vPortExitCritical
                0x18e058bc       0x30 ./FreeRTOS/FreeRTOS/portable/GCC/ARM_CM3/port.o
                0x18e058bc                vPortExitCritical
 *fill*         0x18e058ec        0x4 
 .text.PendSV_Handler
                0x18e058f0       0x44 ./FreeRTOS/FreeRTOS/portable/GCC/ARM_CM3/port.o
                0x18e058f0                PendSV_Handler
 .text.xPortSysTickHandler
                0x18e05934       0x2c ./FreeRTOS/FreeRTOS/portable/GCC/ARM_CM3/port.o
                0x18e05934                xPortSysTickHandler
 .text.xPortStartScheduler
                0x18e05960       0xbc ./FreeRTOS/FreeRTOS/portable/GCC/ARM_CM3/port.o
                0x18e05960                xPortStartScheduler
 .text.vPortValidateInterruptPriority
                0x18e05a1c       0x64 ./FreeRTOS/FreeRTOS/portable/GCC/ARM_CM3/port.o
                0x18e05a1c                vPortValidateInterruptPriority
 .text.vListInitialise
                0x18e05a80       0x16 ./FreeRTOS/FreeRTOS/list.o
                0x18e05a80                vListInitialise
 .text.vListInitialiseItem
                0x18e05a96        0x6 ./FreeRTOS/FreeRTOS/list.o
                0x18e05a96                vListInitialiseItem
 .text.vListInsertEnd
                0x18e05a9c       0x18 ./FreeRTOS/FreeRTOS/list.o
                0x18e05a9c                vListInsertEnd
 .text.vListInsert
                0x18e05ab4       0x34 ./FreeRTOS/FreeRTOS/list.o
                0x18e05ab4                vListInsert
 .text.uxListRemove
                0x18e05ae8       0x28 ./FreeRTOS/FreeRTOS/list.o
                0x18e05ae8                uxListRemove
 .text.prvGetDisinheritPriorityAfterTimeout
                0x18e05b10       0x12 ./FreeRTOS/FreeRTOS/queue.o
 .text.prvIsQueueFull
                0x18e05b22       0x1e ./FreeRTOS/FreeRTOS/queue.o
 .text.prvIsQueueEmpty
                0x18e05b40       0x1a ./FreeRTOS/FreeRTOS/queue.o
 .text.prvCopyDataToQueue
                0x18e05b5a       0x76 ./FreeRTOS/FreeRTOS/queue.o
 .text.prvCopyDataFromQueue
                0x18e05bd0       0x24 ./FreeRTOS/FreeRTOS/queue.o
 .text.prvUnlockQueue
                0x18e05bf4       0x6e ./FreeRTOS/FreeRTOS/queue.o
 *fill*         0x18e05c62        0x2 
 .text.xQueueGenericReset
                0x18e05c64       0x88 ./FreeRTOS/FreeRTOS/queue.o
                0x18e05c64                xQueueGenericReset
 .text.prvInitialiseNewQueue
                0x18e05cec       0x22 ./FreeRTOS/FreeRTOS/queue.o
 *fill*         0x18e05d0e        0x2 
 .text.xQueueGenericCreateStatic
                0x18e05d10       0x98 ./FreeRTOS/FreeRTOS/queue.o
                0x18e05d10                xQueueGenericCreateStatic
 .text.xQueueGenericCreate
                0x18e05da8       0x80 ./FreeRTOS/FreeRTOS/queue.o
                0x18e05da8                xQueueGenericCreate
 .text.xQueueGenericSend
                0x18e05e28      0x184 ./FreeRTOS/FreeRTOS/queue.o
                0x18e05e28                xQueueGenericSend
 .text.prvInitialiseMutex
                0x18e05fac       0x18 ./FreeRTOS/FreeRTOS/queue.o
 .text.xQueueCreateMutex
                0x18e05fc4       0x16 ./FreeRTOS/FreeRTOS/queue.o
                0x18e05fc4                xQueueCreateMutex
 .text.xQueueCreateMutexStatic
                0x18e05fda       0x1e ./FreeRTOS/FreeRTOS/queue.o
                0x18e05fda                xQueueCreateMutexStatic
 .text.xQueueGiveMutexRecursive
                0x18e05ff8       0x44 ./FreeRTOS/FreeRTOS/queue.o
                0x18e05ff8                xQueueGiveMutexRecursive
 .text.xQueueGenericSendFromISR
                0x18e0603c       0xec ./FreeRTOS/FreeRTOS/queue.o
                0x18e0603c                xQueueGenericSendFromISR
 .text.xQueueGiveFromISR
                0x18e06128       0xcc ./FreeRTOS/FreeRTOS/queue.o
                0x18e06128                xQueueGiveFromISR
 .text.xQueueReceive
                0x18e061f4      0x160 ./FreeRTOS/FreeRTOS/queue.o
                0x18e061f4                xQueueReceive
 .text.xQueueSemaphoreTake
                0x18e06354      0x1a8 ./FreeRTOS/FreeRTOS/queue.o
                0x18e06354                xQueueSemaphoreTake
 .text.xQueueTakeMutexRecursive
                0x18e064fc       0x48 ./FreeRTOS/FreeRTOS/queue.o
                0x18e064fc                xQueueTakeMutexRecursive
 .text.xQueueReceiveFromISR
                0x18e06544       0xc4 ./FreeRTOS/FreeRTOS/queue.o
                0x18e06544                xQueueReceiveFromISR
 .text.vQueueAddToRegistry
                0x18e06608       0x28 ./FreeRTOS/FreeRTOS/queue.o
                0x18e06608                vQueueAddToRegistry
 .text.vQueueWaitForMessageRestricted
                0x18e06630       0x52 ./FreeRTOS/FreeRTOS/queue.o
                0x18e06630                vQueueWaitForMessageRestricted
 *fill*         0x18e06682        0x2 
 .text.prvGetExpectedIdleTime
                0x18e06684       0x4c ./FreeRTOS/FreeRTOS/tasks.o
 .text.prvTaskCheckFreeStackSpace
                0x18e066d0       0x14 ./FreeRTOS/FreeRTOS/tasks.o
 .text.prvResetNextTaskUnblockTime
                0x18e066e4       0x28 ./FreeRTOS/FreeRTOS/tasks.o
 .text.prvInitialiseNewTask
                0x18e0670c      0x10a ./FreeRTOS/FreeRTOS/tasks.o
 *fill*         0x18e06816        0x2 
 .text.prvInitialiseTaskLists
                0x18e06818       0x68 ./FreeRTOS/FreeRTOS/tasks.o
 .text.prvAddNewTaskToReadyList
                0x18e06880       0xac ./FreeRTOS/FreeRTOS/tasks.o
 .text.prvDeleteTCB
                0x18e0692c       0x48 ./FreeRTOS/FreeRTOS/tasks.o
 .text.prvCheckTasksWaitingTermination
                0x18e06974       0x4c ./FreeRTOS/FreeRTOS/tasks.o
 .text.prvAddCurrentTaskToDelayedList
                0x18e069c0       0x7c ./FreeRTOS/FreeRTOS/tasks.o
 .text.prvWriteNameToBuffer
                0x18e06a3c       0x22 ./FreeRTOS/FreeRTOS/tasks.o
 *fill*         0x18e06a5e        0x2 
 .text.xTaskCreateStatic
                0x18e06a60       0x7c ./FreeRTOS/FreeRTOS/tasks.o
                0x18e06a60                xTaskCreateStatic
 .text.xTaskCreate
                0x18e06adc       0x68 ./FreeRTOS/FreeRTOS/tasks.o
                0x18e06adc                xTaskCreate
 .text.eTaskGetState
                0x18e06b44       0xa0 ./FreeRTOS/FreeRTOS/tasks.o
                0x18e06b44                eTaskGetState
 .text.vTaskStartScheduler
                0x18e06be4       0xa8 ./FreeRTOS/FreeRTOS/tasks.o
                0x18e06be4                vTaskStartScheduler
 .text.vTaskSuspendAll
                0x18e06c8c       0x10 ./FreeRTOS/FreeRTOS/tasks.o
                0x18e06c8c                vTaskSuspendAll
 .text.xTaskGetTickCount
                0x18e06c9c        0xc ./FreeRTOS/FreeRTOS/tasks.o
                0x18e06c9c                xTaskGetTickCount
 .text.xTaskGetTickCountFromISR
                0x18e06ca8       0x10 ./FreeRTOS/FreeRTOS/tasks.o
                0x18e06ca8                xTaskGetTickCountFromISR
 .text.vTaskStepTick
                0x18e06cb8       0x3c ./FreeRTOS/FreeRTOS/tasks.o
                0x18e06cb8                vTaskStepTick
 .text.xTaskIncrementTick
                0x18e06cf4      0x130 ./FreeRTOS/FreeRTOS/tasks.o
                0x18e06cf4                xTaskIncrementTick
 .text.xTaskResumeAll
                0x18e06e24      0x104 ./FreeRTOS/FreeRTOS/tasks.o
                0x18e06e24                xTaskResumeAll
 .text.prvIdleTask
                0x18e06f28       0x74 ./FreeRTOS/FreeRTOS/tasks.o
 .text.vTaskSwitchContext
                0x18e06f9c       0xc4 ./FreeRTOS/FreeRTOS/tasks.o
                0x18e06f9c                vTaskSwitchContext
 .text.vTaskPlaceOnEventList
                0x18e07060       0x34 ./FreeRTOS/FreeRTOS/tasks.o
                0x18e07060                vTaskPlaceOnEventList
 .text.vTaskPlaceOnEventListRestricted
                0x18e07094       0x3c ./FreeRTOS/FreeRTOS/tasks.o
                0x18e07094                vTaskPlaceOnEventListRestricted
 .text.xTaskRemoveFromEventList
                0x18e070d0       0x94 ./FreeRTOS/FreeRTOS/tasks.o
                0x18e070d0                xTaskRemoveFromEventList
 .text.vTaskInternalSetTimeOutState
                0x18e07164       0x18 ./FreeRTOS/FreeRTOS/tasks.o
                0x18e07164                vTaskInternalSetTimeOutState
 .text.xTaskCheckForTimeOut
                0x18e0717c       0x88 ./FreeRTOS/FreeRTOS/tasks.o
                0x18e0717c                xTaskCheckForTimeOut
 .text.vTaskMissedYield
                0x18e07204        0xc ./FreeRTOS/FreeRTOS/tasks.o
                0x18e07204                vTaskMissedYield
 .text.eTaskConfirmSleepModeStatus
                0x18e07210       0x48 ./FreeRTOS/FreeRTOS/tasks.o
                0x18e07210                eTaskConfirmSleepModeStatus
 .text.vTaskGetInfo
                0x18e07258       0x8c ./FreeRTOS/FreeRTOS/tasks.o
                0x18e07258                vTaskGetInfo
 .text.prvListTasksWithinSingleList
                0x18e072e4       0x5e ./FreeRTOS/FreeRTOS/tasks.o
 *fill*         0x18e07342        0x2 
 .text.uxTaskGetSystemState
                0x18e07344       0xa4 ./FreeRTOS/FreeRTOS/tasks.o
                0x18e07344                uxTaskGetSystemState
 .text.xTaskGetCurrentTaskHandle
                0x18e073e8        0xc ./FreeRTOS/FreeRTOS/tasks.o
                0x18e073e8                xTaskGetCurrentTaskHandle
 .text.xTaskGetSchedulerState
                0x18e073f4       0x20 ./FreeRTOS/FreeRTOS/tasks.o
                0x18e073f4                xTaskGetSchedulerState
 .text.xTaskPriorityInherit
                0x18e07414       0x98 ./FreeRTOS/FreeRTOS/tasks.o
                0x18e07414                xTaskPriorityInherit
 .text.xTaskPriorityDisinherit
                0x18e074ac       0x94 ./FreeRTOS/FreeRTOS/tasks.o
                0x18e074ac                xTaskPriorityDisinherit
 .text.vTaskPriorityDisinheritAfterTimeout
                0x18e07540       0xa4 ./FreeRTOS/FreeRTOS/tasks.o
                0x18e07540                vTaskPriorityDisinheritAfterTimeout
 .text.vTaskList
                0x18e075e4      0x108 ./FreeRTOS/FreeRTOS/tasks.o
                0x18e075e4                vTaskList
 .text.pvTaskIncrementMutexHeldCount
                0x18e076ec       0x1c ./FreeRTOS/FreeRTOS/tasks.o
                0x18e076ec                pvTaskIncrementMutexHeldCount
 .text.xTaskGenericNotifyWait
                0x18e07708       0xd4 ./FreeRTOS/FreeRTOS/tasks.o
                0x18e07708                xTaskGenericNotifyWait
 .text.xTaskGenericNotify
                0x18e077dc      0x14c ./FreeRTOS/FreeRTOS/tasks.o
                0x18e077dc                xTaskGenericNotify
 .text.xTaskGenericNotifyFromISR
                0x18e07928      0x180 ./FreeRTOS/FreeRTOS/tasks.o
                0x18e07928                xTaskGenericNotifyFromISR
 .text.prvGetNextExpireTime
                0x18e07aa8       0x20 ./FreeRTOS/FreeRTOS/timers.o
 .text.prvInsertTimerInActiveList
                0x18e07ac8       0x48 ./FreeRTOS/FreeRTOS/timers.o
 .text.prvCheckForValidListAndQueue
                0x18e07b10       0x70 ./FreeRTOS/FreeRTOS/timers.o
 .text.prvInitialiseNewTimer
                0x18e07b80       0x50 ./FreeRTOS/FreeRTOS/timers.o
 .text.xTimerCreateTimerTask
                0x18e07bd0       0x68 ./FreeRTOS/FreeRTOS/timers.o
                0x18e07bd0                xTimerCreateTimerTask
 .text.xTimerCreate
                0x18e07c38       0x38 ./FreeRTOS/FreeRTOS/timers.o
                0x18e07c38                xTimerCreate
 .text.xTimerCreateStatic
                0x18e07c70       0x54 ./FreeRTOS/FreeRTOS/timers.o
                0x18e07c70                xTimerCreateStatic
 .text.xTimerGenericCommand
                0x18e07cc4       0x70 ./FreeRTOS/FreeRTOS/timers.o
                0x18e07cc4                xTimerGenericCommand
 .text.prvSwitchTimerLists
                0x18e07d34       0x80 ./FreeRTOS/FreeRTOS/timers.o
 .text.prvSampleTimeNow
                0x18e07db4       0x2c ./FreeRTOS/FreeRTOS/timers.o
 .text.prvProcessExpiredTimer
                0x18e07de0       0x70 ./FreeRTOS/FreeRTOS/timers.o
 .text.prvProcessTimerOrBlockTask
                0x18e07e50       0x74 ./FreeRTOS/FreeRTOS/timers.o
 .text.prvProcessReceivedCommands
                0x18e07ec4      0x114 ./FreeRTOS/FreeRTOS/timers.o
 .text.prvTimerTask
                0x18e07fd8       0x16 ./FreeRTOS/FreeRTOS/timers.o
 *fill*         0x18e07fee        0x2 
 .text.xTimerIsTimerActive
                0x18e07ff0       0x38 ./FreeRTOS/FreeRTOS/timers.o
                0x18e07ff0                xTimerIsTimerActive
 .text.pvTimerGetTimerID
                0x18e08028       0x2c ./FreeRTOS/FreeRTOS/timers.o
                0x18e08028                pvTimerGetTimerID
 .text.DRV_IF_CFG_GetDefConfig
                0x18e08054       0xc4 ./Driver/Source/Private/ALT1250/DRV_IF_CFG.o
                0x18e08054                DRV_IF_CFG_GetDefConfig
 .text.DRV_IF_CFG_SetIO
                0x18e08118      0x130 ./Driver/Source/Private/ALT1250/DRV_IF_CFG.o
                0x18e08118                DRV_IF_CFG_SetIO
 .text.DRV_IOSEL_GetRegisterOffset
                0x18e08248       0x18 ./Driver/Source/Private/ALT1250/DRV_IOSEL.o
                0x18e08248                DRV_IOSEL_GetRegisterOffset
 .text.DRV_IOSEL_PreSleepProcess
                0x18e08260       0x34 ./Driver/Source/Private/ALT1250/DRV_IOSEL.o
                0x18e08260                DRV_IOSEL_PreSleepProcess
 .text.DRV_IOSEL_PostSleepProcess
                0x18e08294       0x34 ./Driver/Source/Private/ALT1250/DRV_IOSEL.o
                0x18e08294                DRV_IOSEL_PostSleepProcess
 .text.shadow32ktimer_IRQhandler
                0x18e082c8       0x1c ./Driver/Source/Private/DRV_32KTIMER.o
                0x18e082c8                shadow32ktimer_IRQhandler
 .text.DRV_32KTIMER_Initialize
                0x18e082e4       0x54 ./Driver/Source/Private/DRV_32KTIMER.o
                0x18e082e4                DRV_32KTIMER_Initialize
 .text.DRV_32KTIMER_GetValue
                0x18e08338        0xc ./Driver/Source/Private/DRV_32KTIMER.o
                0x18e08338                DRV_32KTIMER_GetValue
 .text.DRV_32KTIMER_Enable
                0x18e08344       0x10 ./Driver/Source/Private/DRV_32KTIMER.o
                0x18e08344                DRV_32KTIMER_Enable
 .text.DRV_32KTIMER_Disable
                0x18e08354       0x10 ./Driver/Source/Private/DRV_32KTIMER.o
                0x18e08354                DRV_32KTIMER_Disable
 .text.DRV_32KTIMER_Activate
                0x18e08364       0x18 ./Driver/Source/Private/DRV_32KTIMER.o
                0x18e08364                DRV_32KTIMER_Activate
 .text.DRV_32KTIMER_DisableInterrupt
                0x18e0837c       0x10 ./Driver/Source/Private/DRV_32KTIMER.o
                0x18e0837c                DRV_32KTIMER_DisableInterrupt
 .text.DRV_ATOM_CNTR_ClearIRQ
                0x18e0838c       0x1c ./Driver/Source/Private/DRV_ATOMIC_COUNTER.o
 .text.MIPS_alt_insert
                0x18e083a8       0x26 ./Driver/Source/Private/DRV_ATOMIC_COUNTER.o
 *fill*         0x18e083ce        0x2 
 .text.DRV_ATOM_CNTR_GetCount
                0x18e083d0       0x14 ./Driver/Source/Private/DRV_ATOMIC_COUNTER.o
                0x18e083d0                DRV_ATOM_CNTR_GetCount
 .text.DRV_ATOM_CNTR_Increment
                0x18e083e4       0x14 ./Driver/Source/Private/DRV_ATOMIC_COUNTER.o
                0x18e083e4                DRV_ATOM_CNTR_Increment
 .text.DRV_ATOM_CNTR_Decrement
                0x18e083f8       0x14 ./Driver/Source/Private/DRV_ATOMIC_COUNTER.o
                0x18e083f8                DRV_ATOM_CNTR_Decrement
 .text.DRV_ATOM_CNTR_EnableIRQ
                0x18e0840c       0x38 ./Driver/Source/Private/DRV_ATOMIC_COUNTER.o
                0x18e0840c                DRV_ATOM_CNTR_EnableIRQ
 .text.DRV_ATOM_CNTR_DisableIRQ
                0x18e08444       0x38 ./Driver/Source/Private/DRV_ATOMIC_COUNTER.o
                0x18e08444                DRV_ATOM_CNTR_DisableIRQ
 .text.DRV_ATOM_CNTR_SetIrqMode
                0x18e0847c       0x38 ./Driver/Source/Private/DRV_ATOMIC_COUNTER.o
                0x18e0847c                DRV_ATOM_CNTR_SetIrqMode
 .text.ATMCTR_MAILBOX_IRQhandler
                0x18e084b4       0x8c ./Driver/Source/Private/DRV_ATOMIC_COUNTER.o
                0x18e084b4                ATMCTR_MAILBOX_IRQhandler
 .text.DRV_ATOM_CNTR_RegisterIRQ
                0x18e08540       0x24 ./Driver/Source/Private/DRV_ATOMIC_COUNTER.o
                0x18e08540                DRV_ATOM_CNTR_RegisterIRQ
 .text.DRV_ATOM_CNTR_InitCounter
                0x18e08564       0x74 ./Driver/Source/Private/DRV_ATOMIC_COUNTER.o
                0x18e08564                DRV_ATOM_CNTR_InitCounter
 .text.DRV_ATOM_CNTR_Initialize
                0x18e085d8       0x10 ./Driver/Source/Private/DRV_ATOMIC_COUNTER.o
                0x18e085d8                DRV_ATOM_CNTR_Initialize
 .text.DRV_CLKGATING_Initialize
                0x18e085e8       0xb6 ./Driver/Source/Private/DRV_CLOCK_GATING.o
                0x18e085e8                DRV_CLKGATING_Initialize
 .text.DRV_CLKGATING_EnableClkSource
                0x18e0869e       0xfc ./Driver/Source/Private/DRV_CLOCK_GATING.o
                0x18e0869e                DRV_CLKGATING_EnableClkSource
 .text.DRV_CLKGATING_DisableClkSource
                0x18e0879a       0xfc ./Driver/Source/Private/DRV_CLOCK_GATING.o
                0x18e0879a                DRV_CLKGATING_DisableClkSource
 *fill*         0x18e08896        0x2 
 .text.DRV_GPIO_WAKEUP_CheckAvailability
                0x18e08898       0x48 ./Driver/Source/Private/DRV_GPIO_WAKEUP.o
 .text.DRV_GPIO_WAKEUP_HandleSleepNotify
                0x18e088e0        0x4 ./Driver/Source/Private/DRV_GPIO_WAKEUP.o
                0x18e088e0                DRV_GPIO_WAKEUP_HandleSleepNotify
 .text.DRV_GPIO_WAKEUP_DummyInterruptHandler
                0x18e088e4        0x2 ./Driver/Source/Private/DRV_GPIO_WAKEUP.o
                0x18e088e4                DRV_GPIO_WAKEUP_DummyInterruptHandler
 *fill*         0x18e088e6        0x2 
 .text.DRV_GPIO_WAKEUP_FindIO
                0x18e088e8       0x40 ./Driver/Source/Private/DRV_GPIO_WAKEUP.o
                0x18e088e8                DRV_GPIO_WAKEUP_FindIO
 .text.DRV_GPIO_WAKEUP_GetSetup
                0x18e08928      0x160 ./Driver/Source/Private/DRV_GPIO_WAKEUP.o
                0x18e08928                DRV_GPIO_WAKEUP_GetSetup
 .text.DRV_GPIO_WAKEUP_Restore
                0x18e08a88       0xb0 ./Driver/Source/Private/DRV_GPIO_WAKEUP.o
                0x18e08a88                DRV_GPIO_WAKEUP_Restore
 .text.DRV_GPIO_WAKEUP_Disable
                0x18e08b38       0x74 ./Driver/Source/Private/DRV_GPIO_WAKEUP.o
                0x18e08b38                DRV_GPIO_WAKEUP_Disable
 .text.DRV_GPIO_WAKEUP_Enable
                0x18e08bac       0x78 ./Driver/Source/Private/DRV_GPIO_WAKEUP.o
                0x18e08bac                DRV_GPIO_WAKEUP_Enable
 .text.DRV_GPIO_WAKEUP_SetPolarity
                0x18e08c24       0xb8 ./Driver/Source/Private/DRV_GPIO_WAKEUP.o
                0x18e08c24                DRV_GPIO_WAKEUP_SetPolarity
 .text.DRV_GPIO_WAKEUP_SelectClock
                0x18e08cdc       0xb4 ./Driver/Source/Private/DRV_GPIO_WAKEUP.o
                0x18e08cdc                DRV_GPIO_WAKEUP_SelectClock
 .text.DRV_GPIO_WAKEUP_EnableDebounce
                0x18e08d90       0x7c ./Driver/Source/Private/DRV_GPIO_WAKEUP.o
                0x18e08d90                DRV_GPIO_WAKEUP_EnableDebounce
 .text.DRV_GPIO_WAKEUP_DisableDebounce
                0x18e08e0c       0x7c ./Driver/Source/Private/DRV_GPIO_WAKEUP.o
                0x18e08e0c                DRV_GPIO_WAKEUP_DisableDebounce
 .text.DRV_GPIO_WAKEUP_SetDebounceValue
                0x18e08e88       0x84 ./Driver/Source/Private/DRV_GPIO_WAKEUP.o
                0x18e08e88                DRV_GPIO_WAKEUP_SetDebounceValue
 .text.DRV_GPIO_WAKEUP_EnableInterrupt
                0x18e08f0c       0xc0 ./Driver/Source/Private/DRV_GPIO_WAKEUP.o
                0x18e08f0c                DRV_GPIO_WAKEUP_EnableInterrupt
 .text.DRV_GPIO_WAKEUP_DisableInterrupt
                0x18e08fcc      0x134 ./Driver/Source/Private/DRV_GPIO_WAKEUP.o
                0x18e08fcc                DRV_GPIO_WAKEUP_DisableInterrupt
 .text.DRV_GPIO_WAKEUP_AddIO
                0x18e09100       0xf8 ./Driver/Source/Private/DRV_GPIO_WAKEUP.o
                0x18e09100                DRV_GPIO_WAKEUP_AddIO
 .text.DRV_GPIO_WAKEUP_ClearInterrupts
                0x18e091f8       0x80 ./Driver/Source/Private/DRV_GPIO_WAKEUP.o
                0x18e091f8                DRV_GPIO_WAKEUP_ClearInterrupts
 .text.DRV_GPIO_WAKEUP_Initialize
                0x18e09278       0x6c ./Driver/Source/Private/DRV_GPIO_WAKEUP.o
                0x18e09278                DRV_GPIO_WAKEUP_Initialize
 .text.gpio_wakeup_IRQHandler
                0x18e092e4       0xc0 ./Driver/Source/Private/DRV_GPIO_WAKEUP.o
                0x18e092e4                gpio_wakeup_IRQHandler
 .text.DRV_GPIO_WAKEUP_RegisterInterrupt
                0x18e093a4       0x90 ./Driver/Source/Private/DRV_GPIO_WAKEUP.o
                0x18e093a4                DRV_GPIO_WAKEUP_RegisterInterrupt
 .text.DRV_GPIO_WAKEUP_ValidateUsingPin
                0x18e09434       0x40 ./Driver/Source/Private/DRV_GPIO_WAKEUP.o
                0x18e09434                DRV_GPIO_WAKEUP_ValidateUsingPin
 .text.DRV_PMP_AGENT_Send
                0x18e09474       0x78 ./Driver/Source/Private/DRV_PMP_AGENT.o
                0x18e09474                DRV_PMP_AGENT_Send
 .text.DRV_PMP_AGENT_GetWakeInfo
                0x18e094ec       0x18 ./Driver/Source/Private/DRV_PMP_AGENT.o
                0x18e094ec                DRV_PMP_AGENT_GetWakeInfo
 .text.DRV_PMP_AGENT_HandleMessage
                0x18e09504       0x58 ./Driver/Source/Private/DRV_PMP_AGENT.o
                0x18e09504                DRV_PMP_AGENT_HandleMessage
 .text.DRV_PMP_AGENT_HandleIRQ
                0x18e0955c       0x28 ./Driver/Source/Private/DRV_PMP_AGENT.o
                0x18e0955c                DRV_PMP_AGENT_HandleIRQ
 .text.DRV_PMP_AGENT_SendMessage
                0x18e09584       0x24 ./Driver/Source/Private/DRV_PMP_AGENT.o
                0x18e09584                DRV_PMP_AGENT_SendMessage
 .text.DRV_PMP_AGENT_SendMessageByIdleTask
                0x18e095a8        0x8 ./Driver/Source/Private/DRV_PMP_AGENT.o
                0x18e095a8                DRV_PMP_AGENT_SendMessageByIdleTask
 .text.DRV_PMP_AGENT_ReInitialize
                0x18e095b0       0x34 ./Driver/Source/Private/DRV_PMP_AGENT.o
                0x18e095b0                DRV_PMP_AGENT_ReInitialize
 .text.DRV_PMP_AGENT_Initialize
                0x18e095e4       0x38 ./Driver/Source/Private/DRV_PMP_AGENT.o
                0x18e095e4                DRV_PMP_AGENT_Initialize
 .text.DRV_PMP_AGENT_GetSharedInfo
                0x18e0961c       0x28 ./Driver/Source/Private/DRV_PMP_AGENT.o
                0x18e0961c                DRV_PMP_AGENT_GetSharedInfo
 .text.drv_sleep_notify_add_node
                0x18e09644       0x2a ./Driver/Source/Private/DRV_SLEEP.o
                0x18e09644                drv_sleep_notify_add_node
 *fill*         0x18e0966e        0x2 
 .text.DRV_SLEEP_Initialize
                0x18e09670       0x24 ./Driver/Source/Private/DRV_SLEEP.o
                0x18e09670                DRV_SLEEP_Initialize
 .text.DRV_SLEEP_RegNotification
                0x18e09694       0xac ./Driver/Source/Private/DRV_SLEEP.o
                0x18e09694                DRV_SLEEP_RegNotification
 .text.DRV_SLEEP_NOTIFY
                0x18e09740       0x38 ./Driver/Source/Private/DRV_SLEEP.o
                0x18e09740                DRV_SLEEP_NOTIFY
 .text.adc_digital_2mv
                0x18e09778       0x10 ./Driver/Source/DRV_AUXADC.o
 .text.DRV_AUXADC_IrqHandler
                0x18e09788       0x64 ./Driver/Source/DRV_AUXADC.o
 .text.auxdac0_handler
                0x18e097ec        0xa ./Driver/Source/DRV_AUXADC.o
                0x18e097ec                auxdac0_handler
 .text.auxdac1_handler
                0x18e097f6        0xa ./Driver/Source/DRV_AUXADC.o
                0x18e097f6                auxdac1_handler
 .text.auxdac2_handler
                0x18e09800        0xa ./Driver/Source/DRV_AUXADC.o
                0x18e09800                auxdac2_handler
 .text.auxdac3_handler
                0x18e0980a        0xa ./Driver/Source/DRV_AUXADC.o
                0x18e0980a                auxdac3_handler
 .text.CC_PWM0_IRQHandler
                0x18e09814       0x2c ./Driver/Source/DRV_CCM.o
                0x18e09814                CC_PWM0_IRQHandler
 .text.CC_PWM1_IRQHandler
                0x18e09840       0x2c ./Driver/Source/DRV_CCM.o
                0x18e09840                CC_PWM1_IRQHandler
 .text.validate_addr_range
                0x18e0986c       0x4c ./Driver/Source/DRV_FLASH.o
 .text.sf_delay
                0x18e098b8       0x3c ./Driver/Source/DRV_FLASH.o
 .text.sf_memcmp
                0x18e098f4       0x22 ./Driver/Source/DRV_FLASH.o
 .text.sf_memcpy
                0x18e09916       0x32 ./Driver/Source/DRV_FLASH.o
 .text.serial_flash_wait_device_not_busy
                0x18e09948       0x3c ./Driver/Source/DRV_FLASH.o
 .text.serial_flash_verify_buffer
                0x18e09984       0x48 ./Driver/Source/DRV_FLASH.o
 .text.serial_flash_write_page
                0x18e099cc       0xe8 ./Driver/Source/DRV_FLASH.o
 .text.serial_flash_do_blank_check
                0x18e09ab4       0x2a ./Driver/Source/DRV_FLASH.o
 *fill*         0x18e09ade        0x2 
 .text.DRV_FLASH_Erase_Sector
                0x18e09ae0       0xa8 ./Driver/Source/DRV_FLASH.o
                0x18e09ae0                DRV_FLASH_Erase_Sector
 .text.DRV_FLASH_Write
                0x18e09b88       0xb4 ./Driver/Source/DRV_FLASH.o
                0x18e09b88                DRV_FLASH_Write
 .text.DRV_FLASH_Read
                0x18e09c3c       0x40 ./Driver/Source/DRV_FLASH.o
                0x18e09c3c                DRV_FLASH_Read
 .text.DRV_GDMA_IrqHandler
                0x18e09c7c       0x64 ./Driver/Source/DRV_GDMA.o
                0x18e09c7c                DRV_GDMA_IrqHandler
 .text.gdma_channel_0_handler
                0x18e09ce0        0xa ./Driver/Source/DRV_GDMA.o
                0x18e09ce0                gdma_channel_0_handler
 .text.gdma_channel_1_handler
                0x18e09cea        0xa ./Driver/Source/DRV_GDMA.o
                0x18e09cea                gdma_channel_1_handler
 .text.gdma_channel_2_handler
                0x18e09cf4        0xa ./Driver/Source/DRV_GDMA.o
                0x18e09cf4                gdma_channel_2_handler
 .text.gdma_channel_3_handler
                0x18e09cfe        0xa ./Driver/Source/DRV_GDMA.o
                0x18e09cfe                gdma_channel_3_handler
 .text.gdma_channel_4_handler
                0x18e09d08        0xa ./Driver/Source/DRV_GDMA.o
                0x18e09d08                gdma_channel_4_handler
 .text.gdma_channel_5_handler
                0x18e09d12        0xa ./Driver/Source/DRV_GDMA.o
                0x18e09d12                gdma_channel_5_handler
 .text.gdma_channel_6_handler
                0x18e09d1c        0xa ./Driver/Source/DRV_GDMA.o
                0x18e09d1c                gdma_channel_6_handler
 .text.gdma_channel_7_handler
                0x18e09d26        0xa ./Driver/Source/DRV_GDMA.o
                0x18e09d26                gdma_channel_7_handler
 .text.DRV_GPIOCTL_IrqHandler
                0x18e09d30       0x68 ./Driver/Source/DRV_GPIO.o
 .text.DRV_GPIOCTL_IrqInitialize
                0x18e09d98       0x50 ./Driver/Source/DRV_GPIO.o
 .text.DRV_GPIO_SetPinset
                0x18e09de8       0x54 ./Driver/Source/DRV_GPIO.o
 .text.DRV_GPIO_ClearPinset
                0x18e09e3c       0x28 ./Driver/Source/DRV_GPIO.o
 .text.DRV_GPIO_SleepHandler
                0x18e09e64       0xf4 ./Driver/Source/DRV_GPIO.o
 .text.DRV_GPIOCTL_GetPull
                0x18e09f58       0x2a ./Driver/Source/DRV_GPIO.o
 .text.DRV_GPIOCTL_SetPull
                0x18e09f82       0x2a ./Driver/Source/DRV_GPIO.o
 .text.gpio_0_handler
                0x18e09fac        0xa ./Driver/Source/DRV_GPIO.o
                0x18e09fac                gpio_0_handler
 .text.gpio_1_handler
                0x18e09fb6        0xa ./Driver/Source/DRV_GPIO.o
                0x18e09fb6                gpio_1_handler
 .text.gpio_2_handler
                0x18e09fc0        0xa ./Driver/Source/DRV_GPIO.o
                0x18e09fc0                gpio_2_handler
 .text.gpio_3_handler
                0x18e09fca        0xa ./Driver/Source/DRV_GPIO.o
                0x18e09fca                gpio_3_handler
 .text.gpio_4_handler
                0x18e09fd4        0xa ./Driver/Source/DRV_GPIO.o
                0x18e09fd4                gpio_4_handler
 .text.gpio_5_handler
                0x18e09fde        0xa ./Driver/Source/DRV_GPIO.o
                0x18e09fde                gpio_5_handler
 .text.gpio_6_handler
                0x18e09fe8        0xa ./Driver/Source/DRV_GPIO.o
                0x18e09fe8                gpio_6_handler
 .text.gpio_7_handler
                0x18e09ff2        0xa ./Driver/Source/DRV_GPIO.o
                0x18e09ff2                gpio_7_handler
 .text.gpio_8_handler
                0x18e09ffc        0xa ./Driver/Source/DRV_GPIO.o
                0x18e09ffc                gpio_8_handler
 .text.gpio_9_handler
                0x18e0a006        0xa ./Driver/Source/DRV_GPIO.o
                0x18e0a006                gpio_9_handler
 .text.DRV_GPIO_Initialize
                0x18e0a010      0x414 ./Driver/Source/DRV_GPIO.o
                0x18e0a010                DRV_GPIO_Initialize
 .text.DRV_GPIO_PowerControl
                0x18e0a424       0xbc ./Driver/Source/DRV_GPIO.o
                0x18e0a424                DRV_GPIO_PowerControl
 .text.DRV_GPIO_GetValue
                0x18e0a4e0       0x88 ./Driver/Source/DRV_GPIO.o
                0x18e0a4e0                DRV_GPIO_GetValue
 .text.DRV_GPIO_SetPull
                0x18e0a568       0x4c ./Driver/Source/DRV_GPIO.o
                0x18e0a568                DRV_GPIO_SetPull
 .text.DRV_GPIO_GetPull
                0x18e0a5b4       0x50 ./Driver/Source/DRV_GPIO.o
                0x18e0a5b4                DRV_GPIO_GetPull
 .text.DRV_GPIO_SetDirection
                0x18e0a604       0xb4 ./Driver/Source/DRV_GPIO.o
                0x18e0a604                DRV_GPIO_SetDirection
 .text.DRV_GPIO_SetDirectionOutAndValue
                0x18e0a6b8      0x100 ./Driver/Source/DRV_GPIO.o
                0x18e0a6b8                DRV_GPIO_SetDirectionOutAndValue
 .text.DRV_GPIO_GetDirection
                0x18e0a7b8       0x88 ./Driver/Source/DRV_GPIO.o
                0x18e0a7b8                DRV_GPIO_GetDirection
 .text.DRV_GPIO_ConfigIrq
                0x18e0a840      0x14c ./Driver/Source/DRV_GPIO.o
                0x18e0a840                DRV_GPIO_ConfigIrq
 .text.DRV_GPIO_RegisterIrqCallback
                0x18e0a98c       0x7c ./Driver/Source/DRV_GPIO.o
                0x18e0a98c                DRV_GPIO_RegisterIrqCallback
 .text.DRV_GPIO_EnableIrq
                0x18e0aa08       0xa0 ./Driver/Source/DRV_GPIO.o
                0x18e0aa08                DRV_GPIO_EnableIrq
 .text.DRV_GPIO_DisableIrq
                0x18e0aaa8       0xa0 ./Driver/Source/DRV_GPIO.o
                0x18e0aaa8                DRV_GPIO_DisableIrq
 .text.DRV_GPIO_Open
                0x18e0ab48      0x1bc ./Driver/Source/DRV_GPIO.o
                0x18e0ab48                DRV_GPIO_Open
 .text.DRV_GPIO_Close
                0x18e0ad04       0x7c ./Driver/Source/DRV_GPIO.o
                0x18e0ad04                DRV_GPIO_Close
 .text.DRV_GPIO_GetPinset
                0x18e0ad80       0x3c ./Driver/Source/DRV_GPIO.o
                0x18e0ad80                DRV_GPIO_GetPinset
 .text.DRV_GPTIMER_IrqHandler
                0x18e0adbc       0x34 ./Driver/Source/DRV_GPTIMER.o
 .text.GP_Timer_0_IRQHandler
                0x18e0adf0        0xa ./Driver/Source/DRV_GPTIMER.o
                0x18e0adf0                GP_Timer_0_IRQHandler
 .text.GP_Timer_1_IRQHandler
                0x18e0adfa        0xa ./Driver/Source/DRV_GPTIMER.o
                0x18e0adfa                GP_Timer_1_IRQHandler
 .text.DRV_I2C_GetPeripheral
                0x18e0ae04       0x1c ./Driver/Source/DRV_I2C.o
 .text.DRV_I2C_WriteCmdFifo
                0x18e0ae20       0x66 ./Driver/Source/DRV_I2C.o
 .text.DRV_I2C_ReadDataFifo
                0x18e0ae86       0x3c ./Driver/Source/DRV_I2C.o
 .text.DRV_I2C_ResetPeripheral
                0x18e0aec2        0xc ./Driver/Source/DRV_I2C.o
 .text.DRV_I2C_ClearFifo
                0x18e0aece       0x20 ./Driver/Source/DRV_I2C.o
 .text.DRV_I2C_DoneEventHandler
                0x18e0aeee      0x16c ./Driver/Source/DRV_I2C.o
 .text.DRV_I2C_NackEventHandler
                0x18e0b05a       0x52 ./Driver/Source/DRV_I2C.o
 .text.DRV_I2C_IrqHandler
                0x18e0b0ac       0x42 ./Driver/Source/DRV_I2C.o
 .text.i2c0_interrupt_err_handler
                0x18e0b0ee        0xa ./Driver/Source/DRV_I2C.o
                0x18e0b0ee                i2c0_interrupt_err_handler
 .text.i2c0_interrupt_handler
                0x18e0b0f8        0xa ./Driver/Source/DRV_I2C.o
                0x18e0b0f8                i2c0_interrupt_handler
 .text.i2c1_interrupt_err_handler
                0x18e0b102        0xa ./Driver/Source/DRV_I2C.o
                0x18e0b102                i2c1_interrupt_err_handler
 .text.i2c1_interrupt_handler
                0x18e0b10c        0xa ./Driver/Source/DRV_I2C.o
                0x18e0b10c                i2c1_interrupt_handler
 *fill*         0x18e0b116        0x2 
 .text.DRV_IO_PARK_MarkForPark
                0x18e0b118       0x20 ./Driver/Source/DRV_IO.o
 .text.DRV_IO_PARK_MarkForSkip
                0x18e0b138       0x24 ./Driver/Source/DRV_IO.o
 .text.DRV_IO_PARK_InitParkTable
                0x18e0b15c       0x2c ./Driver/Source/DRV_IO.o
 .text.drv_io_get_skip
                0x18e0b188       0x1c ./Driver/Source/DRV_IO.o
 .text.DRV_IO_ValidatePartition
                0x18e0b1a4       0x50 ./Driver/Source/DRV_IO.o
                0x18e0b1a4                DRV_IO_ValidatePartition
 .text.DRV_IO_SetPull
                0x18e0b1f4       0x8c ./Driver/Source/DRV_IO.o
                0x18e0b1f4                DRV_IO_SetPull
 .text.DRV_IO_GetPull
                0x18e0b280       0x82 ./Driver/Source/DRV_IO.o
                0x18e0b280                DRV_IO_GetPull
 .text.DRV_IO_SetMux
                0x18e0b302       0x3a ./Driver/Source/DRV_IO.o
                0x18e0b302                DRV_IO_SetMux
 .text.DRV_IO_DeIsolate
                0x18e0b33c      0x15c ./Driver/Source/DRV_IO.o
 .text.DRV_IO_GetMux
                0x18e0b498       0x3c ./Driver/Source/DRV_IO.o
                0x18e0b498                DRV_IO_GetMux
 .text.DRV_IO_SetInputEnable
                0x18e0b4d4       0x64 ./Driver/Source/DRV_IO.o
                0x18e0b4d4                DRV_IO_SetInputEnable
 .text.DRV_IO_Isolate
                0x18e0b538      0x108 ./Driver/Source/DRV_IO.o
 .text.DRV_IO_SLEEP_PickIOs
                0x18e0b640       0xa0 ./Driver/Source/DRV_IO.o
                0x18e0b640                DRV_IO_SLEEP_PickIOs
 .text.DRV_IO_PreSleepProcess
                0x18e0b6e0       0x3c ./Driver/Source/DRV_IO.o
                0x18e0b6e0                DRV_IO_PreSleepProcess
 .text.DRV_IO_PostSleepProcess
                0x18e0b71c       0x38 ./Driver/Source/DRV_IO.o
                0x18e0b71c                DRV_IO_PostSleepProcess
 .text.DRV_IO_SLEEP_Initialize
                0x18e0b754       0x1c ./Driver/Source/DRV_IO.o
                0x18e0b754                DRV_IO_SLEEP_Initialize
 .text.enter_standby_lower
                0x18e0b770       0x64 ./Driver/Source/DRV_PM.o
 .text.update_wakeup_info
                0x18e0b7d4       0x24 ./Driver/Source/DRV_PM.o
 .text.gpm_boot_probe
                0x18e0b7f8       0x38 ./Driver/Source/DRV_PM.o
 .text.update_wakeup_cause
                0x18e0b830       0x34 ./Driver/Source/DRV_PM.o
 .text.mark_stateful_sleep
                0x18e0b864       0x24 ./Driver/Source/DRV_PM.o
 .text.send_sleep_request
                0x18e0b888       0x50 ./Driver/Source/DRV_PM.o
                0x18e0b888                send_sleep_request
 .text.drv_pm_mcu_io_latch
                0x18e0b8d8       0x20 ./Driver/Source/DRV_PM.o
                0x18e0b8d8                drv_pm_mcu_io_latch
 .text.DRV_PM_ClearStatistics
                0x18e0b8f8        0xc ./Driver/Source/DRV_PM.o
                0x18e0b8f8                DRV_PM_ClearStatistics
 .text.DRV_PM_GetStatistics
                0x18e0b904       0x24 ./Driver/Source/DRV_PM.o
                0x18e0b904                DRV_PM_GetStatistics
 .text.DRV_PM_EnterStopMode
                0x18e0b928       0x44 ./Driver/Source/DRV_PM.o
                0x18e0b928                DRV_PM_EnterStopMode
 .text.DRV_PM_EnterStandbyMode
                0x18e0b96c       0x30 ./Driver/Source/DRV_PM.o
                0x18e0b96c                DRV_PM_EnterStandbyMode
 .text.DRV_PM_EnterShutdownMode
                0x18e0b99c       0x20 ./Driver/Source/DRV_PM.o
                0x18e0b99c                DRV_PM_EnterShutdownMode
 .text.DRV_PM_EnableWakeUpPin
                0x18e0b9bc       0x64 ./Driver/Source/DRV_PM.o
                0x18e0b9bc                DRV_PM_EnableWakeUpPin
 .text.DRV_PM_WAKEUP_IO_Initialize
                0x18e0ba20       0x30 ./Driver/Source/DRV_PM.o
 .text.DRV_PM_Initialize
                0x18e0ba50       0x6c ./Driver/Source/DRV_PM.o
                0x18e0ba50                DRV_PM_Initialize
 .text.DRV_PM_PreSleepProcess
                0x18e0babc       0x42 ./Driver/Source/DRV_PM.o
                0x18e0babc                DRV_PM_PreSleepProcess
 .text.DRV_PM_PostSleepProcess
                0x18e0bafe       0x3c ./Driver/Source/DRV_PM.o
                0x18e0bafe                DRV_PM_PostSleepProcess
 *fill*         0x18e0bb3a        0x2 
 .text.DRV_PM_MaskInterrupts
                0x18e0bb3c       0xc0 ./Driver/Source/DRV_PM.o
                0x18e0bb3c                DRV_PM_MaskInterrupts
 .text.DRV_PM_RestoreInterrupts
                0x18e0bbfc       0x7c ./Driver/Source/DRV_PM.o
                0x18e0bbfc                DRV_PM_RestoreInterrupts
 .text.DRV_PM_HandleClockGating
                0x18e0bc78       0x28 ./Driver/Source/DRV_PM.o
                0x18e0bc78                DRV_PM_HandleClockGating
 .text.DRV_PM_EarlyBootProbe
                0x18e0bca0       0x2c ./Driver/Source/DRV_PM.o
                0x18e0bca0                DRV_PM_EarlyBootProbe
 .text.DRV_PM_Resume
                0x18e0bccc       0x48 ./Driver/Source/DRV_PM.o
                0x18e0bccc                DRV_PM_Resume
 .text.DRV_PM_EarlyBootTypeProbe
                0x18e0bd14       0x26 ./Driver/Source/DRV_PM.o
                0x18e0bd14                DRV_PM_EarlyBootTypeProbe
 *fill*         0x18e0bd3a        0x2 
 .text.DRV_SPI_GetPeripheral
                0x18e0bd3c       0x34 ./Driver/Source/DRV_SPI.o
 .text.DRV_SPIM_IrqHandler
                0x18e0bd70      0x144 ./Driver/Source/DRV_SPI.o
 .text.DRV_SPIS_IsrHandler
                0x18e0beb4       0x3e ./Driver/Source/DRV_SPI.o
                0x18e0beb4                DRV_SPIS_IsrHandler
 .text.spim0_interrupt_handler
                0x18e0bef2        0xa ./Driver/Source/DRV_SPI.o
                0x18e0bef2                spim0_interrupt_handler
 .text.spim1_interrupt_handler
                0x18e0befc        0xa ./Driver/Source/DRV_SPI.o
                0x18e0befc                spim1_interrupt_handler
 .text.spis0_interrupt_handler
                0x18e0bf06        0xa ./Driver/Source/DRV_SPI.o
                0x18e0bf06                spis0_interrupt_handler
 .text.DRV_UART_Flush_Fifo
                0x18e0bf10       0x12 ./Driver/Source/DRV_UART.o
 *fill*         0x18e0bf22        0x2 
 .text.DRV_UART_HandleSleepNotify
                0x18e0bf24      0x2f0 ./Driver/Source/DRV_UART.o
                0x18e0bf24                DRV_UART_HandleSleepNotify
 .text.Availble_Byte_In_Ringbuffer
                0x18e0c214       0x40 ./Driver/Source/DRV_UART.o
 .text.Is_Ringbuffer_Full
                0x18e0c254       0x18 ./Driver/Source/DRV_UART.o
 .text.DRV_UART_Disable_Interrupt
                0x18e0c26c       0x34 ./Driver/Source/DRV_UART.o
 .text.DRV_UART_Enable_Interrupt
                0x18e0c2a0       0x34 ./Driver/Source/DRV_UART.o
 .text.DRV_UART_Get_Instance_From_Base
                0x18e0c2d4       0x34 ./Driver/Source/DRV_UART.o
 .text.DRV_UART_Register_Ringbuffer
                0x18e0c308       0x38 ./Driver/Source/DRV_UART.o
 .text.Get_Byte_From_Ringbuffer
                0x18e0c340       0x54 ./Driver/Source/DRV_UART.o
 .text.Get_Bytes_From_Ringbuffer
                0x18e0c394       0x50 ./Driver/Source/DRV_UART.o
 .text.hifc_request_to_send
                0x18e0c3e4       0x22 ./Driver/Source/DRV_UART.o
 *fill*         0x18e0c406        0x2 
 .text.DRV_UART_IrqHandler
                0x18e0c408      0x25c ./Driver/Source/DRV_UART.o
 .text.DRV_UART_Get_Handle
                0x18e0c664        0xc ./Driver/Source/DRV_UART.o
                0x18e0c664                DRV_UART_Get_Handle
 .text.hw_uart_interrupt_handler0
                0x18e0c670        0xe ./Driver/Source/DRV_UART.o
                0x18e0c670                hw_uart_interrupt_handler0
 .text.hw_uart_interrupt_handler1
                0x18e0c67e        0xe ./Driver/Source/DRV_UART.o
                0x18e0c67e                hw_uart_interrupt_handler1
 .text.hw_uart_interrupt_handleri0
                0x18e0c68c        0xe ./Driver/Source/DRV_UART.o
                0x18e0c68c                hw_uart_interrupt_handleri0
 .text.DRV_UART_Set_Baudrate
                0x18e0c69a       0x20 ./Driver/Source/DRV_UART.o
                0x18e0c69a                DRV_UART_Set_Baudrate
 *fill*         0x18e0c6ba        0x2 
 .text.DRV_UART_Set_Parity
                0x18e0c6bc       0xac ./Driver/Source/DRV_UART.o
                0x18e0c6bc                DRV_UART_Set_Parity
 .text.DRV_UART_Set_Hardware_Flow_Control
                0x18e0c768       0x70 ./Driver/Source/DRV_UART.o
                0x18e0c768                DRV_UART_Set_Hardware_Flow_Control
 .text.DRV_UART_Set_Stopbit
                0x18e0c7d8       0x34 ./Driver/Source/DRV_UART.o
                0x18e0c7d8                DRV_UART_Set_Stopbit
 .text.DRV_UART_Set_Word_length
                0x18e0c80c       0x54 ./Driver/Source/DRV_UART.o
                0x18e0c80c                DRV_UART_Set_Word_length
 .text.DRV_UART_Enable_Fifo
                0x18e0c860       0x1e ./Driver/Source/DRV_UART.o
                0x18e0c860                DRV_UART_Enable_Fifo
 .text.DRV_UART_Disable_Fifo
                0x18e0c87e       0x1a ./Driver/Source/DRV_UART.o
                0x18e0c87e                DRV_UART_Disable_Fifo
 .text.DRV_UART_Enable_Uart
                0x18e0c898       0x1a ./Driver/Source/DRV_UART.o
                0x18e0c898                DRV_UART_Enable_Uart
 .text.DRV_UART_Disable_Uart
                0x18e0c8b2       0x20 ./Driver/Source/DRV_UART.o
                0x18e0c8b2                DRV_UART_Disable_Uart
 *fill*         0x18e0c8d2        0x2 
 .text.DRV_UART_Get_Received_Rx_Count
                0x18e0c8d4       0x24 ./Driver/Source/DRV_UART.o
                0x18e0c8d4                DRV_UART_Get_Received_Rx_Count
 .text.DRV_UART_Update_Setting
                0x18e0c8f8       0x78 ./Driver/Source/DRV_UART.o
                0x18e0c8f8                DRV_UART_Update_Setting
 .text.DRV_UART_Initialize
                0x18e0c970       0x58 ./Driver/Source/DRV_UART.o
                0x18e0c970                DRV_UART_Initialize
 .text.DRV_UART_Create_Handle
                0x18e0c9c8       0x94 ./Driver/Source/DRV_UART.o
                0x18e0c9c8                DRV_UART_Create_Handle
 .text.DRV_UART_Receive_Nonblock
                0x18e0ca5c       0x98 ./Driver/Source/DRV_UART.o
                0x18e0ca5c                DRV_UART_Receive_Nonblock
 .text.DRV_UART_Send_Block
                0x18e0caf4       0x6c ./Driver/Source/DRV_UART.o
                0x18e0caf4                DRV_UART_Send_Block
 .text.DRV_UART_Is_Uart_Busy
                0x18e0cb60        0x8 ./Driver/Source/DRV_UART.o
                0x18e0cb60                DRV_UART_Is_Uart_Busy
 .text.DRV_UART_Get_Statistic
                0x18e0cb68       0x54 ./Driver/Source/DRV_UART.o
                0x18e0cb68                DRV_UART_Get_Statistic
 .text.MCU_WD0_IRQHandler
                0x18e0cbbc       0x2c ./Driver/Source/DRV_WATCHDOG.o
                0x18e0cbbc                MCU_WD0_IRQHandler
 .text.Default_Handler
                0x18e0cbe8        0x2 ./Chipset/Source/startup_ALT125x.o
                0x18e0cbe8                DebugMon_Handler
                0x18e0cbe8                auxdac6_handler
                0x18e0cbe8                NMI_Handler
                0x18e0cbe8                UART1_IRQHandler
                0x18e0cbe8                auxdac4_handler
                0x18e0cbe8                FLEXRAY_IRQHandler
                0x18e0cbe8                UART0_IRQHandler
                0x18e0cbe8                UsageFault_Handler
                0x18e0cbe8                MCIB_IRQHandler
                0x18e0cbe8                auxdac7_handler
                0x18e0cbe8                AACI_IRQHandler
                0x18e0cbe8                UARTI_IRQHandler
                0x18e0cbe8                CAN_IRQHandler
                0x18e0cbe8                CHLCD_IRQHandler
                0x18e0cbe8                auxdac5_handler
                0x18e0cbe8                USBDC_IRQHandler
                0x18e0cbe8                USBHC_IRQHandler
                0x18e0cbe8                RTC_IRQHandler
                0x18e0cbe8                UART2_IRQHandler
                0x18e0cbe8                UART4_IRQHandler
                0x18e0cbe8                CLCD_IRQHandler
                0x18e0cbe8                UARTF_ERR_IRQHandler
                0x18e0cbe8                TIM0_IRQHandler
                0x18e0cbe8                MemManage_Handler
                0x18e0cbe8                WDT_IRQHandler
                0x18e0cbe8                TIM2_IRQHandler
                0x18e0cbe8                LIN_IRQHandler
                0x18e0cbe8                CPU_CLCD_IRQHandler
                0x18e0cbe8                BusFault_Handler
                0x18e0cbe8                UART3_IRQHandler
                0x18e0cbe8                MCIA_IRQHandler
                0x18e0cbe8                ENET_IRQHandler
 *fill*         0x18e0cbea        0x2 
 .text.SystemInit
                0x18e0cbec       0x64 ./Chipset/Source/system_ALT125x.o
                0x18e0cbec                SystemInit
 .text.SysTick_Handler
                0x18e0cc50       0x10 ./CMSIS-FreeRTOS/Source/cmsis_os2.o
                0x18e0cc50                SysTick_Handler
 .text.osKernelInitialize
                0x18e0cc60       0x58 ./CMSIS-FreeRTOS/Source/cmsis_os2.o
                0x18e0cc60                osKernelInitialize
 .text.osKernelGetState
                0x18e0ccb8       0x24 ./CMSIS-FreeRTOS/Source/cmsis_os2.o
                0x18e0ccb8                osKernelGetState
 .text.osKernelStart
                0x18e0ccdc       0x68 ./CMSIS-FreeRTOS/Source/cmsis_os2.o
                0x18e0ccdc                osKernelStart
 .text.vApplicationGetIdleTaskMemory
                0x18e0cd44       0x18 ./CMSIS-FreeRTOS/Source/cmsis_os2.o
                0x18e0cd44                vApplicationGetIdleTaskMemory
 .text.vApplicationGetTimerTaskMemory
                0x18e0cd5c       0x18 ./CMSIS-FreeRTOS/Source/cmsis_os2.o
                0x18e0cd5c                vApplicationGetTimerTaskMemory
 .text          0x18e0cd74      0x378 c:/program files (x86)/gnu tools arm embedded/7 2018-q2-update/bin/../lib/gcc/arm-none-eabi/7.3.1/thumb/v7e-m\libgcc.a(_arm_addsubdf3.o)
                0x18e0cd74                __aeabi_drsub
                0x18e0cd7c                __aeabi_dsub
                0x18e0cd7c                __subdf3
                0x18e0cd80                __aeabi_dadd
                0x18e0cd80                __adddf3
                0x18e0cff8                __floatunsidf
                0x18e0cff8                __aeabi_ui2d
                0x18e0d018                __floatsidf
                0x18e0d018                __aeabi_i2d
                0x18e0d03c                __aeabi_f2d
                0x18e0d03c                __extendsfdf2
                0x18e0d080                __floatundidf
                0x18e0d080                __aeabi_ul2d
                0x18e0d090                __floatdidf
                0x18e0d090                __aeabi_l2d
 .text          0x18e0d0ec      0x424 c:/program files (x86)/gnu tools arm embedded/7 2018-q2-update/bin/../lib/gcc/arm-none-eabi/7.3.1/thumb/v7e-m\libgcc.a(_arm_muldivdf3.o)
                0x18e0d0ec                __aeabi_dmul
                0x18e0d0ec                __muldf3
                0x18e0d340                __divdf3
                0x18e0d340                __aeabi_ddiv
 .text          0x18e0d510      0x110 c:/program files (x86)/gnu tools arm embedded/7 2018-q2-update/bin/../lib/gcc/arm-none-eabi/7.3.1/thumb/v7e-m\libgcc.a(_arm_cmpdf2.o)
                0x18e0d510                __gtdf2
                0x18e0d510                __gedf2
                0x18e0d518                __ltdf2
                0x18e0d518                __ledf2
                0x18e0d520                __nedf2
                0x18e0d520                __eqdf2
                0x18e0d520                __cmpdf2
                0x18e0d59c                __aeabi_cdrcmple
                0x18e0d5ac                __aeabi_cdcmpeq
                0x18e0d5ac                __aeabi_cdcmple
                0x18e0d5bc                __aeabi_dcmpeq
                0x18e0d5d0                __aeabi_dcmplt
                0x18e0d5e4                __aeabi_dcmple
                0x18e0d5f8                __aeabi_dcmpge
                0x18e0d60c                __aeabi_dcmpgt
 .text          0x18e0d620       0x50 c:/program files (x86)/gnu tools arm embedded/7 2018-q2-update/bin/../lib/gcc/arm-none-eabi/7.3.1/thumb/v7e-m\libgcc.a(_arm_fixdfsi.o)
                0x18e0d620                __aeabi_d2iz
                0x18e0d620                __fixdfsi
 .text          0x18e0d670       0x40 c:/program files (x86)/gnu tools arm embedded/7 2018-q2-update/bin/../lib/gcc/arm-none-eabi/7.3.1/thumb/v7e-m\libgcc.a(_arm_fixunsdfsi.o)
                0x18e0d670                __aeabi_d2uiz
                0x18e0d670                __fixunsdfsi
 .text          0x18e0d6b0       0xa0 c:/program files (x86)/gnu tools arm embedded/7 2018-q2-update/bin/../lib/gcc/arm-none-eabi/7.3.1/thumb/v7e-m\libgcc.a(_aeabi_ldivmod.o)
                0x18e0d6b0                __aeabi_ldivmod
 .text          0x18e0d750       0x30 c:/program files (x86)/gnu tools arm embedded/7 2018-q2-update/bin/../lib/gcc/arm-none-eabi/7.3.1/thumb/v7e-m\libgcc.a(_aeabi_uldivmod.o)
                0x18e0d750                __aeabi_uldivmod
 .text          0x18e0d780      0x2cc c:/program files (x86)/gnu tools arm embedded/7 2018-q2-update/bin/../lib/gcc/arm-none-eabi/7.3.1/thumb/v7e-m\libgcc.a(_udivmoddi4.o)
                0x18e0d780                __udivmoddi4
 .text          0x18e0da4c      0x9ec c:/program files (x86)/gnu tools arm embedded/7 2018-q2-update/bin/../lib/gcc/arm-none-eabi/7.3.1/thumb/v7e-m\libgcc.a(unwind-arm.o)
                0x18e0dd00                _Unwind_GetCFA
                0x18e0dd04                __gnu_Unwind_RaiseException
                0x18e0dd64                __gnu_Unwind_ForcedUnwind
                0x18e0dd78                __gnu_Unwind_Resume
                0x18e0ddbc                __gnu_Unwind_Resume_or_Rethrow
                0x18e0ddcc                _Unwind_Complete
                0x18e0ddd0                _Unwind_DeleteException
                0x18e0dddc                _Unwind_VRS_Get
                0x18e0de20                _Unwind_VRS_Set
                0x18e0de68                __gnu_Unwind_Backtrace
                0x18e0e1ac                __aeabi_unwind_cpp_pr0
                0x18e0e1b0                __aeabi_unwind_cpp_pr1
                0x18e0e1b4                __aeabi_unwind_cpp_pr2
                0x18e0e1b8                _Unwind_VRS_Pop
 .text          0x18e0e438      0x1ac c:/program files (x86)/gnu tools arm embedded/7 2018-q2-update/bin/../lib/gcc/arm-none-eabi/7.3.1/thumb/v7e-m\libgcc.a(libunwind.o)
                0x18e0e438                __restore_core_regs
                0x18e0e438                restore_core_regs
                0x18e0e450                __gnu_Unwind_Restore_VFP
                0x18e0e458                __gnu_Unwind_Save_VFP
                0x18e0e460                __gnu_Unwind_Restore_VFP_D
                0x18e0e468                __gnu_Unwind_Save_VFP_D
                0x18e0e470                __gnu_Unwind_Restore_VFP_D_16_to_31
                0x18e0e478                __gnu_Unwind_Save_VFP_D_16_to_31
                0x18e0e480                __gnu_Unwind_Restore_WMMXD
                0x18e0e4c4                __gnu_Unwind_Save_WMMXD
                0x18e0e508                __gnu_Unwind_Restore_WMMXC
                0x18e0e51c                __gnu_Unwind_Save_WMMXC
                0x18e0e530                ___Unwind_RaiseException
                0x18e0e530                _Unwind_RaiseException
                0x18e0e554                _Unwind_Resume
                0x18e0e554                ___Unwind_Resume
                0x18e0e578                _Unwind_Resume_or_Rethrow
                0x18e0e578                ___Unwind_Resume_or_Rethrow
                0x18e0e59c                _Unwind_ForcedUnwind
                0x18e0e59c                ___Unwind_ForcedUnwind
                0x18e0e5c0                ___Unwind_Backtrace
                0x18e0e5c0                _Unwind_Backtrace
 .text          0x18e0e5e4      0x374 c:/program files (x86)/gnu tools arm embedded/7 2018-q2-update/bin/../lib/gcc/arm-none-eabi/7.3.1/thumb/v7e-m\libgcc.a(pr-support.o)
                0x18e0e63c                __gnu_unwind_execute
                0x18e0e900                __gnu_unwind_frame
                0x18e0e928                _Unwind_GetRegionStart
                0x18e0e934                _Unwind_GetLanguageSpecificData
                0x18e0e948                _Unwind_GetDataRelBase
                0x18e0e950                _Unwind_GetTextRelBase
 .text          0x18e0e958        0x4 c:/program files (x86)/gnu tools arm embedded/7 2018-q2-update/bin/../lib/gcc/arm-none-eabi/7.3.1/thumb/v7e-m\libgcc.a(_dvmd_tls.o)
                0x18e0e958                __aeabi_idiv0
                0x18e0e958                __aeabi_ldiv0
 .text.abort    0x18e0e95c        0xe c:/program files (x86)/gnu tools arm embedded/7 2018-q2-update/bin/../lib/gcc/arm-none-eabi/7.3.1/../../../../arm-none-eabi/lib/thumb/v7e-m\libg_nano.a(lib_a-abort.o)
                0x18e0e95c                abort
 .text.atoi     0x18e0e96a        0x8 c:/program files (x86)/gnu tools arm embedded/7 2018-q2-update/bin/../lib/gcc/arm-none-eabi/7.3.1/../../../../arm-none-eabi/lib/thumb/v7e-m\libg_nano.a(lib_a-atoi.o)
                0x18e0e96a                atoi
 .text.ctime_r  0x18e0e972       0x16 c:/program files (x86)/gnu tools arm embedded/7 2018-q2-update/bin/../lib/gcc/arm-none-eabi/7.3.1/../../../../arm-none-eabi/lib/thumb/v7e-m\libg_nano.a(lib_a-ctime_r.o)
                0x18e0e972                ctime_r
 .text.localtime_r
                0x18e0e988      0x1d8 c:/program files (x86)/gnu tools arm embedded/7 2018-q2-update/bin/../lib/gcc/arm-none-eabi/7.3.1/../../../../arm-none-eabi/lib/thumb/v7e-m\libg_nano.a(lib_a-lcltime_r.o)
                0x18e0e988                localtime_r
 .text.malloc   0x18e0eb60       0x10 c:/program files (x86)/gnu tools arm embedded/7 2018-q2-update/bin/../lib/gcc/arm-none-eabi/7.3.1/../../../../arm-none-eabi/lib/thumb/v7e-m\libg_nano.a(lib_a-malloc.o)
                0x18e0eb60                malloc
 .text.free     0x18e0eb70       0x10 c:/program files (x86)/gnu tools arm embedded/7 2018-q2-update/bin/../lib/gcc/arm-none-eabi/7.3.1/../../../../arm-none-eabi/lib/thumb/v7e-m\libg_nano.a(lib_a-malloc.o)
                0x18e0eb70                free
 .text.memcpy   0x18e0eb80       0x16 c:/program files (x86)/gnu tools arm embedded/7 2018-q2-update/bin/../lib/gcc/arm-none-eabi/7.3.1/../../../../arm-none-eabi/lib/thumb/v7e-m\libg_nano.a(lib_a-memcpy-stub.o)
                0x18e0eb80                memcpy
 .text.memset   0x18e0eb96       0x10 c:/program files (x86)/gnu tools arm embedded/7 2018-q2-update/bin/../lib/gcc/arm-none-eabi/7.3.1/../../../../arm-none-eabi/lib/thumb/v7e-m\libg_nano.a(lib_a-memset.o)
                0x18e0eb96                memset
 *fill*         0x18e0eba6        0x2 
 .text.mallinfo
                0x18e0eba8       0x14 c:/program files (x86)/gnu tools arm embedded/7 2018-q2-update/bin/../lib/gcc/arm-none-eabi/7.3.1/../../../../arm-none-eabi/lib/thumb/v7e-m\libg_nano.a(lib_a-mstats.o)
                0x18e0eba8                mallinfo
 .text._free_r  0x18e0ebbc       0x9c c:/program files (x86)/gnu tools arm embedded/7 2018-q2-update/bin/../lib/gcc/arm-none-eabi/7.3.1/../../../../arm-none-eabi/lib/thumb/v7e-m\libg_nano.a(lib_a-nano-freer.o)
                0x18e0ebbc                _free_r
 .text._mallinfo_r
                0x18e0ec58       0x64 c:/program files (x86)/gnu tools arm embedded/7 2018-q2-update/bin/../lib/gcc/arm-none-eabi/7.3.1/../../../../arm-none-eabi/lib/thumb/v7e-m\libg_nano.a(lib_a-nano-mallinfor.o)
                0x18e0ec58                _mallinfo_r
 .text._malloc_r
                0x18e0ecbc       0xb4 c:/program files (x86)/gnu tools arm embedded/7 2018-q2-update/bin/../lib/gcc/arm-none-eabi/7.3.1/../../../../arm-none-eabi/lib/thumb/v7e-m\libg_nano.a(lib_a-nano-mallocr.o)
                0x18e0ecbc                _malloc_r
 .text.printf   0x18e0ed70       0x30 c:/program files (x86)/gnu tools arm embedded/7 2018-q2-update/bin/../lib/gcc/arm-none-eabi/7.3.1/../../../../arm-none-eabi/lib/thumb/v7e-m\libg_nano.a(lib_a-printf.o)
                0x18e0ed70                iprintf
                0x18e0ed70                printf
 .text.cleanup_glue
                0x18e0eda0       0x1a c:/program files (x86)/gnu tools arm embedded/7 2018-q2-update/bin/../lib/gcc/arm-none-eabi/7.3.1/../../../../arm-none-eabi/lib/thumb/v7e-m\libg_nano.a(lib_a-reent.o)
                0x18e0eda0                cleanup_glue
 *fill*         0x18e0edba        0x2 
 .text._reclaim_reent
                0x18e0edbc       0xb8 c:/program files (x86)/gnu tools arm embedded/7 2018-q2-update/bin/../lib/gcc/arm-none-eabi/7.3.1/../../../../arm-none-eabi/lib/thumb/v7e-m\libg_nano.a(lib_a-reent.o)
                0x18e0edbc                _reclaim_reent
 .text._raise_r
                0x18e0ee74       0x50 c:/program files (x86)/gnu tools arm embedded/7 2018-q2-update/bin/../lib/gcc/arm-none-eabi/7.3.1/../../../../arm-none-eabi/lib/thumb/v7e-m\libg_nano.a(lib_a-signal.o)
                0x18e0ee74                _raise_r
 .text.raise    0x18e0eec4       0x10 c:/program files (x86)/gnu tools arm embedded/7 2018-q2-update/bin/../lib/gcc/arm-none-eabi/7.3.1/../../../../arm-none-eabi/lib/thumb/v7e-m\libg_nano.a(lib_a-signal.o)
                0x18e0eec4                raise
 .text._kill_r  0x18e0eed4       0x24 c:/program files (x86)/gnu tools arm embedded/7 2018-q2-update/bin/../lib/gcc/arm-none-eabi/7.3.1/../../../../arm-none-eabi/lib/thumb/v7e-m\libg_nano.a(lib_a-signalr.o)
                0x18e0eed4                _kill_r
 .text._getpid_r
                0x18e0eef8        0x4 c:/program files (x86)/gnu tools arm embedded/7 2018-q2-update/bin/../lib/gcc/arm-none-eabi/7.3.1/../../../../arm-none-eabi/lib/thumb/v7e-m\libg_nano.a(lib_a-signalr.o)
                0x18e0eef8                _getpid_r
 .text.sscanf   0x18e0eefc       0x54 c:/program files (x86)/gnu tools arm embedded/7 2018-q2-update/bin/../lib/gcc/arm-none-eabi/7.3.1/../../../../arm-none-eabi/lib/thumb/v7e-m\libg_nano.a(lib_a-sscanf.o)
                0x18e0eefc                siscanf
                0x18e0eefc                sscanf
 .text.__sread  0x18e0ef50       0x22 c:/program files (x86)/gnu tools arm embedded/7 2018-q2-update/bin/../lib/gcc/arm-none-eabi/7.3.1/../../../../arm-none-eabi/lib/thumb/v7e-m\libg_nano.a(lib_a-stdio.o)
                0x18e0ef50                __sread
 .text.__seofread
                0x18e0ef72        0x4 c:/program files (x86)/gnu tools arm embedded/7 2018-q2-update/bin/../lib/gcc/arm-none-eabi/7.3.1/../../../../arm-none-eabi/lib/thumb/v7e-m\libg_nano.a(lib_a-stdio.o)
                0x18e0ef72                __seofread
 .text.__swrite
                0x18e0ef76       0x38 c:/program files (x86)/gnu tools arm embedded/7 2018-q2-update/bin/../lib/gcc/arm-none-eabi/7.3.1/../../../../arm-none-eabi/lib/thumb/v7e-m\libg_nano.a(lib_a-stdio.o)
                0x18e0ef76                __swrite
 .text.__sseek  0x18e0efae       0x24 c:/program files (x86)/gnu tools arm embedded/7 2018-q2-update/bin/../lib/gcc/arm-none-eabi/7.3.1/../../../../arm-none-eabi/lib/thumb/v7e-m\libg_nano.a(lib_a-stdio.o)
                0x18e0efae                __sseek
 .text.__sclose
                0x18e0efd2        0x8 c:/program files (x86)/gnu tools arm embedded/7 2018-q2-update/bin/../lib/gcc/arm-none-eabi/7.3.1/../../../../arm-none-eabi/lib/thumb/v7e-m\libg_nano.a(lib_a-stdio.o)
                0x18e0efd2                __sclose
 .text.strchr   0x18e0efda       0x1a c:/program files (x86)/gnu tools arm embedded/7 2018-q2-update/bin/../lib/gcc/arm-none-eabi/7.3.1/../../../../arm-none-eabi/lib/thumb/v7e-m\libg_nano.a(lib_a-strchr.o)
                0x18e0efda                strchr
 .text          0x18e0eff4       0x14 c:/program files (x86)/gnu tools arm embedded/7 2018-q2-update/bin/../lib/gcc/arm-none-eabi/7.3.1/../../../../arm-none-eabi/lib/thumb/v7e-m\libg_nano.a(lib_a-strcmp.o)
                0x18e0eff4                strcmp
 .text.strcpy   0x18e0f008       0x10 c:/program files (x86)/gnu tools arm embedded/7 2018-q2-update/bin/../lib/gcc/arm-none-eabi/7.3.1/../../../../arm-none-eabi/lib/thumb/v7e-m\libg_nano.a(lib_a-strcpy.o)
                0x18e0f008                strcpy
 .text          0x18e0f018       0x10 c:/program files (x86)/gnu tools arm embedded/7 2018-q2-update/bin/../lib/gcc/arm-none-eabi/7.3.1/../../../../arm-none-eabi/lib/thumb/v7e-m\libg_nano.a(lib_a-strlen.o)
                0x18e0f018                strlen
 .text.strncmp  0x18e0f028       0x24 c:/program files (x86)/gnu tools arm embedded/7 2018-q2-update/bin/../lib/gcc/arm-none-eabi/7.3.1/../../../../arm-none-eabi/lib/thumb/v7e-m\libg_nano.a(lib_a-strncmp.o)
                0x18e0f028                strncmp
 .text.strncpy  0x18e0f04c       0x2a c:/program files (x86)/gnu tools arm embedded/7 2018-q2-update/bin/../lib/gcc/arm-none-eabi/7.3.1/../../../../arm-none-eabi/lib/thumb/v7e-m\libg_nano.a(lib_a-strncpy.o)
                0x18e0f04c                strncpy
 .text.strsep   0x18e0f076        0xa c:/program files (x86)/gnu tools arm embedded/7 2018-q2-update/bin/../lib/gcc/arm-none-eabi/7.3.1/../../../../arm-none-eabi/lib/thumb/v7e-m\libg_nano.a(lib_a-strsep.o)
                0x18e0f076                strsep