Archive member included to satisfy reference by file (symbol)

c:/program files (x86)/gnu tools arm embedded/7 2018-q2-update/bin/../lib/gcc/arm-none-eabi/7.3.1/thumb/v7e-m\libgcc.a(_arm_addsubdf3.o)
                              ./printf/printf.o (__aeabi_dsub)
c:/program files (x86)/gnu tools arm embedded/7 2018-q2-update/bin/../lib/gcc/arm-none-eabi/7.3.1/thumb/v7e-m\libgcc.a(_arm_muldivdf3.o)
                              ./printf/printf.o (__aeabi_dmul)
c:/program files (x86)/gnu tools arm embedded/7 2018-q2-update/bin/../lib/gcc/arm-none-eabi/7.3.1/thumb/v7e-m\libgcc.a(_arm_cmpdf2.o)
                              ./printf/printf.o (__aeabi_dcmpeq)
c:/program files (x86)/gnu tools arm embedded/7 2018-q2-update/bin/../lib/gcc/arm-none-eabi/7.3.1/thumb/v7e-m\libgcc.a(_arm_fixdfsi.o)
                              ./printf/printf.o (__aeabi_d2iz)
c:/program files (x86)/gnu tools arm embedded/7 2018-q2-update/bin/../lib/gcc/arm-none-eabi/7.3.1/thumb/v7e-m\libgcc.a(_arm_fixunsdfsi.o)
                              ./printf/printf.o (__aeabi_d2uiz)
c:/program files (x86)/gnu tools arm embedded/7 2018-q2-update/bin/../lib/gcc/arm-none-eabi/7.3.1/thumb/v7e-m\libgcc.a(_arm_addsubsf3.o)
                              ./Driver/Source/DRV_I2C.o (__aeabi_ui2f)
c:/program files (x86)/gnu tools arm embedded/7 2018-q2-update/bin/../lib/gcc/arm-none-eabi/7.3.1/thumb/v7e-m\libgcc.a(_arm_muldivsf3.o)
                              ./Driver/Source/DRV_I2C.o (__aeabi_fmul)
c:/program files (x86)/gnu tools arm embedded/7 2018-q2-update/bin/../lib/gcc/arm-none-eabi/7.3.1/thumb/v7e-m\libgcc.a(_arm_fixunssfsi.o)
                              ./Driver/Source/DRV_I2C.o (__aeabi_f2uiz)
c:/program files (x86)/gnu tools arm embedded/7 2018-q2-update/bin/../lib/gcc/arm-none-eabi/7.3.1/thumb/v7e-m\libgcc.a(_aeabi_ldivmod.o)
                              ./applib/timex.o (__aeabi_ldivmod)
c:/program files (x86)/gnu tools arm embedded/7 2018-q2-update/bin/../lib/gcc/arm-none-eabi/7.3.1/thumb/v7e-m\libgcc.a(_aeabi_uldivmod.o)
                              ./printf/printf.o (__aeabi_uldivmod)
c:/program files (x86)/gnu tools arm embedded/7 2018-q2-update/bin/../lib/gcc/arm-none-eabi/7.3.1/thumb/v7e-m\libgcc.a(_udivmoddi4.o)
                              c:/program files (x86)/gnu tools arm embedded/7 2018-q2-update/bin/../lib/gcc/arm-none-eabi/7.3.1/thumb/v7e-m\libgcc.a(_aeabi_ldivmod.o) (__udivmoddi4)
c:/program files (x86)/gnu tools arm embedded/7 2018-q2-update/bin/../lib/gcc/arm-none-eabi/7.3.1/thumb/v7e-m\libgcc.a(unwind-arm.o)
                              ./serial/serial.o (__aeabi_unwind_cpp_pr0)
c:/program files (x86)/gnu tools arm embedded/7 2018-q2-update/bin/../lib/gcc/arm-none-eabi/7.3.1/thumb/v7e-m\libgcc.a(libunwind.o)
                              c:/program files (x86)/gnu tools arm embedded/7 2018-q2-update/bin/../lib/gcc/arm-none-eabi/7.3.1/thumb/v7e-m\libgcc.a(unwind-arm.o) (restore_core_regs)
c:/program files (x86)/gnu tools arm embedded/7 2018-q2-update/bin/../lib/gcc/arm-none-eabi/7.3.1/thumb/v7e-m\libgcc.a(pr-support.o)
                              c:/program files (x86)/gnu tools arm embedded/7 2018-q2-update/bin/../lib/gcc/arm-none-eabi/7.3.1/thumb/v7e-m\libgcc.a(unwind-arm.o) (__gnu_unwind_execute)
c:/program files (x86)/gnu tools arm embedded/7 2018-q2-update/bin/../lib/gcc/arm-none-eabi/7.3.1/thumb/v7e-m\libgcc.a(_dvmd_tls.o)
                              c:/program files (x86)/gnu tools arm embedded/7 2018-q2-update/bin/../lib/gcc/arm-none-eabi/7.3.1/thumb/v7e-m\libgcc.a(_aeabi_ldivmod.o) (__aeabi_ldiv0)
c:/program files (x86)/gnu tools arm embedded/7 2018-q2-update/bin/../lib/gcc/arm-none-eabi/7.3.1/../../../../arm-none-eabi/lib/thumb/v7e-m\libg_nano.a(lib_a-abort.o)
                              c:/program files (x86)/gnu tools arm embedded/7 2018-q2-update/bin/../lib/gcc/arm-none-eabi/7.3.1/thumb/v7e-m\libgcc.a(unwind-arm.o) (abort)
c:/program files (x86)/gnu tools arm embedded/7 2018-q2-update/bin/../lib/gcc/arm-none-eabi/7.3.1/../../../../arm-none-eabi/lib/thumb/v7e-m\libg_nano.a(lib_a-atoi.o)
                              ./miniconsole/mini_console.o (atoi)
c:/program files (x86)/gnu tools arm embedded/7 2018-q2-update/bin/../lib/gcc/arm-none-eabi/7.3.1/../../../../arm-none-eabi/lib/thumb/v7e-m\libg_nano.a(lib_a-ctime_r.o)
                              ./miniconsole/mini_console.o (ctime_r)
c:/program files (x86)/gnu tools arm embedded/7 2018-q2-update/bin/../lib/gcc/arm-none-eabi/7.3.1/../../../../arm-none-eabi/lib/thumb/v7e-m\libg_nano.a(lib_a-impure.o)
                              ./FreeRTOS/FreeRTOS/portable/MemMang/heap_useNewlib.o (_impure_ptr)
c:/program files (x86)/gnu tools arm embedded/7 2018-q2-update/bin/../lib/gcc/arm-none-eabi/7.3.1/../../../../arm-none-eabi/lib/thumb/v7e-m\libg_nano.a(lib_a-lcltime_r.o)
[...]
Memory Configuration

Name             Origin             Length             Attributes
UNCACHED         0x08e00200         0x00000400         xr
FLASH            0x18e00600         0x000fea00         xr
GPM_RAM          0x0c0e0000         0x00010000         xrw
RESERVED         0x0c0f0000         0x00010000         xrw
MBOX4_MEM        0x0d02fa00         0x00000080         rw
MBOX5_MEM        0x0d02fa80         0x00000080         rw
MBOX11_MEM       0x0d02fd80         0x00000080         r
RAM              0x00020000         0x00020000         xrw
*default*        0x00000000         0xffffffff

Linker script and memory map

LOAD ./serial/serial.o
LOAD ./pwrmanager/src/fastlz.o
LOAD ./pwrmanager/src/hibernate.o
LOAD ./pwrmanager/src/mem_retain.o
LOAD ./pwrmanager/src/pwr_mngr.o
LOAD ./pwrmanager/src/sleep_mngr.o
LOAD ./pwrmanager/src/sleep_notify.o
LOAD ./printf/printf.o
LOAD ./osal/Source/freertos_osal.o
LOAD ./miniconsole/mini_console.o
LOAD ./hifc/mi/hifc_mi.o
LOAD ./hifc/core/hifc_api.o
LOAD ./example/main.o
LOAD ./example/main_led.o
LOAD ./applib/applib.o
LOAD ./applib/backtrace.o
LOAD ./applib/fault_handler.o
LOAD ./applib/newlibPort.o
LOAD ./applib/reset.o
LOAD ./applib/timex.o
LOAD ./FreeRTOS/FreeRTOS/portable/MemMang/heap_useNewlib.o
LOAD ./FreeRTOS/FreeRTOS/portable/GCC/ARM_CM3/alt125x_tickless_sleep.o
LOAD ./FreeRTOS/FreeRTOS/portable/GCC/ARM_CM3/port.o
LOAD ./FreeRTOS/FreeRTOS/FreeRTOS-openocd.o
LOAD ./FreeRTOS/FreeRTOS/croutine.o
LOAD ./FreeRTOS/FreeRTOS/event_groups.o
LOAD ./FreeRTOS/FreeRTOS/list.o
LOAD ./FreeRTOS/FreeRTOS/queue.o
LOAD ./FreeRTOS/FreeRTOS/stream_buffer.o
LOAD ./FreeRTOS/FreeRTOS/tasks.o
LOAD ./FreeRTOS/FreeRTOS/timers.o
LOAD ./Driver/Source/Private/ALT1250/DRV_IF_CFG.o
LOAD ./Driver/Source/Private/ALT1250/DRV_IOSEL.o
LOAD ./Driver/Source/Private/DRV_32KTIMER.o
LOAD ./Driver/Source/Private/DRV_ATOMIC_COUNTER.o
LOAD ./Driver/Source/Private/DRV_CLOCK_GATING.o
LOAD ./Driver/Source/Private/DRV_GPIO_WAKEUP.o
LOAD ./Driver/Source/Private/DRV_PMP_AGENT.o
LOAD ./Driver/Source/Private/DRV_SB_ENABLE.o
LOAD ./Driver/Source/Private/DRV_SLEEP.o
LOAD ./Driver/Source/Private/sha256.o
LOAD ./Driver/Source/DRV_AUXADC.o
LOAD ./Driver/Source/DRV_CCM.o
LOAD ./Driver/Source/DRV_FLASH.o
LOAD ./Driver/Source/DRV_GDMA.o
LOAD ./Driver/Source/DRV_GPIO.o
LOAD ./Driver/Source/DRV_GPTIMER.o
LOAD ./Driver/Source/DRV_I2C.o
LOAD ./Driver/Source/DRV_IO.o
LOAD ./Driver/Source/DRV_LED.o
LOAD ./Driver/Source/DRV_OTP.o
LOAD ./Driver/Source/DRV_PM.o
LOAD ./Driver/Source/DRV_PWM_DAC.o
LOAD ./Driver/Source/DRV_SPI.o
LOAD ./Driver/Source/DRV_UART.o
LOAD ./Driver/Source/DRV_WATCHDOG.o
LOAD ./Chipset/Source/startup_ALT125x.o
LOAD ./Chipset/Source/system_ALT125x.o
LOAD ./CMSIS-FreeRTOS/Source/cmsis_os1.o
LOAD ./CMSIS-FreeRTOS/Source/cmsis_os2.o
LOAD ./CMSIS-FreeRTOS/Source/os_systick.o
START GROUP
LOAD c:/program files (x86)/gnu tools arm embedded/7 2018-q2-update/bin/../lib/gcc/arm-none-eabi/7.3.1/thumb/v7e-m\libgcc.a
LOAD c:/program files (x86)/gnu tools arm embedded/7 2018-q2-update/bin/../lib/gcc/arm-none-eabi/7.3.1/../../../../arm-none-eabi/lib/thumb/v7e-m\libg_nano.a
LOAD c:/program files (x86)/gnu tools arm embedded/7 2018-q2-update/bin/../lib/gcc/arm-none-eabi/7.3.1/../../../../arm-none-eabi/lib/thumb/v7e-m\libc_nano.a
END GROUP
START GROUP
LOAD c:/program files (x86)/gnu tools arm embedded/7 2018-q2-update/bin/../lib/gcc/arm-none-eabi/7.3.1/thumb/v7e-m\libgcc.a
LOAD c:/program files (x86)/gnu tools arm embedded/7 2018-q2-update/bin/../lib/gcc/arm-none-eabi/7.3.1/../../../../arm-none-eabi/lib/thumb/v7e-m\libc_nano.a
LOAD c:/program files (x86)/gnu tools arm embedded/7 2018-q2-update/bin/../lib/gcc/arm-none-eabi/7.3.1/../../../../arm-none-eabi/lib/thumb/v7e-m\libnosys.a
END GROUP
START GROUP
LOAD c:/program files (x86)/gnu tools arm embedded/7 2018-q2-update/bin/../lib/gcc/arm-none-eabi/7.3.1/thumb/v7e-m\libgcc.a
LOAD c:/program files (x86)/gnu tools arm embedded/7 2018-q2-update/bin/../lib/gcc/arm-none-eabi/7.3.1/../../../../arm-none-eabi/lib/thumb/v7e-m\libc_nano.a
LOAD c:/program files (x86)/gnu tools arm embedded/7 2018-q2-update/bin/../lib/gcc/arm-none-eabi/7.3.1/../../../../arm-none-eabi/lib/thumb/v7e-m\libnosys.a
END GROUP
                0x00e00000                __MCU_MTD_PARTITION_OFFSET__ = 0xe00000
                0x000ff000                __MCU_MTD_PARTITION_SIZE__ = 0xff000
                0x0c0e0000                __GPM_RAM_BASE__ = 0xc0e0000
                0x00020000                __GPM_RAM_SIZE__ = 0x20000
                0x00000400                __STACK_SIZE = 0x400
                0x08000000                __MCU_MTD_PARTITION_BASE__ = 0x8000000
                0x00000200                __HEADER_SIZE__ = 0x200
                0x00000400                __UNCACHED_SIZE__ = 0x400
                0x08e00200                __UNCACHED_ORIGIN__ = ((__MCU_MTD_PARTITION_BASE__ + __MCU_MTD_PARTITION_OFFSET__) + __HEADER_SIZE__)
                0x18e00600                __FLASH_ORIGIN__ = ((__UNCACHED_ORIGIN__ + __UNCACHED_SIZE__) + 0x10000000)
                0x00010000                __RESERVED_GPM_RAM_SIZE__ = DEFINED (__RESERVED_GPM_RAM_SIZE__)?__RESERVED_GPM_RAM_SIZE__:(__GPM_RAM_SIZE__ / 0x2)
                0x00000080                __MBOX_MEM_LENGTH__ = 0x80

.uncached       0x08e00200      0x328
                0x08e00200                __uncached_start__ = .
 *(.vectors)
 .vectors       0x08e00200      0x180 ./Chipset/Source/startup_ALT125x.o
                0x08e00200                __Vectors
                0x08e00380                __end__ = .
 *(.uncached*)
 .uncached      0x08e00380      0x16c ./Chipset/Source/startup_ALT125x.o
                0x08e00380                Reset_Handler
 *fill*         0x08e004ec        0x4 
 .uncached.__stub
                0x08e004f0       0x38 linker stubs
                0x08e00528                __uncached_end__ = .
                0x00000001                ASSERT ((LENGTH (UNCACHED) >= (__uncached_end__ - __uncached_start__)), UNCACHED memory overflowed)

.text           0x18e00600    0x11888 load address 0x08e00600
 *(.text*)
 .text.Get_Resource
                0x18e00600       0x14 ./serial/serial.o
 .text.Get_System_Clock
                0x18e00614        0xc ./serial/serial.o
 .text.Get_Ref_Clock
                0x18e00620        0x8 ./serial/serial.o
 .text.UART_EventCallback
                0x18e00628       0x30 ./serial/serial.o
 .text.serial_open
                0x18e00658       0xe8 ./serial/serial.o
                0x18e00658                serial_open
 .text.serial_read
                0x18e00740       0x6a ./serial/serial.o
                0x18e00740                serial_read
 *fill*         0x18e007aa        0x2 
 .text.dump_statistics
                0x18e007ac       0x84 ./serial/serial.o
                0x18e007ac                dump_statistics
 .text.fastlz1_compress
                0x18e00830      0x368 ./pwrmanager/src/fastlz.o
 .text.fastlz1_decompress
                0x18e00b98      0x144 ./pwrmanager/src/fastlz.o
 .text.fastlz_decompress_internal
                0x18e00cdc       0x20 ./pwrmanager/src/fastlz.o
                0x18e00cdc                fastlz_decompress_internal
 .text.fastlz_compress_level
                0x18e00cfc       0x26 ./pwrmanager/src/fastlz.o
                0x18e00cfc                fastlz_compress_level
 .text.ZeroFreeMem
                0x18e00d22       0x2c ./pwrmanager/src/hibernate.o
 .text.GetFreeStack
                0x18e00d4e       0x4e ./pwrmanager/src/hibernate.o
 .text.GetFreeList
                0x18e00d9c       0x14 ./pwrmanager/src/hibernate.o
 .text.DecompressPartial
                0x18e00db0       0x4c ./pwrmanager/src/hibernate.o
 .text.hibernate_to_flash
                0x18e00dfc       0x84 ./pwrmanager/src/hibernate.o
                0x18e00dfc                hibernate_to_flash
 .text.hibernate_from_flash
                0x18e00e80       0x40 ./pwrmanager/src/hibernate.o
                0x18e00e80                hibernate_from_flash
 .text.hibernate_prepare_flash_space
                0x18e00ec0      0x110 ./pwrmanager/src/hibernate.o
                0x18e00ec0                hibernate_prepare_flash_space
 .text.probe_flash_offset
                0x18e00fd0       0x60 ./pwrmanager/src/hibernate.o
                0x18e00fd0                probe_flash_offset
 .text.hibernate_to_gpm
                0x18e01030       0xc4 ./pwrmanager/src/hibernate.o
                0x18e01030                hibernate_to_gpm
 .text.hibernate_from_gpm
                0x18e010f4       0x18 ./pwrmanager/src/hibernate.o
                0x18e010f4                hibernate_from_gpm
 .text.pm_sleep_enable
                0x18e0110c       0x14 ./pwrmanager/src/pwr_mngr.o
 .text.pm_sleep_disable
                0x18e01120       0x18 ./pwrmanager/src/pwr_mngr.o
 .text.update_sleep_manager_counter
                0x18e01138       0x44 ./pwrmanager/src/pwr_mngr.o
 .text.pwr_check_uart_inactive_time
                0x18e0117c       0x4c ./pwrmanager/src/pwr_mngr.o
 .text.pm_conf_init
                0x18e011c8       0x54 ./pwrmanager/src/pwr_mngr.o
 .text.pwr_mngr_check_mon_gpio_busy
                0x18e0121c       0x5c ./pwrmanager/src/pwr_mngr.o
 .text.pwr_mngr_conf_get_sleep
                0x18e01278        0xc ./pwrmanager/src/pwr_mngr.o
                0x18e01278                pwr_mngr_conf_get_sleep
 .text.pwr_mngr_enable_sleep
                0x18e01284       0x40 ./pwrmanager/src/pwr_mngr.o
                0x18e01284                pwr_mngr_enable_sleep
 .text.pwr_mngr_conf_set_mode
                0x18e012c4       0x38 ./pwrmanager/src/pwr_mngr.o
                0x18e012c4                pwr_mngr_conf_set_mode
 .text.pwr_mngr_conf_get_settings
                0x18e012fc       0x24 ./pwrmanager/src/pwr_mngr.o
                0x18e012fc                pwr_mngr_conf_get_settings
 .text.pwr_mngr_pre_sleep_process
                0x18e01320       0x2c ./pwrmanager/src/pwr_mngr.o
                0x18e01320                pwr_mngr_pre_sleep_process
 .text.pwr_mngr_post_sleep_process
                0x18e0134c       0x28 ./pwrmanager/src/pwr_mngr.o
                0x18e0134c                pwr_mngr_post_sleep_process
 .text.pwr_mngr_refresh_uart_inactive_time
                0x18e01374       0x1c ./pwrmanager/src/pwr_mngr.o
                0x18e01374                pwr_mngr_refresh_uart_inactive_time
 .text.pwr_mngr_clr_prevent_sleep_cntr
                0x18e01390       0x14 ./pwrmanager/src/pwr_mngr.o
                0x18e01390                pwr_mngr_clr_prevent_sleep_cntr
 .text.pwr_mngr_check_allow2sleep
                0x18e013a4       0x8c ./pwrmanager/src/pwr_mngr.o
                0x18e013a4                pwr_mngr_check_allow2sleep
 .text.pwr_mngr_enter_sleep
                0x18e01430       0x88 ./pwrmanager/src/pwr_mngr.o
                0x18e01430                pwr_mngr_enter_sleep
 .text.pwr_mngr_init
                0x18e014b8       0x48 ./pwrmanager/src/pwr_mngr.o
                0x18e014b8                pwr_mngr_init
 .text.smngr_init
                0x18e01500       0x3c ./pwrmanager/src/sleep_mngr.o
                0x18e01500                smngr_init
 .text.smngr_is_dev_busy
                0x18e0153c       0x44 ./pwrmanager/src/sleep_mngr.o
                0x18e0153c                smngr_is_dev_busy
 .text.sleep_notify_init
                0x18e01580       0x58 ./pwrmanager/src/sleep_notify.o
                0x18e01580                sleep_notify_init
 .text.sleep_notify
                0x18e015d8       0x38 ./pwrmanager/src/sleep_notify.o
                0x18e015d8                sleep_notify
 .text._out_buffer
                0x18e01610        0x8 ./printf/printf.o
 .text._out_null
                0x18e01618        0x2 ./printf/printf.o
 .text._atoi    0x18e0161a       0x24 ./printf/printf.o
 .text._out_rev
                0x18e0163e       0x74 ./printf/printf.o
 .text._ntoa_format
                0x18e016b2      0x138 ./printf/printf.o
 .text._ntoa_long
                0x18e017ea       0x92 ./printf/printf.o
 .text._ntoa_long_long
                0x18e0187c       0xbc ./printf/printf.o
 .text._etoa    0x18e01938      0x3e8 ./printf/printf.o
 .text._ftoa    0x18e01d20      0x360 ./printf/printf.o
 .text._vsnprintf
                0x18e02080      0x6dc ./printf/printf.o
 .text._out_char
                0x18e0275c        0xc ./printf/printf.o
 .text.printf_  0x18e02768       0x2c ./printf/printf.o
                0x18e02768                printf_
 .text.sprintf_
                0x18e02794       0x2c ./printf/printf.o
                0x18e02794                sprintf_
 .text.snprintf_
                0x18e027c0       0x28 ./printf/printf.o
                0x18e027c0                snprintf_
 .text.alt_osal_timer_callback
                0x18e027e8       0x10 ./osal/Source/freertos_osal.o
 .text.alt_osal_irq_context
                0x18e027f8       0x2c ./osal/Source/freertos_osal.o
                0x18e027f8                alt_osal_irq_context
 .text.alt_osal_create_task
                0x18e02824       0xd8 ./osal/Source/freertos_osal.o
                0x18e02824                alt_osal_create_task
 .text.alt_osal_list_task
                0x18e028fc       0x12 ./osal/Source/freertos_osal.o
                0x18e028fc                alt_osal_list_task
 .text.alt_osal_create_mutex
                0x18e0290e       0xaa ./osal/Source/freertos_osal.o
                0x18e0290e                alt_osal_create_mutex
 .text.alt_osal_lock_mutex
                0x18e029b8       0xbc ./osal/Source/freertos_osal.o
                0x18e029b8                alt_osal_lock_mutex
 .text.alt_osal_unlock_mutex
                0x18e02a74       0x90 ./osal/Source/freertos_osal.o
                0x18e02a74                alt_osal_unlock_mutex
 .text.alt_osal_create_timer
                0x18e02b04       0xcc ./osal/Source/freertos_osal.o
                0x18e02b04                alt_osal_create_timer
 .text.alt_osal_start_timer
                0x18e02bd0       0x74 ./osal/Source/freertos_osal.o
                0x18e02bd0                alt_osal_start_timer
 .text.alt_osal_stop_timer
                0x18e02c44       0x80 ./osal/Source/freertos_osal.o
                0x18e02c44                alt_osal_stop_timer
 .text.alt_osal_clear_taskflag
                0x18e02cc4       0x5e ./osal/Source/freertos_osal.o
                0x18e02cc4                alt_osal_clear_taskflag
 *fill*         0x18e02d22        0x2 
 .text.alt_osal_set_taskflag
                0x18e02d24       0x88 ./osal/Source/freertos_osal.o
                0x18e02d24                alt_osal_set_taskflag
 .text.alt_osal_wait_taskflag
                0x18e02dac       0xa8 ./osal/Source/freertos_osal.o
                0x18e02dac                alt_osal_wait_taskflag
 .text.alt_osal_get_current_task_handle
                0x18e02e54        0x8 ./osal/Source/freertos_osal.o
                0x18e02e54                alt_osal_get_current_task_handle
 .text.alt_osal_enter_critital_section
                0x18e02e5c        0x8 ./osal/Source/freertos_osal.o
                0x18e02e5c                alt_osal_enter_critital_section
 .text.alt_osal_exit_critital_section
                0x18e02e64        0x8 ./osal/Source/freertos_osal.o
                0x18e02e64                alt_osal_exit_critital_section
 .text.alt_osal_get_tick_count
                0x18e02e6c       0x14 ./osal/Source/freertos_osal.o
                0x18e02e6c                alt_osal_get_tick_count
 .text.alt_osal_enter_critical
                0x18e02e80       0x26 ./osal/Source/freertos_osal.o
                0x18e02e80                alt_osal_enter_critical
 .text.alt_osal_exit_critical
                0x18e02ea6       0x16 ./osal/Source/freertos_osal.o
                0x18e02ea6                alt_osal_exit_critical
 .text.alt_osal_is_inside_interrupt
                0x18e02ebc        0xe ./osal/Source/freertos_osal.o
                0x18e02ebc                alt_osal_is_inside_interrupt
 .text.alt_osal_get_tasks_status
                0x18e02eca       0x60 ./osal/Source/freertos_osal.o
                0x18e02eca                alt_osal_get_tasks_status
 *fill*         0x18e02f2a        0x2 
 .text.do_ver   0x18e02f2c       0x1c ./miniconsole/mini_console.o
                0x18e02f2c                do_ver
 .text.do_mem_info
                0x18e02f48       0x34 ./miniconsole/mini_console.o
                0x18e02f48                do_mem_info
 .text.do_ps    0x18e02f7c       0x24 ./miniconsole/mini_console.o
                0x18e02f7c                do_ps
 .text.do_serialinfo
                0x18e02fa0       0x44 ./miniconsole/mini_console.o
                0x18e02fa0                do_serialinfo
 .text.hifc_print_stat
                0x18e02fe4      0x16c ./miniconsole/mini_console.o
 .text.do_hifc  0x18e03150       0xfc ./miniconsole/mini_console.o
                0x18e03150                do_hifc
 .text.do_time  0x18e0324c      0x160 ./miniconsole/mini_console.o
                0x18e0324c                do_time
 .text.do_reset
                0x18e033ac       0x18 ./miniconsole/mini_console.o
                0x18e033ac                do_reset
 .text.do_hibernate
                0x18e033c4       0xf0 ./miniconsole/mini_console.o
                0x18e033c4                do_hibernate
 .text.mini_console_ext
                0x18e034b4       0x50 ./miniconsole/mini_console.o
                0x18e034b4                mini_console_ext
 .text.mini_console
                0x18e03504        0xa ./miniconsole/mini_console.o
                0x18e03504                mini_console
 *fill*         0x18e0350e        0x2 
 .text.print_menu_header
                0x18e03510       0x30 ./miniconsole/mini_console.o
                0x18e03510                print_menu_header
 .text.print_help_menu
                0x18e03540       0x30 ./miniconsole/mini_console.o
                0x18e03540                print_help_menu
 .text.leagal_address
                0x18e03570       0x96 ./miniconsole/mini_console.o
                0x18e03570                leagal_address
 *fill*         0x18e03606        0x2 
 .text.do_read  0x18e03608       0x34 ./miniconsole/mini_console.o
                0x18e03608                do_read
 .text.do_write
                0x18e0363c       0x30 ./miniconsole/mini_console.o
                0x18e0363c                do_write
 .text.replace_line
                0x18e0366c       0x88 ./miniconsole/mini_console.o
                0x18e0366c                replace_line
 .text.serial_gets
                0x18e036f4      0x374 ./miniconsole/mini_console.o
                0x18e036f4                serial_gets
 .text.prvMiniConsoleTask
                0x18e03a68       0xd4 ./miniconsole/mini_console.o
 .text.hifc_mi_utx_set
                0x18e03b3c        0x2 ./hifc/mi/hifc_mi.o
                0x18e03b3c                hifc_mi_utx_set
 .text.hifc_mi_urx_init
                0x18e03b3e        0x2 ./hifc/mi/hifc_mi.o
                0x18e03b3e                hifc_mi_urx_init
 .text.hifc_mi_urx_isr_deinit
                0x18e03b40        0x2 ./hifc/mi/hifc_mi.o
                0x18e03b40                hifc_mi_urx_isr_deinit
 .text.hifc_mi_txrx_to_uart
                0x18e03b42        0x2 ./hifc/mi/hifc_mi.o
                0x18e03b42                hifc_mi_txrx_to_uart
 .text.hifc_mi_txrx_to_gpio
                0x18e03b44        0x2 ./hifc/mi/hifc_mi.o
                0x18e03b44                hifc_mi_txrx_to_gpio
 .text.hifc_mi_disableRts
                0x18e03b46        0x2 ./hifc/mi/hifc_mi.o
                0x18e03b46                hifc_mi_disableRts
 .text.hifc_mi_enableRts
                0x18e03b48        0x2 ./hifc/mi/hifc_mi.o
                0x18e03b48                hifc_mi_enableRts
 .text.hifc_mi_enableTxRx
                0x18e03b4a        0x2 ./hifc/mi/hifc_mi.o
                0x18e03b4a                hifc_mi_enableTxRx
 .text.hifc_mi_disableTxRx
                0x18e03b4c        0x2 ./hifc/mi/hifc_mi.o
                0x18e03b4c                hifc_mi_disableTxRx
 *fill*         0x18e03b4e        0x2 
 .text.MAILBOX_IRQHandler
                0x18e03b50       0x18 ./hifc/mi/hifc_mi.o
                0x18e03b50                MAILBOX_IRQHandler
 .text.hifc_mi_h2m_set
                0x18e03b68       0x2c ./hifc/mi/hifc_mi.o
                0x18e03b68                hifc_mi_h2m_set
 .text.hifc_mi_m2h_init
                0x18e03b94       0x28 ./hifc/mi/hifc_mi.o
                0x18e03b94                hifc_mi_m2h_init
 .text.hifc_mi_m2h_isr_deinit
                0x18e03bbc        0xa ./hifc/mi/hifc_mi.o
                0x18e03bbc                hifc_mi_m2h_isr_deinit
 .text.hifc_mi_is_tx_empty
                0x18e03bc6        0x8 ./hifc/mi/hifc_mi.o
                0x18e03bc6                hifc_mi_is_tx_empty
 .text.enable_TxDataRegEmptyInterrupt
                0x18e03bce        0x2 ./hifc/mi/hifc_mi.o
                0x18e03bce                enable_TxDataRegEmptyInterrupt
 .text.is_hwflow_on
                0x18e03bd0        0x6 ./hifc/mi/hifc_mi.o
                0x18e03bd0                is_hwflow_on
 .text.get_pin_value
                0x18e03bd6       0x20 ./hifc/mi/hifc_mi.o
                0x18e03bd6                get_pin_value
 *fill*         0x18e03bf6        0x2 
 .text.init_mi  0x18e03bf8       0x84 ./hifc/mi/hifc_mi.o
                0x18e03bf8                init_mi
 .text.set_if_state
                0x18e03c7c        0xc ./hifc/core/hifc_api.o
 .text.hifc_get_host_interface_state
                0x18e03c88        0xc ./hifc/core/hifc_api.o
 .text.hifc_set_host_interface_state
                0x18e03c94        0xc ./hifc/core/hifc_api.o
 .text.get_hifc_mode
                0x18e03ca0        0xc ./hifc/core/hifc_api.o
 .text.get_reset_timer_period
                0x18e03cac       0x2c ./hifc/core/hifc_api.o
 .text.hifc_host_interface_init
                0x18e03cd8       0xd0 ./hifc/core/hifc_api.o
                0x18e03cd8                hifc_host_interface_init
 .text.get_if_state
                0x18e03da8        0xc ./hifc/core/hifc_api.o
                0x18e03da8                get_if_state
 .text.isHifcPort
                0x18e03db4       0x28 ./hifc/core/hifc_api.o
                0x18e03db4                isHifcPort
 .text.clear_hifc_status_report
                0x18e03ddc       0x1c ./hifc/core/hifc_api.o
                0x18e03ddc                clear_hifc_status_report
 .text.get_hifc_status_report
                0x18e03df8       0x88 ./hifc/core/hifc_api.o
                0x18e03df8                get_hifc_status_report
 .text.generic_reset_inactivity_timer
                0x18e03e80       0x64 ./hifc/core/hifc_api.o
                0x18e03e80                generic_reset_inactivity_timer
 .text.hifc_cmode_resume_time_isr
                0x18e03ee4       0x20 ./hifc/core/hifc_api.o
                0x18e03ee4                hifc_cmode_resume_time_isr
 .text.hifc_host_resume_sm
                0x18e03f04      0x130 ./hifc/core/hifc_api.o
 .text.hifc_host_resume
                0x18e04034       0x48 ./hifc/core/hifc_api.o
 .text.force_host_resume
                0x18e0407c       0x34 ./hifc/core/hifc_api.o
                0x18e0407c                force_host_resume
 .text.hifc_modem_resume_sm
                0x18e040b0       0xf4 ./hifc/core/hifc_api.o
 .text.hifc_host_suspend_sm
                0x18e041a4       0xf8 ./hifc/core/hifc_api.o
 .text.hifc_host_suspend
                0x18e0429c       0x40 ./hifc/core/hifc_api.o
 .text.hifc_protocol_timeout_isr
                0x18e042dc       0xc4 ./hifc/core/hifc_api.o
                0x18e042dc                hifc_protocol_timeout_isr
 .text.force_host_suspend
                0x18e043a0       0x4c ./hifc/core/hifc_api.o
                0x18e043a0                force_host_suspend
 .text.hifc_urx_level_change_callback
                0x18e043ec       0x44 ./hifc/core/hifc_api.o
 .text.hifc_m2h_level_change_callback
                0x18e04430       0x44 ./hifc/core/hifc_api.o
 .text.set_hifc_mode
                0x18e04474       0x40 ./hifc/core/hifc_api.o
                0x18e04474                set_hifc_mode
 .text.hifc_inactivity_timeout_isr
                0x18e044b4       0x70 ./hifc/core/hifc_api.o
                0x18e044b4                hifc_inactivity_timeout_isr
 .text.set_inactivity_timer
                0x18e04524       0x94 ./hifc/core/hifc_api.o
                0x18e04524                set_inactivity_timer
 .text.request_to_send
                0x18e045b8       0x48 ./hifc/core/hifc_api.o
                0x18e045b8                request_to_send
 .text.main     0x18e04600       0x18 ./example/main.o
                0x18e04600                main
 .text.do_led   0x18e04618      0x13c ./example/main_led.o
                0x18e04618                do_led
 .text.do_hello
                0x18e04754       0x2c ./example/main_led.o
                0x18e04754                do_hello
 .text.common_platform_initialize
                0x18e04780       0x14 ./applib/applib.o
 .text._start   0x18e04794       0x64 ./applib/applib.o
                0x18e04794                _start
 .text.bt_fn    0x18e047f8       0x58 ./applib/backtrace.o
                0x18e047f8                bt_fn
 .text.dump_backtrace
                0x18e04850       0x2c ./applib/backtrace.o
                0x18e04850                dump_backtrace
 .text.prvGetRegistersFromStack
                0x18e0487c      0x194 ./applib/fault_handler.o
                0x18e0487c                prvGetRegistersFromStack
 .text.HardFault_Handler
                0x18e04a10       0x1a ./applib/fault_handler.o
                0x18e04a10                HardFault_Handler
 *fill*         0x18e04a2a        0x2 
 .text.Default_Handler
                0x18e04a2c       0x18 ./applib/fault_handler.o
                0x18e04a2c                Default_Handler
 .text.portASSERT
                0x18e04a44        0x4 ./applib/fault_handler.o
                0x18e04a44                portASSERT
 .text.vApplicationMallocFailedHook
                0x18e04a48       0x18 ./applib/fault_handler.o
                0x18e04a48                vApplicationMallocFailedHook
 .text.vApplicationStackOverflowHook
                0x18e04a60       0x18 ./applib/fault_handler.o
                0x18e04a60                vApplicationStackOverflowHook
 .text.newlib_set_stdout_port
                0x18e04a78       0x18 ./applib/newlibPort.o
                0x18e04a78                newlib_set_stdout_port
 .text._putchar
                0x18e04a90       0x18 ./applib/newlibPort.o
                0x18e04a90                _putchar
 .text._write   0x18e04aa8       0x30 ./applib/newlibPort.o
                0x18e04aa8                _write
 .text.machine_reset
                0x18e04ad8       0x42 ./applib/reset.o
                0x18e04ad8                machine_reset
 *fill*         0x18e04b1a        0x2 
 .text.update_system_time
                0x18e04b1c       0x38 ./applib/timex.o
 .text.time     0x18e04b54       0x38 ./applib/timex.o
                0x18e04b54                time
 .text.stime    0x18e04b8c       0x30 ./applib/timex.o
                0x18e04b8c                stime
 .text.uptime   0x18e04bbc       0x1c ./applib/timex.o
                0x18e04bbc                uptime
 .text.vApplicationTickHook
                0x18e04bd8       0xe0 ./applib/timex.o
                0x18e04bd8                vApplicationTickHook
 .text.trace_tick_count
                0x18e04cb8       0xfc ./applib/timex.o
                0x18e04cb8                trace_tick_count
 .text._sbrk_r  0x18e04db4       0x68 ./FreeRTOS/FreeRTOS/portable/MemMang/heap_useNewlib.o
                0x18e04db4                _sbrk_r
 .text.__malloc_lock
                0x18e04e1c       0x24 ./FreeRTOS/FreeRTOS/portable/MemMang/heap_useNewlib.o
                0x18e04e1c                __malloc_lock
 .text.__malloc_unlock
                0x18e04e40        0x8 ./FreeRTOS/FreeRTOS/portable/MemMang/heap_useNewlib.o
                0x18e04e40                __malloc_unlock
 .text.__env_lock
                0x18e04e48        0x8 ./FreeRTOS/FreeRTOS/portable/MemMang/heap_useNewlib.o
                0x18e04e48                __env_lock
 .text.__env_unlock
                0x18e04e50        0x8 ./FreeRTOS/FreeRTOS/portable/MemMang/heap_useNewlib.o
                0x18e04e50                __env_unlock
 .text.newlib_malloc_fragmentation
                0x18e04e58       0x84 ./FreeRTOS/FreeRTOS/portable/MemMang/heap_useNewlib.o
                0x18e04e58                newlib_malloc_fragmentation
 .text.get_unused_heap_mem
                0x18e04edc       0x64 ./FreeRTOS/FreeRTOS/portable/MemMang/heap_useNewlib.o
                0x18e04edc                get_unused_heap_mem
 .text.pvPortMalloc
                0x18e04f40       0x14 ./FreeRTOS/FreeRTOS/portable/MemMang/heap_useNewlib.o
                0x18e04f40                pvPortMalloc
 .text.vPortFree
                0x18e04f54        0xc ./FreeRTOS/FreeRTOS/portable/MemMang/heap_useNewlib.o
                0x18e04f54                vPortFree
 .text.xPortGetFreeHeapSize
                0x18e04f60       0x1c ./FreeRTOS/FreeRTOS/portable/MemMang/heap_useNewlib.o
                0x18e04f60                xPortGetFreeHeapSize
 .text.vPortSuppressTicksAndSleep
                0x18e04f7c      0x300 ./FreeRTOS/FreeRTOS/portable/GCC/ARM_CM3/alt125x_tickless_sleep.o
                0x18e04f7c                vPortSuppressTicksAndSleep
 .text.vPortSetupTimerInterrupt
                0x18e0527c       0x64 ./FreeRTOS/FreeRTOS/portable/GCC/ARM_CM3/alt125x_tickless_sleep.o
                0x18e0527c                vPortSetupTimerInterrupt
 .text.prvPortStartFirstTask
                0x18e052e0       0x20 ./FreeRTOS/FreeRTOS/portable/GCC/ARM_CM3/port.o
 .text.prvTaskExitError
                0x18e05300       0x48 ./FreeRTOS/FreeRTOS/portable/GCC/ARM_CM3/port.o
 .text.pxPortInitialiseStack
                0x18e05348       0x24 ./FreeRTOS/FreeRTOS/portable/GCC/ARM_CM3/port.o
                0x18e05348                pxPortInitialiseStack
 *fill*         0x18e0536c        0x4 
 .text.SVC_Handler
                0x18e05370       0x24 ./FreeRTOS/FreeRTOS/portable/GCC/ARM_CM3/port.o
                0x18e05370                SVC_Handler
 .text.vPortEnterCritical
                0x18e05394       0x48 ./FreeRTOS/FreeRTOS/portable/GCC/ARM_CM3/port.o
                0x18e05394                vPortEnterCritical
 .text.vPortExitCritical
                0x18e053dc       0x30 ./FreeRTOS/FreeRTOS/portable/GCC/ARM_CM3/port.o
                0x18e053dc                vPortExitCritical
 *fill*         0x18e0540c        0x4 
 .text.PendSV_Handler
                0x18e05410       0x44 ./FreeRTOS/FreeRTOS/portable/GCC/ARM_CM3/port.o
                0x18e05410                PendSV_Handler
 .text.xPortSysTickHandler
                0x18e05454       0x2c ./FreeRTOS/FreeRTOS/portable/GCC/ARM_CM3/port.o
                0x18e05454                xPortSysTickHandler
 .text.xPortStartScheduler
                0x18e05480       0xbc ./FreeRTOS/FreeRTOS/portable/GCC/ARM_CM3/port.o
                0x18e05480                xPortStartScheduler
 .text.vPortValidateInterruptPriority
                0x18e0553c       0x64 ./FreeRTOS/FreeRTOS/portable/GCC/ARM_CM3/port.o
                0x18e0553c                vPortValidateInterruptPriority
 .text.vListInitialise
                0x18e055a0       0x16 ./FreeRTOS/FreeRTOS/list.o
                0x18e055a0                vListInitialise
 .text.vListInitialiseItem
                0x18e055b6        0x6 ./FreeRTOS/FreeRTOS/list.o
                0x18e055b6                vListInitialiseItem
 .text.vListInsertEnd
                0x18e055bc       0x18 ./FreeRTOS/FreeRTOS/list.o
                0x18e055bc                vListInsertEnd
 .text.vListInsert
                0x18e055d4       0x34 ./FreeRTOS/FreeRTOS/list.o
                0x18e055d4                vListInsert
 .text.uxListRemove
                0x18e05608       0x28 ./FreeRTOS/FreeRTOS/list.o
                0x18e05608                uxListRemove
 .text.prvGetDisinheritPriorityAfterTimeout
                0x18e05630       0x12 ./FreeRTOS/FreeRTOS/queue.o
 .text.prvIsQueueFull
                0x18e05642       0x1e ./FreeRTOS/FreeRTOS/queue.o
 .text.prvIsQueueEmpty
                0x18e05660       0x1a ./FreeRTOS/FreeRTOS/queue.o
 .text.prvCopyDataToQueue
                0x18e0567a       0x76 ./FreeRTOS/FreeRTOS/queue.o
 .text.prvCopyDataFromQueue
                0x18e056f0       0x24 ./FreeRTOS/FreeRTOS/queue.o
 .text.prvUnlockQueue
                0x18e05714       0x6e ./FreeRTOS/FreeRTOS/queue.o
 *fill*         0x18e05782        0x2 
 .text.xQueueGenericReset
                0x18e05784       0x88 ./FreeRTOS/FreeRTOS/queue.o
                0x18e05784                xQueueGenericReset
 .text.prvInitialiseNewQueue
                0x18e0580c       0x22 ./FreeRTOS/FreeRTOS/queue.o
 *fill*         0x18e0582e        0x2 
 .text.xQueueGenericCreateStatic
                0x18e05830       0x98 ./FreeRTOS/FreeRTOS/queue.o
                0x18e05830                xQueueGenericCreateStatic
 .text.xQueueGenericCreate
                0x18e058c8       0x80 ./FreeRTOS/FreeRTOS/queue.o
                0x18e058c8                xQueueGenericCreate
 .text.xQueueGenericSend
                0x18e05948      0x184 ./FreeRTOS/FreeRTOS/queue.o
                0x18e05948                xQueueGenericSend
 .text.prvInitialiseMutex
                0x18e05acc       0x18 ./FreeRTOS/FreeRTOS/queue.o
 .text.xQueueCreateMutex
                0x18e05ae4       0x16 ./FreeRTOS/FreeRTOS/queue.o
                0x18e05ae4                xQueueCreateMutex
 .text.xQueueCreateMutexStatic
                0x18e05afa       0x1e ./FreeRTOS/FreeRTOS/queue.o
                0x18e05afa                xQueueCreateMutexStatic
 .text.xQueueGiveMutexRecursive
                0x18e05b18       0x44 ./FreeRTOS/FreeRTOS/queue.o
                0x18e05b18                xQueueGiveMutexRecursive
 .text.xQueueGenericSendFromISR
                0x18e05b5c       0xec ./FreeRTOS/FreeRTOS/queue.o
                0x18e05b5c                xQueueGenericSendFromISR
 .text.xQueueGiveFromISR
                0x18e05c48       0xcc ./FreeRTOS/FreeRTOS/queue.o
                0x18e05c48                xQueueGiveFromISR
 .text.xQueueReceive
                0x18e05d14      0x160 ./FreeRTOS/FreeRTOS/queue.o
                0x18e05d14                xQueueReceive
 .text.xQueueSemaphoreTake
                0x18e05e74      0x1a8 ./FreeRTOS/FreeRTOS/queue.o
                0x18e05e74                xQueueSemaphoreTake
 .text.xQueueTakeMutexRecursive
                0x18e0601c       0x48 ./FreeRTOS/FreeRTOS/queue.o
                0x18e0601c                xQueueTakeMutexRecursive
 .text.xQueueReceiveFromISR
                0x18e06064       0xc4 ./FreeRTOS/FreeRTOS/queue.o
                0x18e06064                xQueueReceiveFromISR
 .text.vQueueAddToRegistry
                0x18e06128       0x28 ./FreeRTOS/FreeRTOS/queue.o
                0x18e06128                vQueueAddToRegistry
 .text.vQueueWaitForMessageRestricted
                0x18e06150       0x52 ./FreeRTOS/FreeRTOS/queue.o
                0x18e06150                vQueueWaitForMessageRestricted
 *fill*         0x18e061a2        0x2 
 .text.prvGetExpectedIdleTime
                0x18e061a4       0x4c ./FreeRTOS/FreeRTOS/tasks.o
 .text.prvTaskCheckFreeStackSpace
                0x18e061f0       0x14 ./FreeRTOS/FreeRTOS/tasks.o
 .text.prvResetNextTaskUnblockTime
                0x18e06204       0x28 ./FreeRTOS/FreeRTOS/tasks.o
 .text.prvInitialiseNewTask
                0x18e0622c      0x10a ./FreeRTOS/FreeRTOS/tasks.o
 *fill*         0x18e06336        0x2 
 .text.prvInitialiseTaskLists
                0x18e06338       0x68 ./FreeRTOS/FreeRTOS/tasks.o
 .text.prvAddNewTaskToReadyList
                0x18e063a0       0xac ./FreeRTOS/FreeRTOS/tasks.o
 .text.prvDeleteTCB
                0x18e0644c       0x48 ./FreeRTOS/FreeRTOS/tasks.o
 .text.prvCheckTasksWaitingTermination
                0x18e06494       0x4c ./FreeRTOS/FreeRTOS/tasks.o
 .text.prvAddCurrentTaskToDelayedList
                0x18e064e0       0x7c ./FreeRTOS/FreeRTOS/tasks.o
 .text.prvWriteNameToBuffer
                0x18e0655c       0x22 ./FreeRTOS/FreeRTOS/tasks.o
 *fill*         0x18e0657e        0x2 
 .text.xTaskCreateStatic
                0x18e06580       0x7c ./FreeRTOS/FreeRTOS/tasks.o
                0x18e06580                xTaskCreateStatic
 .text.xTaskCreate
                0x18e065fc       0x68 ./FreeRTOS/FreeRTOS/tasks.o
                0x18e065fc                xTaskCreate
 .text.eTaskGetState
                0x18e06664       0xa0 ./FreeRTOS/FreeRTOS/tasks.o
                0x18e06664                eTaskGetState
 .text.vTaskStartScheduler
                0x18e06704       0xa8 ./FreeRTOS/FreeRTOS/tasks.o
                0x18e06704                vTaskStartScheduler
 .text.vTaskSuspendAll
                0x18e067ac       0x10 ./FreeRTOS/FreeRTOS/tasks.o
                0x18e067ac                vTaskSuspendAll
 .text.xTaskGetTickCount
                0x18e067bc        0xc ./FreeRTOS/FreeRTOS/tasks.o
                0x18e067bc                xTaskGetTickCount
 .text.xTaskGetTickCountFromISR
                0x18e067c8       0x10 ./FreeRTOS/FreeRTOS/tasks.o
                0x18e067c8                xTaskGetTickCountFromISR
 .text.vTaskStepTick
                0x18e067d8       0x3c ./FreeRTOS/FreeRTOS/tasks.o
                0x18e067d8                vTaskStepTick
 .text.xTaskIncrementTick
                0x18e06814      0x130 ./FreeRTOS/FreeRTOS/tasks.o
                0x18e06814                xTaskIncrementTick
 .text.xTaskResumeAll
                0x18e06944      0x104 ./FreeRTOS/FreeRTOS/tasks.o
                0x18e06944                xTaskResumeAll
 .text.prvIdleTask
                0x18e06a48       0x74 ./FreeRTOS/FreeRTOS/tasks.o
 .text.vTaskSwitchContext
                0x18e06abc       0xc4 ./FreeRTOS/FreeRTOS/tasks.o
                0x18e06abc                vTaskSwitchContext
 .text.vTaskPlaceOnEventList
                0x18e06b80       0x34 ./FreeRTOS/FreeRTOS/tasks.o
                0x18e06b80                vTaskPlaceOnEventList
 .text.vTaskPlaceOnEventListRestricted
                0x18e06bb4       0x3c ./FreeRTOS/FreeRTOS/tasks.o
                0x18e06bb4                vTaskPlaceOnEventListRestricted
 .text.xTaskRemoveFromEventList
                0x18e06bf0       0x94 ./FreeRTOS/FreeRTOS/tasks.o
                0x18e06bf0                xTaskRemoveFromEventList
 .text.vTaskInternalSetTimeOutState
                0x18e06c84       0x18 ./FreeRTOS/FreeRTOS/tasks.o
                0x18e06c84                vTaskInternalSetTimeOutState
 .text.xTaskCheckForTimeOut
                0x18e06c9c       0x88 ./FreeRTOS/FreeRTOS/tasks.o
                0x18e06c9c                xTaskCheckForTimeOut
 .text.vTaskMissedYield
                0x18e06d24        0xc ./FreeRTOS/FreeRTOS/tasks.o
                0x18e06d24                vTaskMissedYield
 .text.eTaskConfirmSleepModeStatus
                0x18e06d30       0x48 ./FreeRTOS/FreeRTOS/tasks.o
                0x18e06d30                eTaskConfirmSleepModeStatus
 .text.vTaskGetInfo
                0x18e06d78       0x8c ./FreeRTOS/FreeRTOS/tasks.o
                0x18e06d78                vTaskGetInfo
 .text.prvListTasksWithinSingleList
                0x18e06e04       0x5e ./FreeRTOS/FreeRTOS/tasks.o
 *fill*         0x18e06e62        0x2 
 .text.uxTaskGetSystemState
                0x18e06e64       0xa4 ./FreeRTOS/FreeRTOS/tasks.o
                0x18e06e64                uxTaskGetSystemState
 .text.xTaskGetCurrentTaskHandle
                0x18e06f08        0xc ./FreeRTOS/FreeRTOS/tasks.o
                0x18e06f08                xTaskGetCurrentTaskHandle
 .text.xTaskGetSchedulerState
                0x18e06f14       0x20 ./FreeRTOS/FreeRTOS/tasks.o
                0x18e06f14                xTaskGetSchedulerState
 .text.xTaskPriorityInherit
                0x18e06f34       0x98 ./FreeRTOS/FreeRTOS/tasks.o
                0x18e06f34                xTaskPriorityInherit
 .text.xTaskPriorityDisinherit
                0x18e06fcc       0x94 ./FreeRTOS/FreeRTOS/tasks.o
                0x18e06fcc                xTaskPriorityDisinherit
 .text.vTaskPriorityDisinheritAfterTimeout
                0x18e07060       0xa4 ./FreeRTOS/FreeRTOS/tasks.o
                0x18e07060                vTaskPriorityDisinheritAfterTimeout
 .text.vTaskList
                0x18e07104      0x108 ./FreeRTOS/FreeRTOS/tasks.o
                0x18e07104                vTaskList
 .text.pvTaskIncrementMutexHeldCount
                0x18e0720c       0x1c ./FreeRTOS/FreeRTOS/tasks.o
                0x18e0720c                pvTaskIncrementMutexHeldCount
 .text.xTaskGenericNotifyWait
                0x18e07228       0xd4 ./FreeRTOS/FreeRTOS/tasks.o
                0x18e07228                xTaskGenericNotifyWait
 .text.xTaskGenericNotify
                0x18e072fc      0x14c ./FreeRTOS/FreeRTOS/tasks.o
                0x18e072fc                xTaskGenericNotify
 .text.xTaskGenericNotifyFromISR
                0x18e07448      0x180 ./FreeRTOS/FreeRTOS/tasks.o
                0x18e07448                xTaskGenericNotifyFromISR
 .text.prvGetNextExpireTime
                0x18e075c8       0x20 ./FreeRTOS/FreeRTOS/timers.o
 .text.prvInsertTimerInActiveList
                0x18e075e8       0x48 ./FreeRTOS/FreeRTOS/timers.o
 .text.prvCheckForValidListAndQueue
                0x18e07630       0x70 ./FreeRTOS/FreeRTOS/timers.o
 .text.prvInitialiseNewTimer
                0x18e076a0       0x50 ./FreeRTOS/FreeRTOS/timers.o
 .text.xTimerCreateTimerTask
                0x18e076f0       0x68 ./FreeRTOS/FreeRTOS/timers.o
                0x18e076f0                xTimerCreateTimerTask
 .text.xTimerCreate
                0x18e07758       0x38 ./FreeRTOS/FreeRTOS/timers.o
                0x18e07758                xTimerCreate
 .text.xTimerCreateStatic
                0x18e07790       0x54 ./FreeRTOS/FreeRTOS/timers.o
                0x18e07790                xTimerCreateStatic
 .text.xTimerGenericCommand
                0x18e077e4       0x70 ./FreeRTOS/FreeRTOS/timers.o
                0x18e077e4                xTimerGenericCommand
 .text.prvSwitchTimerLists
                0x18e07854       0x80 ./FreeRTOS/FreeRTOS/timers.o
 .text.prvSampleTimeNow
                0x18e078d4       0x2c ./FreeRTOS/FreeRTOS/timers.o
 .text.prvProcessExpiredTimer
                0x18e07900       0x70 ./FreeRTOS/FreeRTOS/timers.o
 .text.prvProcessTimerOrBlockTask
                0x18e07970       0x74 ./FreeRTOS/FreeRTOS/timers.o
 .text.prvProcessReceivedCommands
                0x18e079e4      0x114 ./FreeRTOS/FreeRTOS/timers.o
 .text.prvTimerTask
                0x18e07af8       0x16 ./FreeRTOS/FreeRTOS/timers.o
 *fill*         0x18e07b0e        0x2 
 .text.xTimerIsTimerActive
                0x18e07b10       0x38 ./FreeRTOS/FreeRTOS/timers.o
                0x18e07b10                xTimerIsTimerActive
 .text.pvTimerGetTimerID
                0x18e07b48       0x2c ./FreeRTOS/FreeRTOS/timers.o
                0x18e07b48                pvTimerGetTimerID
 .text.DRV_IF_CFG_GetDefConfig
                0x18e07b74       0x3c ./Driver/Source/Private/ALT1250/DRV_IF_CFG.o
                0x18e07b74                DRV_IF_CFG_GetDefConfig
 .text.DRV_IF_CFG_SetIO
                0x18e07bb0      0x12a ./Driver/Source/Private/ALT1250/DRV_IF_CFG.o
                0x18e07bb0                DRV_IF_CFG_SetIO
 *fill*         0x18e07cda        0x2 
 .text.DRV_IOSEL_GetRegisterOffset
                0x18e07cdc       0x18 ./Driver/Source/Private/ALT1250/DRV_IOSEL.o
                0x18e07cdc                DRV_IOSEL_GetRegisterOffset
 .text.DRV_IOSEL_PreSleepProcess
                0x18e07cf4       0x34 ./Driver/Source/Private/ALT1250/DRV_IOSEL.o
                0x18e07cf4                DRV_IOSEL_PreSleepProcess
 .text.DRV_IOSEL_PostSleepProcess
                0x18e07d28       0x34 ./Driver/Source/Private/ALT1250/DRV_IOSEL.o
                0x18e07d28                DRV_IOSEL_PostSleepProcess
 .text.shadow32ktimer_IRQhandler
                0x18e07d5c       0x1c ./Driver/Source/Private/DRV_32KTIMER.o
                0x18e07d5c                shadow32ktimer_IRQhandler
 .text.DRV_32KTIMER_Initialize
                0x18e07d78       0x54 ./Driver/Source/Private/DRV_32KTIMER.o
                0x18e07d78                DRV_32KTIMER_Initialize
 .text.DRV_32KTIMER_GetValue
                0x18e07dcc        0xc ./Driver/Source/Private/DRV_32KTIMER.o
                0x18e07dcc                DRV_32KTIMER_GetValue
 .text.DRV_32KTIMER_Enable
                0x18e07dd8       0x10 ./Driver/Source/Private/DRV_32KTIMER.o
                0x18e07dd8                DRV_32KTIMER_Enable
 .text.DRV_32KTIMER_Disable
                0x18e07de8       0x10 ./Driver/Source/Private/DRV_32KTIMER.o
                0x18e07de8                DRV_32KTIMER_Disable
 .text.DRV_32KTIMER_Activate
                0x18e07df8       0x18 ./Driver/Source/Private/DRV_32KTIMER.o
                0x18e07df8                DRV_32KTIMER_Activate
 .text.DRV_32KTIMER_DisableInterrupt
                0x18e07e10       0x10 ./Driver/Source/Private/DRV_32KTIMER.o
                0x18e07e10                DRV_32KTIMER_DisableInterrupt
 .text.DRV_ATOM_CNTR_ClearIRQ
                0x18e07e20       0x1c ./Driver/Source/Private/DRV_ATOMIC_COUNTER.o
 .text.MIPS_alt_insert
                0x18e07e3c       0x26 ./Driver/Source/Private/DRV_ATOMIC_COUNTER.o
 *fill*         0x18e07e62        0x2 
 .text.DRV_ATOM_CNTR_GetCount
                0x18e07e64       0x14 ./Driver/Source/Private/DRV_ATOMIC_COUNTER.o
                0x18e07e64                DRV_ATOM_CNTR_GetCount
 .text.DRV_ATOM_CNTR_Increment
                0x18e07e78       0x14 ./Driver/Source/Private/DRV_ATOMIC_COUNTER.o
                0x18e07e78                DRV_ATOM_CNTR_Increment
 .text.DRV_ATOM_CNTR_Decrement
                0x18e07e8c       0x14 ./Driver/Source/Private/DRV_ATOMIC_COUNTER.o
                0x18e07e8c                DRV_ATOM_CNTR_Decrement
 .text.DRV_ATOM_CNTR_EnableIRQ
                0x18e07ea0       0x38 ./Driver/Source/Private/DRV_ATOMIC_COUNTER.o
                0x18e07ea0                DRV_ATOM_CNTR_EnableIRQ
 .text.DRV_ATOM_CNTR_DisableIRQ
                0x18e07ed8       0x38 ./Driver/Source/Private/DRV_ATOMIC_COUNTER.o
                0x18e07ed8                DRV_ATOM_CNTR_DisableIRQ
 .text.DRV_ATOM_CNTR_SetIrqMode
                0x18e07f10       0x38 ./Driver/Source/Private/DRV_ATOMIC_COUNTER.o
                0x18e07f10                DRV_ATOM_CNTR_SetIrqMode
 .text.ATMCTR_MAILBOX_IRQhandler
                0x18e07f48       0x8c ./Driver/Source/Private/DRV_ATOMIC_COUNTER.o
                0x18e07f48                ATMCTR_MAILBOX_IRQhandler
 .text.DRV_ATOM_CNTR_RegisterIRQ
                0x18e07fd4       0x24 ./Driver/Source/Private/DRV_ATOMIC_COUNTER.o
                0x18e07fd4                DRV_ATOM_CNTR_RegisterIRQ
 .text.DRV_ATOM_CNTR_InitCounter
                0x18e07ff8       0x74 ./Driver/Source/Private/DRV_ATOMIC_COUNTER.o
                0x18e07ff8                DRV_ATOM_CNTR_InitCounter
 .text.DRV_ATOM_CNTR_Initialize
                0x18e0806c       0x10 ./Driver/Source/Private/DRV_ATOMIC_COUNTER.o
                0x18e0806c                DRV_ATOM_CNTR_Initialize
 .text.DRV_CLKGATING_Initialize
                0x18e0807c       0xb6 ./Driver/Source/Private/DRV_CLOCK_GATING.o
                0x18e0807c                DRV_CLKGATING_Initialize
 .text.DRV_CLKGATING_EnableClkSource
                0x18e08132       0xfc ./Driver/Source/Private/DRV_CLOCK_GATING.o
                0x18e08132                DRV_CLKGATING_EnableClkSource
 *fill*         0x18e0822e        0x2 
 .text.DRV_GPIO_WAKEUP_CheckAvailability
                0x18e08230       0x48 ./Driver/Source/Private/DRV_GPIO_WAKEUP.o
 .text.DRV_GPIO_WAKEUP_HandleSleepNotify
                0x18e08278        0x4 ./Driver/Source/Private/DRV_GPIO_WAKEUP.o
                0x18e08278                DRV_GPIO_WAKEUP_HandleSleepNotify
 .text.DRV_GPIO_WAKEUP_DummyInterruptHandler
                0x18e0827c        0x2 ./Driver/Source/Private/DRV_GPIO_WAKEUP.o
                0x18e0827c                DRV_GPIO_WAKEUP_DummyInterruptHandler
 *fill*         0x18e0827e        0x2 
 .text.DRV_GPIO_WAKEUP_GetSetup
                0x18e08280      0x160 ./Driver/Source/Private/DRV_GPIO_WAKEUP.o
                0x18e08280                DRV_GPIO_WAKEUP_GetSetup
 .text.DRV_GPIO_WAKEUP_Restore
                0x18e083e0       0xb0 ./Driver/Source/Private/DRV_GPIO_WAKEUP.o
                0x18e083e0                DRV_GPIO_WAKEUP_Restore
 .text.DRV_GPIO_WAKEUP_Disable
                0x18e08490       0x74 ./Driver/Source/Private/DRV_GPIO_WAKEUP.o
                0x18e08490                DRV_GPIO_WAKEUP_Disable
 .text.DRV_GPIO_WAKEUP_Enable
                0x18e08504       0x78 ./Driver/Source/Private/DRV_GPIO_WAKEUP.o
                0x18e08504                DRV_GPIO_WAKEUP_Enable
 .text.DRV_GPIO_WAKEUP_SetPolarity
                0x18e0857c       0xb8 ./Driver/Source/Private/DRV_GPIO_WAKEUP.o
                0x18e0857c                DRV_GPIO_WAKEUP_SetPolarity
 .text.DRV_GPIO_WAKEUP_SelectClock
                0x18e08634       0xb4 ./Driver/Source/Private/DRV_GPIO_WAKEUP.o
                0x18e08634                DRV_GPIO_WAKEUP_SelectClock
 .text.DRV_GPIO_WAKEUP_EnableDebounce
                0x18e086e8       0x7c ./Driver/Source/Private/DRV_GPIO_WAKEUP.o
                0x18e086e8                DRV_GPIO_WAKEUP_EnableDebounce
 .text.DRV_GPIO_WAKEUP_DisableDebounce
                0x18e08764       0x7c ./Driver/Source/Private/DRV_GPIO_WAKEUP.o
                0x18e08764                DRV_GPIO_WAKEUP_DisableDebounce
 .text.DRV_GPIO_WAKEUP_SetDebounceValue
                0x18e087e0       0x84 ./Driver/Source/Private/DRV_GPIO_WAKEUP.o
                0x18e087e0                DRV_GPIO_WAKEUP_SetDebounceValue
 .text.DRV_GPIO_WAKEUP_EnableInterrupt
                0x18e08864       0xc0 ./Driver/Source/Private/DRV_GPIO_WAKEUP.o
                0x18e08864                DRV_GPIO_WAKEUP_EnableInterrupt
 .text.DRV_GPIO_WAKEUP_DisableInterrupt
                0x18e08924      0x134 ./Driver/Source/Private/DRV_GPIO_WAKEUP.o
                0x18e08924                DRV_GPIO_WAKEUP_DisableInterrupt
 .text.DRV_GPIO_WAKEUP_AddIO
                0x18e08a58       0xf8 ./Driver/Source/Private/DRV_GPIO_WAKEUP.o
                0x18e08a58                DRV_GPIO_WAKEUP_AddIO
 .text.DRV_GPIO_WAKEUP_ClearInterrupts
                0x18e08b50       0x80 ./Driver/Source/Private/DRV_GPIO_WAKEUP.o
                0x18e08b50                DRV_GPIO_WAKEUP_ClearInterrupts
 .text.DRV_GPIO_WAKEUP_Initialize
                0x18e08bd0       0x6c ./Driver/Source/Private/DRV_GPIO_WAKEUP.o
                0x18e08bd0                DRV_GPIO_WAKEUP_Initialize
 .text.gpio_wakeup_IRQHandler
                0x18e08c3c       0xc0 ./Driver/Source/Private/DRV_GPIO_WAKEUP.o
                0x18e08c3c                gpio_wakeup_IRQHandler
 .text.DRV_GPIO_WAKEUP_ValidateUsingPin
                0x18e08cfc       0x40 ./Driver/Source/Private/DRV_GPIO_WAKEUP.o
                0x18e08cfc                DRV_GPIO_WAKEUP_ValidateUsingPin
 .text.DRV_PMP_AGENT_Send
                0x18e08d3c       0x78 ./Driver/Source/Private/DRV_PMP_AGENT.o
                0x18e08d3c                DRV_PMP_AGENT_Send
 .text.DRV_PMP_AGENT_GetWakeInfo
                0x18e08db4       0x18 ./Driver/Source/Private/DRV_PMP_AGENT.o
                0x18e08db4                DRV_PMP_AGENT_GetWakeInfo
 .text.DRV_PMP_AGENT_HandleMessage
                0x18e08dcc       0x58 ./Driver/Source/Private/DRV_PMP_AGENT.o
                0x18e08dcc                DRV_PMP_AGENT_HandleMessage
 .text.DRV_PMP_AGENT_HandleIRQ
                0x18e08e24       0x28 ./Driver/Source/Private/DRV_PMP_AGENT.o
                0x18e08e24                DRV_PMP_AGENT_HandleIRQ
 .text.DRV_PMP_AGENT_SendMessage
                0x18e08e4c       0x24 ./Driver/Source/Private/DRV_PMP_AGENT.o
                0x18e08e4c                DRV_PMP_AGENT_SendMessage
 .text.DRV_PMP_AGENT_SendMessageByIdleTask
                0x18e08e70        0x8 ./Driver/Source/Private/DRV_PMP_AGENT.o
                0x18e08e70                DRV_PMP_AGENT_SendMessageByIdleTask
 .text.DRV_PMP_AGENT_ReInitialize
                0x18e08e78       0x34 ./Driver/Source/Private/DRV_PMP_AGENT.o
                0x18e08e78                DRV_PMP_AGENT_ReInitialize
 .text.DRV_PMP_AGENT_Initialize
                0x18e08eac       0x38 ./Driver/Source/Private/DRV_PMP_AGENT.o
                0x18e08eac                DRV_PMP_AGENT_Initialize
 .text.DRV_PMP_AGENT_GetSharedInfo
                0x18e08ee4       0x28 ./Driver/Source/Private/DRV_PMP_AGENT.o
                0x18e08ee4                DRV_PMP_AGENT_GetSharedInfo
 .text.drv_sleep_notify_add_node
                0x18e08f0c       0x2a ./Driver/Source/Private/DRV_SLEEP.o
                0x18e08f0c                drv_sleep_notify_add_node
 *fill*         0x18e08f36        0x2 
 .text.DRV_SLEEP_Initialize
                0x18e08f38       0x24 ./Driver/Source/Private/DRV_SLEEP.o
                0x18e08f38                DRV_SLEEP_Initialize
 .text.DRV_SLEEP_RegNotification
                0x18e08f5c       0xac ./Driver/Source/Private/DRV_SLEEP.o
                0x18e08f5c                DRV_SLEEP_RegNotification
 .text.DRV_SLEEP_NOTIFY
                0x18e09008       0x38 ./Driver/Source/Private/DRV_SLEEP.o
                0x18e09008                DRV_SLEEP_NOTIFY
 .text.adc_digital_2mv
                0x18e09040       0x10 ./Driver/Source/DRV_AUXADC.o
 .text.DRV_AUXADC_IrqHandler
                0x18e09050       0x64 ./Driver/Source/DRV_AUXADC.o
 .text.auxdac0_handler
                0x18e090b4        0xa ./Driver/Source/DRV_AUXADC.o
                0x18e090b4                auxdac0_handler
 .text.auxdac1_handler
                0x18e090be        0xa ./Driver/Source/DRV_AUXADC.o
                0x18e090be                auxdac1_handler
 .text.auxdac2_handler
                0x18e090c8        0xa ./Driver/Source/DRV_AUXADC.o
                0x18e090c8                auxdac2_handler
 .text.auxdac3_handler
                0x18e090d2        0xa ./Driver/Source/DRV_AUXADC.o
                0x18e090d2                auxdac3_handler
 .text.CC_PWM0_IRQHandler
                0x18e090dc       0x2c ./Driver/Source/DRV_CCM.o
                0x18e090dc                CC_PWM0_IRQHandler
 .text.CC_PWM1_IRQHandler
                0x18e09108       0x2c ./Driver/Source/DRV_CCM.o
                0x18e09108                CC_PWM1_IRQHandler
 .text.validate_addr_range
                0x18e09134       0x4c ./Driver/Source/DRV_FLASH.o
 .text.sf_delay
                0x18e09180       0x3c ./Driver/Source/DRV_FLASH.o
 .text.sf_memcmp
                0x18e091bc       0x22 ./Driver/Source/DRV_FLASH.o
 .text.sf_memcpy
                0x18e091de       0x32 ./Driver/Source/DRV_FLASH.o
 .text.serial_flash_wait_device_not_busy
                0x18e09210       0x3c ./Driver/Source/DRV_FLASH.o
 .text.serial_flash_verify_buffer
                0x18e0924c       0x48 ./Driver/Source/DRV_FLASH.o
 .text.serial_flash_write_page
                0x18e09294       0xe8 ./Driver/Source/DRV_FLASH.o
 .text.serial_flash_do_blank_check
                0x18e0937c       0x2a ./Driver/Source/DRV_FLASH.o
 *fill*         0x18e093a6        0x2 
 .text.DRV_FLASH_Erase_Sector
                0x18e093a8       0xa8 ./Driver/Source/DRV_FLASH.o
                0x18e093a8                DRV_FLASH_Erase_Sector
 .text.DRV_FLASH_Write
                0x18e09450       0xb4 ./Driver/Source/DRV_FLASH.o
                0x18e09450                DRV_FLASH_Write
 .text.DRV_FLASH_Read
                0x18e09504       0x40 ./Driver/Source/DRV_FLASH.o
                0x18e09504                DRV_FLASH_Read
 .text.DRV_GDMA_IrqHandler
                0x18e09544       0x64 ./Driver/Source/DRV_GDMA.o
                0x18e09544                DRV_GDMA_IrqHandler
 .text.gdma_channel_0_handler
                0x18e095a8        0xa ./Driver/Source/DRV_GDMA.o
                0x18e095a8                gdma_channel_0_handler
 .text.gdma_channel_1_handler
                0x18e095b2        0xa ./Driver/Source/DRV_GDMA.o
                0x18e095b2                gdma_channel_1_handler
 .text.gdma_channel_2_handler
                0x18e095bc        0xa ./Driver/Source/DRV_GDMA.o
                0x18e095bc                gdma_channel_2_handler
 .text.gdma_channel_3_handler
                0x18e095c6        0xa ./Driver/Source/DRV_GDMA.o
                0x18e095c6                gdma_channel_3_handler
 .text.gdma_channel_4_handler
                0x18e095d0        0xa ./Driver/Source/DRV_GDMA.o
                0x18e095d0                gdma_channel_4_handler
 .text.gdma_channel_5_handler
                0x18e095da        0xa ./Driver/Source/DRV_GDMA.o
                0x18e095da                gdma_channel_5_handler
 .text.gdma_channel_6_handler
                0x18e095e4        0xa ./Driver/Source/DRV_GDMA.o
                0x18e095e4                gdma_channel_6_handler
 .text.gdma_channel_7_handler
                0x18e095ee        0xa ./Driver/Source/DRV_GDMA.o
                0x18e095ee                gdma_channel_7_handler
 .text.DRV_GPIOCTL_IrqHandler
                0x18e095f8       0x68 ./Driver/Source/DRV_GPIO.o
 .text.gpio_0_handler
                0x18e09660        0xa ./Driver/Source/DRV_GPIO.o
                0x18e09660                gpio_0_handler
 .text.gpio_1_handler
                0x18e0966a        0xa ./Driver/Source/DRV_GPIO.o
                0x18e0966a                gpio_1_handler
 .text.gpio_2_handler
                0x18e09674        0xa ./Driver/Source/DRV_GPIO.o
                0x18e09674                gpio_2_handler
 .text.gpio_3_handler
                0x18e0967e        0xa ./Driver/Source/DRV_GPIO.o
                0x18e0967e                gpio_3_handler
 .text.gpio_4_handler
                0x18e09688        0xa ./Driver/Source/DRV_GPIO.o
                0x18e09688                gpio_4_handler
 .text.gpio_5_handler
                0x18e09692        0xa ./Driver/Source/DRV_GPIO.o
                0x18e09692                gpio_5_handler
 .text.gpio_6_handler
                0x18e0969c        0xa ./Driver/Source/DRV_GPIO.o
                0x18e0969c                gpio_6_handler
 .text.gpio_7_handler
                0x18e096a6        0xa ./Driver/Source/DRV_GPIO.o
                0x18e096a6                gpio_7_handler
 .text.gpio_8_handler
                0x18e096b0        0xa ./Driver/Source/DRV_GPIO.o
                0x18e096b0                gpio_8_handler
 .text.gpio_9_handler
                0x18e096ba        0xa ./Driver/Source/DRV_GPIO.o
                0x18e096ba                gpio_9_handler
 .text.DRV_GPIO_GetValue
                0x18e096c4       0x88 ./Driver/Source/DRV_GPIO.o
                0x18e096c4                DRV_GPIO_GetValue
 .text.DRV_GPIO_SetDirection
                0x18e0974c       0xb4 ./Driver/Source/DRV_GPIO.o
                0x18e0974c                DRV_GPIO_SetDirection
 .text.DRV_GPTIMER_IrqHandler
                0x18e09800       0x34 ./Driver/Source/DRV_GPTIMER.o
 .text.GP_Timer_0_IRQHandler
                0x18e09834        0xa ./Driver/Source/DRV_GPTIMER.o
                0x18e09834                GP_Timer_0_IRQHandler
 .text.GP_Timer_1_IRQHandler
                0x18e0983e        0xa ./Driver/Source/DRV_GPTIMER.o
                0x18e0983e                GP_Timer_1_IRQHandler
 .text.DRV_I2C_GetPeripheral
                0x18e09848       0x1c ./Driver/Source/DRV_I2C.o
 .text.DRV_I2C_WriteCmdFifo
                0x18e09864       0x66 ./Driver/Source/DRV_I2C.o
 .text.DRV_I2C_ReadDataFifo
                0x18e098ca       0x3c ./Driver/Source/DRV_I2C.o
 .text.DRV_I2C_ResetPeripheral
                0x18e09906        0xc ./Driver/Source/DRV_I2C.o
 .text.DRV_I2C_ClearFifo
                0x18e09912       0x20 ./Driver/Source/DRV_I2C.o
 .text.DRV_I2C_DoneEventHandler
                0x18e09932      0x16c ./Driver/Source/DRV_I2C.o
 .text.DRV_I2C_NackEventHandler
                0x18e09a9e       0x52 ./Driver/Source/DRV_I2C.o
 .text.DRV_I2C_IrqHandler
                0x18e09af0       0x42 ./Driver/Source/DRV_I2C.o
 .text.i2c0_interrupt_err_handler
                0x18e09b32        0xa ./Driver/Source/DRV_I2C.o
                0x18e09b32                i2c0_interrupt_err_handler
 .text.i2c0_interrupt_handler
                0x18e09b3c        0xa ./Driver/Source/DRV_I2C.o
                0x18e09b3c                i2c0_interrupt_handler
 .text.i2c1_interrupt_err_handler
                0x18e09b46        0xa ./Driver/Source/DRV_I2C.o
                0x18e09b46                i2c1_interrupt_err_handler
 .text.i2c1_interrupt_handler
                0x18e09b50        0xa ./Driver/Source/DRV_I2C.o
                0x18e09b50                i2c1_interrupt_handler
 *fill*         0x18e09b5a        0x2 
 .text.DRV_IO_PARK_MarkForPark
                0x18e09b5c       0x20 ./Driver/Source/DRV_IO.o
 .text.DRV_IO_PARK_MarkForSkip
                0x18e09b7c       0x24 ./Driver/Source/DRV_IO.o
 .text.DRV_IO_PARK_InitParkTable
                0x18e09ba0       0x2c ./Driver/Source/DRV_IO.o
 .text.drv_io_get_skip
                0x18e09bcc       0x1c ./Driver/Source/DRV_IO.o
 .text.DRV_IO_ValidatePartition
                0x18e09be8       0x50 ./Driver/Source/DRV_IO.o
                0x18e09be8                DRV_IO_ValidatePartition
 .text.DRV_IO_SetPull
                0x18e09c38       0x8c ./Driver/Source/DRV_IO.o
                0x18e09c38                DRV_IO_SetPull
 .text.DRV_IO_SetMux
                0x18e09cc4       0x3a ./Driver/Source/DRV_IO.o
                0x18e09cc4                DRV_IO_SetMux
 *fill*         0x18e09cfe        0x2 
 .text.DRV_IO_DeIsolate
                0x18e09d00      0x15c ./Driver/Source/DRV_IO.o
 .text.DRV_IO_GetMux
                0x18e09e5c       0x3c ./Driver/Source/DRV_IO.o
                0x18e09e5c                DRV_IO_GetMux
 .text.DRV_IO_SetInputEnable
                0x18e09e98       0x64 ./Driver/Source/DRV_IO.o
                0x18e09e98                DRV_IO_SetInputEnable
 .text.DRV_IO_Isolate
                0x18e09efc      0x108 ./Driver/Source/DRV_IO.o
 .text.DRV_IO_SLEEP_PickIOs
                0x18e0a004       0xa0 ./Driver/Source/DRV_IO.o
                0x18e0a004                DRV_IO_SLEEP_PickIOs
 .text.DRV_IO_PreSleepProcess
                0x18e0a0a4       0x3c ./Driver/Source/DRV_IO.o
                0x18e0a0a4                DRV_IO_PreSleepProcess
 .text.DRV_IO_PostSleepProcess
                0x18e0a0e0       0x38 ./Driver/Source/DRV_IO.o
                0x18e0a0e0                DRV_IO_PostSleepProcess
 .text.DRV_IO_SLEEP_Initialize
                0x18e0a118       0x1c ./Driver/Source/DRV_IO.o
                0x18e0a118                DRV_IO_SLEEP_Initialize
 .text.DRV_LED_HandleSleepNotify
                0x18e0a134      0x144 ./Driver/Source/DRV_LED.o
                0x18e0a134                DRV_LED_HandleSleepNotify
 .text.DRV_LED_Initialize
                0x18e0a278       0x50 ./Driver/Source/DRV_LED.o
                0x18e0a278                DRV_LED_Initialize
 .text.DRV_LED_Set_Led_Mode
                0x18e0a2c8       0x68 ./Driver/Source/DRV_LED.o
                0x18e0a2c8                DRV_LED_Set_Led_Mode
 .text.DRV_LED_Set_Dim_Mode
                0x18e0a330       0x8c ./Driver/Source/DRV_LED.o
                0x18e0a330                DRV_LED_Set_Dim_Mode
 .text.DRV_LED_Start
                0x18e0a3bc       0x64 ./Driver/Source/DRV_LED.o
                0x18e0a3bc                DRV_LED_Start
 .text.DRV_LED_Stop
                0x18e0a420       0x40 ./Driver/Source/DRV_LED.o
                0x18e0a420                DRV_LED_Stop
 .text.enter_standby_lower
                0x18e0a460       0x64 ./Driver/Source/DRV_PM.o
 .text.update_wakeup_info
                0x18e0a4c4       0x24 ./Driver/Source/DRV_PM.o
 .text.gpm_boot_probe
                0x18e0a4e8       0x38 ./Driver/Source/DRV_PM.o
 .text.update_wakeup_cause
                0x18e0a520       0x34 ./Driver/Source/DRV_PM.o
 .text.mark_stateful_sleep
                0x18e0a554       0x24 ./Driver/Source/DRV_PM.o
 .text.send_sleep_request
                0x18e0a578       0x50 ./Driver/Source/DRV_PM.o
                0x18e0a578                send_sleep_request
 .text.drv_pm_mcu_io_latch
                0x18e0a5c8       0x20 ./Driver/Source/DRV_PM.o
                0x18e0a5c8                drv_pm_mcu_io_latch
 .text.DRV_PM_ClearStatistics
                0x18e0a5e8        0xc ./Driver/Source/DRV_PM.o
                0x18e0a5e8                DRV_PM_ClearStatistics
 .text.DRV_PM_GetStatistics
                0x18e0a5f4       0x24 ./Driver/Source/DRV_PM.o
                0x18e0a5f4                DRV_PM_GetStatistics
 .text.DRV_PM_EnterStopMode
                0x18e0a618       0x44 ./Driver/Source/DRV_PM.o
                0x18e0a618                DRV_PM_EnterStopMode
 .text.DRV_PM_EnterStandbyMode
                0x18e0a65c       0x30 ./Driver/Source/DRV_PM.o
                0x18e0a65c                DRV_PM_EnterStandbyMode
 .text.DRV_PM_EnterShutdownMode
                0x18e0a68c       0x20 ./Driver/Source/DRV_PM.o
                0x18e0a68c                DRV_PM_EnterShutdownMode
 .text.DRV_PM_EnableWakeUpPin
                0x18e0a6ac       0x64 ./Driver/Source/DRV_PM.o
                0x18e0a6ac                DRV_PM_EnableWakeUpPin
 .text.DRV_PM_WAKEUP_IO_Initialize
                0x18e0a710       0x30 ./Driver/Source/DRV_PM.o
 .text.DRV_PM_Initialize
                0x18e0a740       0x6c ./Driver/Source/DRV_PM.o
                0x18e0a740                DRV_PM_Initialize
 .text.DRV_PM_PreSleepProcess
                0x18e0a7ac       0x42 ./Driver/Source/DRV_PM.o
                0x18e0a7ac                DRV_PM_PreSleepProcess
 .text.DRV_PM_PostSleepProcess
                0x18e0a7ee       0x3c ./Driver/Source/DRV_PM.o
                0x18e0a7ee                DRV_PM_PostSleepProcess
 *fill*         0x18e0a82a        0x2 
 .text.DRV_PM_MaskInterrupts
                0x18e0a82c       0xc0 ./Driver/Source/DRV_PM.o
                0x18e0a82c                DRV_PM_MaskInterrupts
 .text.DRV_PM_RestoreInterrupts
                0x18e0a8ec       0x7c ./Driver/Source/DRV_PM.o
                0x18e0a8ec                DRV_PM_RestoreInterrupts
 .text.DRV_PM_HandleClockGating
                0x18e0a968       0x28 ./Driver/Source/DRV_PM.o
                0x18e0a968                DRV_PM_HandleClockGating
 .text.DRV_PM_EarlyBootProbe
                0x18e0a990       0x2c ./Driver/Source/DRV_PM.o
                0x18e0a990                DRV_PM_EarlyBootProbe
 .text.DRV_PM_Resume
                0x18e0a9bc       0x48 ./Driver/Source/DRV_PM.o
                0x18e0a9bc                DRV_PM_Resume
 .text.DRV_PM_EarlyBootTypeProbe
                0x18e0aa04       0x26 ./Driver/Source/DRV_PM.o
                0x18e0aa04                DRV_PM_EarlyBootTypeProbe
 *fill*         0x18e0aa2a        0x2 
 .text.DRV_SPI_GetPeripheral
                0x18e0aa2c       0x34 ./Driver/Source/DRV_SPI.o
 .text.DRV_SPIM_IrqHandler
                0x18e0aa60      0x144 ./Driver/Source/DRV_SPI.o
 .text.DRV_SPIS_IsrHandler
                0x18e0aba4       0x3e ./Driver/Source/DRV_SPI.o
                0x18e0aba4                DRV_SPIS_IsrHandler
 .text.spim0_interrupt_handler
                0x18e0abe2        0xa ./Driver/Source/DRV_SPI.o
                0x18e0abe2                spim0_interrupt_handler
 .text.spim1_interrupt_handler
                0x18e0abec        0xa ./Driver/Source/DRV_SPI.o
                0x18e0abec                spim1_interrupt_handler
 .text.spis0_interrupt_handler
                0x18e0abf6        0xa ./Driver/Source/DRV_SPI.o
                0x18e0abf6                spis0_interrupt_handler
 .text.DRV_UART_Flush_Fifo
                0x18e0ac00       0x12 ./Driver/Source/DRV_UART.o
 *fill*         0x18e0ac12        0x2 
 .text.DRV_UART_HandleSleepNotify
                0x18e0ac14      0x2f0 ./Driver/Source/DRV_UART.o
                0x18e0ac14                DRV_UART_HandleSleepNotify
 .text.Availble_Byte_In_Ringbuffer
                0x18e0af04       0x40 ./Driver/Source/DRV_UART.o
 .text.Is_Ringbuffer_Full
                0x18e0af44       0x18 ./Driver/Source/DRV_UART.o
 .text.DRV_UART_Disable_Interrupt
                0x18e0af5c       0x34 ./Driver/Source/DRV_UART.o
 .text.DRV_UART_Enable_Interrupt
                0x18e0af90       0x34 ./Driver/Source/DRV_UART.o
 .text.DRV_UART_Get_Instance_From_Base
                0x18e0afc4       0x34 ./Driver/Source/DRV_UART.o
 .text.DRV_UART_Register_Ringbuffer
                0x18e0aff8       0x38 ./Driver/Source/DRV_UART.o
 .text.Get_Byte_From_Ringbuffer
                0x18e0b030       0x54 ./Driver/Source/DRV_UART.o
 .text.Get_Bytes_From_Ringbuffer
                0x18e0b084       0x50 ./Driver/Source/DRV_UART.o
 .text.hifc_request_to_send
                0x18e0b0d4       0x22 ./Driver/Source/DRV_UART.o
 *fill*         0x18e0b0f6        0x2 
 .text.DRV_UART_IrqHandler
                0x18e0b0f8      0x25c ./Driver/Source/DRV_UART.o
 .text.DRV_UART_Get_Handle
                0x18e0b354        0xc ./Driver/Source/DRV_UART.o
                0x18e0b354                DRV_UART_Get_Handle
 .text.hw_uart_interrupt_handler0
                0x18e0b360        0xe ./Driver/Source/DRV_UART.o
                0x18e0b360                hw_uart_interrupt_handler0
 .text.hw_uart_interrupt_handler1
                0x18e0b36e        0xe ./Driver/Source/DRV_UART.o
                0x18e0b36e                hw_uart_interrupt_handler1
 .text.hw_uart_interrupt_handleri0
                0x18e0b37c        0xe ./Driver/Source/DRV_UART.o
                0x18e0b37c                hw_uart_interrupt_handleri0
 .text.DRV_UART_Set_Baudrate
                0x18e0b38a       0x20 ./Driver/Source/DRV_UART.o
                0x18e0b38a                DRV_UART_Set_Baudrate
 *fill*         0x18e0b3aa        0x2 
 .text.DRV_UART_Set_Parity
                0x18e0b3ac       0xac ./Driver/Source/DRV_UART.o
                0x18e0b3ac                DRV_UART_Set_Parity
 .text.DRV_UART_Set_Hardware_Flow_Control
                0x18e0b458       0x70 ./Driver/Source/DRV_UART.o
                0x18e0b458                DRV_UART_Set_Hardware_Flow_Control
 .text.DRV_UART_Set_Stopbit
                0x18e0b4c8       0x34 ./Driver/Source/DRV_UART.o
                0x18e0b4c8                DRV_UART_Set_Stopbit
 .text.DRV_UART_Set_Word_length
                0x18e0b4fc       0x54 ./Driver/Source/DRV_UART.o
                0x18e0b4fc                DRV_UART_Set_Word_length
 .text.DRV_UART_Enable_Fifo
                0x18e0b550       0x1e ./Driver/Source/DRV_UART.o
                0x18e0b550                DRV_UART_Enable_Fifo
 .text.DRV_UART_Disable_Fifo
                0x18e0b56e       0x1a ./Driver/Source/DRV_UART.o
                0x18e0b56e                DRV_UART_Disable_Fifo
 .text.DRV_UART_Enable_Uart
                0x18e0b588       0x1a ./Driver/Source/DRV_UART.o
                0x18e0b588                DRV_UART_Enable_Uart
 .text.DRV_UART_Disable_Uart
                0x18e0b5a2       0x20 ./Driver/Source/DRV_UART.o
                0x18e0b5a2                DRV_UART_Disable_Uart
 *fill*         0x18e0b5c2        0x2 
 .text.DRV_UART_Get_Received_Rx_Count
                0x18e0b5c4       0x24 ./Driver/Source/DRV_UART.o
                0x18e0b5c4                DRV_UART_Get_Received_Rx_Count
 .text.DRV_UART_Update_Setting
                0x18e0b5e8       0x78 ./Driver/Source/DRV_UART.o
                0x18e0b5e8                DRV_UART_Update_Setting
 .text.DRV_UART_Initialize
                0x18e0b660       0x58 ./Driver/Source/DRV_UART.o
                0x18e0b660                DRV_UART_Initialize
 .text.DRV_UART_Create_Handle
                0x18e0b6b8       0x94 ./Driver/Source/DRV_UART.o
                0x18e0b6b8                DRV_UART_Create_Handle
 .text.DRV_UART_Receive_Nonblock
                0x18e0b74c       0x98 ./Driver/Source/DRV_UART.o
                0x18e0b74c                DRV_UART_Receive_Nonblock
 .text.DRV_UART_Send_Block
                0x18e0b7e4       0x6c ./Driver/Source/DRV_UART.o
                0x18e0b7e4                DRV_UART_Send_Block
 .text.DRV_UART_Is_Uart_Busy
                0x18e0b850        0x8 ./Driver/Source/DRV_UART.o
                0x18e0b850                DRV_UART_Is_Uart_Busy
 .text.DRV_UART_Get_Statistic
                0x18e0b858       0x54 ./Driver/Source/DRV_UART.o
                0x18e0b858                DRV_UART_Get_Statistic
 .text.MCU_WD0_IRQHandler
                0x18e0b8ac       0x2c ./Driver/Source/DRV_WATCHDOG.o
                0x18e0b8ac                MCU_WD0_IRQHandler
 .text.Default_Handler
                0x18e0b8d8        0x2 ./Chipset/Source/startup_ALT125x.o
                0x18e0b8d8                DebugMon_Handler
                0x18e0b8d8                auxdac6_handler
                0x18e0b8d8                NMI_Handler
                0x18e0b8d8                UART1_IRQHandler
                0x18e0b8d8                auxdac4_handler
                0x18e0b8d8                FLEXRAY_IRQHandler
                0x18e0b8d8                UART0_IRQHandler
                0x18e0b8d8                UsageFault_Handler
                0x18e0b8d8                MCIB_IRQHandler
                0x18e0b8d8                auxdac7_handler
                0x18e0b8d8                AACI_IRQHandler
                0x18e0b8d8                UARTI_IRQHandler
                0x18e0b8d8                CAN_IRQHandler
                0x18e0b8d8                CHLCD_IRQHandler
                0x18e0b8d8                auxdac5_handler
                0x18e0b8d8                USBDC_IRQHandler
                0x18e0b8d8                USBHC_IRQHandler
                0x18e0b8d8                RTC_IRQHandler
                0x18e0b8d8                UART2_IRQHandler
                0x18e0b8d8                UART4_IRQHandler
                0x18e0b8d8                CLCD_IRQHandler
                0x18e0b8d8                UARTF_ERR_IRQHandler
                0x18e0b8d8                TIM0_IRQHandler
                0x18e0b8d8                MemManage_Handler
                0x18e0b8d8                WDT_IRQHandler
                0x18e0b8d8                TIM2_IRQHandler
                0x18e0b8d8                LIN_IRQHandler
                0x18e0b8d8                CPU_CLCD_IRQHandler
                0x18e0b8d8                BusFault_Handler
                0x18e0b8d8                UART3_IRQHandler
                0x18e0b8d8                MCIA_IRQHandler
                0x18e0b8d8                ENET_IRQHandler
 *fill*         0x18e0b8da        0x2 
 .text.SystemInit
                0x18e0b8dc       0x64 ./Chipset/Source/system_ALT125x.o
                0x18e0b8dc                SystemInit
 .text.SysTick_Handler
                0x18e0b940       0x10 ./CMSIS-FreeRTOS/Source/cmsis_os2.o
                0x18e0b940                SysTick_Handler
 .text.osKernelInitialize
                0x18e0b950       0x58 ./CMSIS-FreeRTOS/Source/cmsis_os2.o
                0x18e0b950                osKernelInitialize
 .text.osKernelGetState
                0x18e0b9a8       0x24 ./CMSIS-FreeRTOS/Source/cmsis_os2.o
                0x18e0b9a8                osKernelGetState
 .text.osKernelStart
                0x18e0b9cc       0x68 ./CMSIS-FreeRTOS/Source/cmsis_os2.o
                0x18e0b9cc                osKernelStart
 .text.vApplicationGetIdleTaskMemory
                0x18e0ba34       0x18 ./CMSIS-FreeRTOS/Source/cmsis_os2.o
                0x18e0ba34                vApplicationGetIdleTaskMemory
 .text.vApplicationGetTimerTaskMemory
                0x18e0ba4c       0x18 ./CMSIS-FreeRTOS/Source/cmsis_os2.o
                0x18e0ba4c                vApplicationGetTimerTaskMemory
 .text          0x18e0ba64      0x378 c:/program files (x86)/gnu tools arm embedded/7 2018-q2-update/bin/../lib/gcc/arm-none-eabi/7.3.1/thumb/v7e-m\libgcc.a(_arm_addsubdf3.o)
                0x18e0ba64                __aeabi_drsub
                0x18e0ba6c                __aeabi_dsub
                0x18e0ba6c                __subdf3
                0x18e0ba70                __aeabi_dadd
                0x18e0ba70                __adddf3
                0x18e0bce8                __floatunsidf
                0x18e0bce8                __aeabi_ui2d
                0x18e0bd08                __floatsidf
                0x18e0bd08                __aeabi_i2d
                0x18e0bd2c                __aeabi_f2d
                0x18e0bd2c                __extendsfdf2
                0x18e0bd70                __floatundidf
                0x18e0bd70                __aeabi_ul2d
                0x18e0bd80                __floatdidf
                0x18e0bd80                __aeabi_l2d
 .text          0x18e0bddc      0x424 c:/program files (x86)/gnu tools arm embedded/7 2018-q2-update/bin/../lib/gcc/arm-none-eabi/7.3.1/thumb/v7e-m\libgcc.a(_arm_muldivdf3.o)
                0x18e0bddc                __aeabi_dmul
                0x18e0bddc                __muldf3
                0x18e0c030                __divdf3
                0x18e0c030                __aeabi_ddiv
 .text          0x18e0c200      0x110 c:/program files (x86)/gnu tools arm embedded/7 2018-q2-update/bin/../lib/gcc/arm-none-eabi/7.3.1/thumb/v7e-m\libgcc.a(_arm_cmpdf2.o)
                0x18e0c200                __gtdf2
                0x18e0c200                __gedf2
                0x18e0c208                __ltdf2
                0x18e0c208                __ledf2
                0x18e0c210                __nedf2
                0x18e0c210                __eqdf2
                0x18e0c210                __cmpdf2
                0x18e0c28c                __aeabi_cdrcmple
                0x18e0c29c                __aeabi_cdcmpeq
                0x18e0c29c                __aeabi_cdcmple
                0x18e0c2ac                __aeabi_dcmpeq
                0x18e0c2c0                __aeabi_dcmplt
                0x18e0c2d4                __aeabi_dcmple
                0x18e0c2e8                __aeabi_dcmpge
                0x18e0c2fc                __aeabi_dcmpgt
 .text          0x18e0c310       0x50 c:/program files (x86)/gnu tools arm embedded/7 2018-q2-update/bin/../lib/gcc/arm-none-eabi/7.3.1/thumb/v7e-m\libgcc.a(_arm_fixdfsi.o)
                0x18e0c310                __aeabi_d2iz
                0x18e0c310                __fixdfsi
 .text          0x18e0c360       0x40 c:/program files (x86)/gnu tools arm embedded/7 2018-q2-update/bin/../lib/gcc/arm-none-eabi/7.3.1/thumb/v7e-m\libgcc.a(_arm_fixunsdfsi.o)
                0x18e0c360                __aeabi_d2uiz
                0x18e0c360                __fixunsdfsi
 .text          0x18e0c3a0       0xa0 c:/program files (x86)/gnu tools arm embedded/7 2018-q2-update/bin/../lib/gcc/arm-none-eabi/7.3.1/thumb/v7e-m\libgcc.a(_aeabi_ldivmod.o)
                0x18e0c3a0                __aeabi_ldivmod
 .text          0x18e0c440       0x30 c:/program files (x86)/gnu tools arm embedded/7 2018-q2-update/bin/../lib/gcc/arm-none-eabi/7.3.1/thumb/v7e-m\libgcc.a(_aeabi_uldivmod.o)
                0x18e0c440                __aeabi_uldivmod
 .text          0x18e0c470      0x2cc c:/program files (x86)/gnu tools arm embedded/7 2018-q2-update/bin/../lib/gcc/arm-none-eabi/7.3.1/thumb/v7e-m\libgcc.a(_udivmoddi4.o)
                0x18e0c470                __udivmoddi4
 .text          0x18e0c73c      0x9ec c:/program files (x86)/gnu tools arm embedded/7 2018-q2-update/bin/../lib/gcc/arm-none-eabi/7.3.1/thumb/v7e-m\libgcc.a(unwind-arm.o)
                0x18e0c9f0                _Unwind_GetCFA
                0x18e0c9f4                __gnu_Unwind_RaiseException
                0x18e0ca54                __gnu_Unwind_ForcedUnwind
                0x18e0ca68                __gnu_Unwind_Resume
                0x18e0caac                __gnu_Unwind_Resume_or_Rethrow
                0x18e0cabc                _Unwind_Complete
                0x18e0cac0                _Unwind_DeleteException
                0x18e0cacc                _Unwind_VRS_Get
                0x18e0cb10                _Unwind_VRS_Set
                0x18e0cb58                __gnu_Unwind_Backtrace
                0x18e0ce9c                __aeabi_unwind_cpp_pr0
                0x18e0cea0                __aeabi_unwind_cpp_pr1
                0x18e0cea4                __aeabi_unwind_cpp_pr2
                0x18e0cea8                _Unwind_VRS_Pop
 .text          0x18e0d128      0x1ac c:/program files (x86)/gnu tools arm embedded/7 2018-q2-update/bin/../lib/gcc/arm-none-eabi/7.3.1/thumb/v7e-m\libgcc.a(libunwind.o)
                0x18e0d128                __restore_core_regs
                0x18e0d128                restore_core_regs
                0x18e0d140                __gnu_Unwind_Restore_VFP
                0x18e0d148                __gnu_Unwind_Save_VFP
                0x18e0d150                __gnu_Unwind_Restore_VFP_D
                0x18e0d158                __gnu_Unwind_Save_VFP_D
                0x18e0d160                __gnu_Unwind_Restore_VFP_D_16_to_31
                0x18e0d168                __gnu_Unwind_Save_VFP_D_16_to_31
                0x18e0d170                __gnu_Unwind_Restore_WMMXD
                0x18e0d1b4                __gnu_Unwind_Save_WMMXD
                0x18e0d1f8                __gnu_Unwind_Restore_WMMXC
                0x18e0d20c                __gnu_Unwind_Save_WMMXC
                0x18e0d220                ___Unwind_RaiseException
                0x18e0d220                _Unwind_RaiseException
                0x18e0d244                _Unwind_Resume
                0x18e0d244                ___Unwind_Resume
                0x18e0d268                _Unwind_Resume_or_Rethrow
                0x18e0d268                ___Unwind_Resume_or_Rethrow
                0x18e0d28c                _Unwind_ForcedUnwind
                0x18e0d28c                ___Unwind_ForcedUnwind
                0x18e0d2b0                ___Unwind_Backtrace
                0x18e0d2b0                _Unwind_Backtrace
 .text          0x18e0d2d4      0x374 c:/program files (x86)/gnu tools arm embedded/7 2018-q2-update/bin/../lib/gcc/arm-none-eabi/7.3.1/thumb/v7e-m\libgcc.a(pr-support.o)
                0x18e0d32c                __gnu_unwind_execute
                0x18e0d5f0                __gnu_unwind_frame
                0x18e0d618                _Unwind_GetRegionStart
                0x18e0d624                _Unwind_GetLanguageSpecificData
                0x18e0d638                _Unwind_GetDataRelBase
                0x18e0d640                _Unwind_GetTextRelBase
 .text          0x18e0d648        0x4 c:/program files (x86)/gnu tools arm embedded/7 2018-q2-update/bin/../lib/gcc/arm-none-eabi/7.3.1/thumb/v7e-m\libgcc.a(_dvmd_tls.o)
                0x18e0d648                __aeabi_idiv0
                0x18e0d648                __aeabi_ldiv0
 .text.abort    0x18e0d64c        0xe c:/program files (x86)/gnu tools arm embedded/7 2018-q2-update/bin/../lib/gcc/arm-none-eabi/7.3.1/../../../../arm-none-eabi/lib/thumb/v7e-m\libg_nano.a(lib_a-abort.o)
                0x18e0d64c                abort
 .text.atoi     0x18e0d65a        0x8 c:/program files (x86)/gnu tools arm embedded/7 2018-q2-update/bin/../lib/gcc/arm-none-eabi/7.3.1/../../../../arm-none-eabi/lib/thumb/v7e-m\libg_nano.a(lib_a-atoi.o)
                0x18e0d65a                atoi
 .text.ctime_r  0x18e0d662       0x16 c:/program files (x86)/gnu tools arm embedded/7 2018-q2-update/bin/../lib/gcc/arm-none-eabi/7.3.1/../../../../arm-none-eabi/lib/thumb/v7e-m\libg_nano.a(lib_a-ctime_r.o)
                0x18e0d662                ctime_r
 .text.localtime_r
                0x18e0d678      0x1d8 c:/program files (x86)/gnu tools arm embedded/7 2018-q2-update/bin/../lib/gcc/arm-none-eabi/7.3.1/../../../../arm-none-eabi/lib/thumb/v7e-m\libg_nano.a(lib_a-lcltime_r.o)
                0x18e0d678                localtime_r
 .text.malloc   0x18e0d850       0x10 c:/program files (x86)/gnu tools arm embedded/7 2018-q2-update/bin/../lib/gcc/arm-none-eabi/7.3.1/../../../../arm-none-eabi/lib/thumb/v7e-m\libg_nano.a(lib_a-malloc.o)
                0x18e0d850                malloc
 .text.free     0x18e0d860       0x10 c:/program files (x86)/gnu tools arm embedded/7 2018-q2-update/bin/../lib/gcc/arm-none-eabi/7.3.1/../../../../arm-none-eabi/lib/thumb/v7e-m\libg_nano.a(lib_a-malloc.o)
                0x18e0d860                free
 .text.memcpy   0x18e0d870       0x16 c:/program files (x86)/gnu tools arm embedded/7 2018-q2-update/bin/../lib/gcc/arm-none-eabi/7.3.1/../../../../arm-none-eabi/lib/thumb/v7e-m\libg_nano.a(lib_a-memcpy-stub.o)
                0x18e0d870                memcpy
 .text.memset   0x18e0d886       0x10 c:/program files (x86)/gnu tools arm embedded/7 2018-q2-update/bin/../lib/gcc/arm-none-eabi/7.3.1/../../../../arm-none-eabi/lib/thumb/v7e-m\libg_nano.a(lib_a-memset.o)
                0x18e0d886                memset
 *fill*         0x18e0d896        0x2 
 .text.mallinfo
                0x18e0d898       0x14 c:/program files (x86)/gnu tools arm embedded/7 2018-q2-update/bin/../lib/gcc/arm-none-eabi/7.3.1/../../../../arm-none-eabi/lib/thumb/v7e-m\libg_nano.a(lib_a-mstats.o)
                0x18e0d898                mallinfo
 .text._free_r  0x18e0d8ac       0x9c c:/program files (x86)/gnu tools arm embedded/7 2018-q2-update/bin/../lib/gcc/arm-none-eabi/7.3.1/../../../../arm-none-eabi/lib/thumb/v7e-m\libg_nano.a(lib_a-nano-freer.o)
                0x18e0d8ac                _free_r
 .text._mallinfo_r
                0x18e0d948       0x64 c:/program files (x86)/gnu tools arm embedded/7 2018-q2-update/bin/../lib/gcc/arm-none-eabi/7.3.1/../../../../arm-none-eabi/lib/thumb/v7e-m\libg_nano.a(lib_a-nano-mallinfor.o)
                0x18e0d948                _mallinfo_r
 .text._malloc_r
                0x18e0d9ac       0xb4 c:/program files (x86)/gnu tools arm embedded/7 2018-q2-update/bin/../lib/gcc/arm-none-eabi/7.3.1/../../../../arm-none-eabi/lib/thumb/v7e-m\libg_nano.a(lib_a-nano-mallocr.o)
                0x18e0d9ac                _malloc_r
 .text.printf   0x18e0da60       0x30 c:/program files (x86)/gnu tools arm embedded/7 2018-q2-update/bin/../lib/gcc/arm-none-eabi/7.3.1/../../../../arm-none-eabi/lib/thumb/v7e-m\libg_nano.a(lib_a-printf.o)
                0x18e0da60                iprintf
                0x18e0da60                printf
 .text.cleanup_glue
                0x18e0da90       0x1a c:/program files (x86)/gnu tools arm embedded/7 2018-q2-update/bin/../lib/gcc/arm-none-eabi/7.3.1/../../../../arm-none-eabi/lib/thumb/v7e-m\libg_nano.a(lib_a-reent.o)
                0x18e0da90                cleanup_glue
 *fill*         0x18e0daaa        0x2 
 .text._reclaim_reent
                0x18e0daac       0xb8 c:/program files (x86)/gnu tools arm embedded/7 2018-q2-update/bin/../lib/gcc/arm-none-eabi/7.3.1/../../../../arm-none-eabi/lib/thumb/v7e-m\libg_nano.a(lib_a-reent.o)
                0x18e0daac                _reclaim_reent
 .text._raise_r
                0x18e0db64       0x50 c:/program files (x86)/gnu tools arm embedded/7 2018-q2-update/bin/../lib/gcc/arm-none-eabi/7.3.1/../../../../arm-none-eabi/lib/thumb/v7e-m\libg_nano.a(lib_a-signal.o)
                0x18e0db64                _raise_r
 .text.raise    0x18e0dbb4       0x10 c:/program files (x86)/gnu tools arm embedded/7 2018-q2-update/bin/../lib/gcc/arm-none-eabi/7.3.1/../../../../arm-none-eabi/lib/thumb/v7e-m\libg_nano.a(lib_a-signal.o)
                0x18e0dbb4                raise
 .text._kill_r  0x18e0dbc4       0x24 c:/program files (x86)/gnu tools arm embedded/7 2018-q2-update/bin/../lib/gcc/arm-none-eabi/7.3.1/../../../../arm-none-eabi/lib/thumb/v7e-m\libg_nano.a(lib_a-signalr.o)
                0x18e0dbc4                _kill_r
 .text._getpid_r
                0x18e0dbe8        0x4 c:/program files (x86)/gnu tools arm embedded/7 2018-q2-update/bin/../lib/gcc/arm-none-eabi/7.3.1/../../../../arm-none-eabi/lib/thumb/v7e-m\libg_nano.a(lib_a-signalr.o)
                0x18e0dbe8                _getpid_r
 .text.sscanf   0x18e0dbec       0x54 c:/program files (x86)/gnu tools arm embedded/7 2018-q2-update/bin/../lib/gcc/arm-none-eabi/7.3.1/../../../../arm-none-eabi/lib/thumb/v7e-m\libg_nano.a(lib_a-sscanf.o)
                0x18e0dbec                siscanf
                0x18e0dbec                sscanf
 .text.__sread  0x18e0dc40       0x22 c:/program files (x86)/gnu tools arm embedded/7 2018-q2-update/bin/../lib/gcc/arm-none-eabi/7.3.1/../../../../arm-none-eabi/lib/thumb/v7e-m\libg_nano.a(lib_a-stdio.o)
                0x18e0dc40                __sread
 .text.__seofread
                0x18e0dc62        0x4 c:/program files (x86)/gnu tools arm embedded/7 2018-q2-update/bin/../lib/gcc/arm-none-eabi/7.3.1/../../../../arm-none-eabi/lib/thumb/v7e-m\libg_nano.a(lib_a-stdio.o)
                0x18e0dc62                __seofread
 .text.__swrite
                0x18e0dc66       0x38 c:/program files (x86)/gnu tools arm embedded/7 2018-q2-update/bin/../lib/gcc/arm-none-eabi/7.3.1/../../../../arm-none-eabi/lib/thumb/v7e-m\libg_nano.a(lib_a-stdio.o)
                0x18e0dc66                __swrite
 .text.__sseek  0x18e0dc9e       0x24 c:/program files (x86)/gnu tools arm embedded/7 2018-q2-update/bin/../lib/gcc/arm-none-eabi/7.3.1/../../../../arm-none-eabi/lib/thumb/v7e-m\libg_nano.a(lib_a-stdio.o)
                0x18e0dc9e                __sseek
 .text.__sclose
                0x18e0dcc2        0x8 c:/program files (x86)/gnu tools arm embedded/7 2018-q2-update/bin/../lib/gcc/arm-none-eabi/7.3.1/../../../../arm-none-eabi/lib/thumb/v7e-m\libg_nano.a(lib_a-stdio.o)
                0x18e0dcc2                __sclose
 .text          0x18e0dcca       0x14 c:/program files (x86)/gnu tools arm embedded/7 2018-q2-update/bin/../lib/gcc/arm-none-eabi/7.3.1/../../../../arm-none-eabi/lib/thumb/v7e-m\libg_nano.a(lib_a-strcmp.o)
                0x18e0dcca                strcmp
 .text.strcpy   0x18e0dcde       0x10 c:/program files (x86)/gnu tools arm embedded/7 2018-q2-update/bin/../lib/gcc/arm-none-eabi/7.3.1/../../../../arm-none-eabi/lib/thumb/v7e-m\libg_nano.a(lib_a-strcpy.o)
                0x18e0dcde                strcpy
 .text          0x18e0dcee       0x10 c:/program files (x86)/gnu tools arm embedded/7 2018-q2-update/bin/../lib/gcc/arm-none-eabi/7.3.1/../../../../arm-none-eabi/lib/thumb/v7e-m\libg_nano.a(lib_a-strlen.o)
                0x18e0dcee                strlen
 .text.strncmp  0x18e0dcfe       0x24 c:/program files (x86)/gnu tools arm embedded/7 2018-q2-update/bin/../lib/gcc/arm-none-eabi/7.3.1/../../../../arm-none-eabi/lib/thumb/v7e-m\libg_nano.a(lib_a-strncmp.o)
                0x18e0dcfe                strncmp
 .text.strncpy  0x18e0dd22       0x2a c:/program files (x86)/gnu tools arm embedded/7 2018-q2-update/bin/../lib/gcc/arm-none-eabi/7.3.1/../../../../arm-none-eabi/lib/thumb/v7e-m\libg_nano.a(lib_a-strncpy.o)
                0x18e0dd22                strncpy
 .text.strsep   0x18e0dd4c        0xa c:/program files (x86)/gnu tools arm embedded/7 2018-q2-update/bin/../lib/gcc/arm-none-eabi/7.3.1/../../../../arm-none-eabi/lib/thumb/v7e-m\libg_nano.a(lib_a-strsep.o)
                0x18e0dd4c                strsep
 *fill*         0x18e0dd56        0x2 
 .text.strtok   0x18e0dd58       0x54 c:/program files (x86)/gnu tools arm embedded/7 2018-q2-update/bin/../lib/gcc/arm-none-eabi/7.3.1/../../../../arm-none-eabi/lib/thumb/v7e-m\libg_nano.a(lib_a-strtok.o)
                0x18e0dd58                strtok
 .text.__strtok_r
                0x18e0ddac       0x54 c:/program files (x86)/gnu tools arm embedded/7 2018-q2-update/bin/../lib/gcc/arm-none-eabi/7.3.1/../../../../arm-none-eabi/lib/thumb/v7e-m\libg_nano.a(lib_a-strtok_r.o)
                0x18e0ddac                __strtok_r
 .text._strtol_l.isra.0
                0x18e0de00       0xf6 c:/program files (x86)/gnu tools arm embedded/7 2018-q2-update/bin/../lib/gcc/arm-none-eabi/7.3.1/../../../../arm-none-eabi/lib/thumb/v7e-m\libg_nano.a(lib_a-strtol.o)
 *fill*         0x18e0def6        0x2 
 .text._strtol_r
                0x18e0def8       0x24 c:/program files (x86)/gnu tools arm embedded/7 2018-q2-update/bin/../lib/gcc/arm-none-eabi/7.3.1/../../../../arm-none-eabi/lib/thumb/v7e-m\libg_nano.a(lib_a-strtol.o)
                0x18e0def8                _strtol_r
 .text.strtol   0x18e0df1c       0x2c c:/program files (x86)/gnu tools arm embedded/7 2018-q2-update/bin/../lib/gcc/arm-none-eabi/7.3.1/../../../../arm-none-eabi/lib/thumb/v7e-m\libg_nano.a(lib_a-strtol.o)
                0x18e0df1c                strtol
 .text._strtoll_l.isra.0
                0x18e0df48      0x166 c:/program files (x86)/gnu tools arm embedded/7 2018-q2-update/bin/../lib/gcc/arm-none-eabi/7.3.1/../../../../arm-none-eabi/lib/thumb/v7e-m\libg_nano.a(lib_a-strtoll.o)
 *fill*         0x18e0e0ae        0x2 
 .text.strtoll  0x18e0e0b0       0x2c c:/program files (x86)/gnu tools arm embedded/7 2018-q2-update/bin/../lib/gcc/arm-none-eabi/7.3.1/../../../../arm-none-eabi/lib/thumb/v7e-m\libg_nano.a(lib_a-strtoll.o)
                0x18e0e0b0                strtoll
 .text.write    0x18e0e0dc       0x14 c:/program files (x86)/gnu tools arm embedded/7 2018-q2-update/bin/../lib/gcc/arm-none-eabi/7.3.1/../../../../arm-none-eabi/lib/thumb/v7e-m\libg_nano.a(lib_a-syswrite.o)
                0x18e0e0dc                write
 .text.__tzcalc_limits
                0x18e0e0f0      0x150 c:/program files (x86)/gnu tools arm embedded/7 2018-q2-update/bin/../lib/gcc/arm-none-eabi/7.3.1/../../../../arm-none-eabi/lib/thumb/v7e-m\libg_nano.a(lib_a-tzcalc_limits.o)
                0x18e0e0f0                __tzcalc_limits
 .text.__tz_lock
                0x18e0e240        0x2 c:/program files (x86)/gnu tools arm embedded/7 2018-q2-update/bin/../lib/gcc/arm-none-eabi/7.3.1/../../../../arm-none-eabi/lib/thumb/v7e-m\libg_nano.a(lib_a-tzlock.o)
                0x18e0e240                __tz_lock
 .text.__tz_unlock
                0x18e0e242        0x2 c:/program files (x86)/gnu tools arm embedded/7 2018-q2-update/bin/../lib/gcc/arm-none-eabi/7.3.1/../../../../arm-none-eabi/lib/thumb/v7e-m\libg_nano.a(lib_a-tzlock.o)
                0x18e0e242                __tz_unlock
 .text._tzset_unlocked