Archive member included to satisfy reference by file (symbol)

c:/program files (x86)/gnu tools arm embedded/7 2018-q2-update/bin/../lib/gcc/arm-none-eabi/7.3.1/thumb/v7e-m\libgcc.a(_arm_addsubdf3.o)
                              ./printf/printf.o (__aeabi_dsub)
c:/program files (x86)/gnu tools arm embedded/7 2018-q2-update/bin/../lib/gcc/arm-none-eabi/7.3.1/thumb/v7e-m\libgcc.a(_arm_muldivdf3.o)
                              ./printf/printf.o (__aeabi_dmul)
c:/program files (x86)/gnu tools arm embedded/7 2018-q2-update/bin/../lib/gcc/arm-none-eabi/7.3.1/thumb/v7e-m\libgcc.a(_arm_cmpdf2.o)
                              ./printf/printf.o (__aeabi_dcmpeq)
c:/program files (x86)/gnu tools arm embedded/7 2018-q2-update/bin/../lib/gcc/arm-none-eabi/7.3.1/thumb/v7e-m\libgcc.a(_arm_fixdfsi.o)
                              ./printf/printf.o (__aeabi_d2iz)
c:/program files (x86)/gnu tools arm embedded/7 2018-q2-update/bin/../lib/gcc/arm-none-eabi/7.3.1/thumb/v7e-m\libgcc.a(_arm_fixunsdfsi.o)
                              ./printf/printf.o (__aeabi_d2uiz)
c:/program files (x86)/gnu tools arm embedded/7 2018-q2-update/bin/../lib/gcc/arm-none-eabi/7.3.1/thumb/v7e-m\libgcc.a(_arm_addsubsf3.o)
                              ./Driver/Source/DRV_I2C.o (__aeabi_ui2f)
c:/program files (x86)/gnu tools arm embedded/7 2018-q2-update/bin/../lib/gcc/arm-none-eabi/7.3.1/thumb/v7e-m\libgcc.a(_arm_muldivsf3.o)
                              ./Driver/Source/DRV_I2C.o (__aeabi_fmul)
c:/program files (x86)/gnu tools arm embedded/7 2018-q2-update/bin/../lib/gcc/arm-none-eabi/7.3.1/thumb/v7e-m\libgcc.a(_arm_fixunssfsi.o)
                              ./Driver/Source/DRV_I2C.o (__aeabi_f2uiz)
c:/program files (x86)/gnu tools arm embedded/7 2018-q2-update/bin/../lib/gcc/arm-none-eabi/7.3.1/thumb/v7e-m\libgcc.a(_aeabi_ldivmod.o)
                              ./applib/timex.o (__aeabi_ldivmod)
c:/program files (x86)/gnu tools arm embedded/7 2018-q2-update/bin/../lib/gcc/arm-none-eabi/7.3.1/thumb/v7e-m\libgcc.a(_aeabi_uldivmod.o)
                              ./printf/printf.o (__aeabi_uldivmod)
c:/program files (x86)/gnu tools arm embedded/7 2018-q2-update/bin/../lib/gcc/arm-none-eabi/7.3.1/thumb/v7e-m\libgcc.a(_udivmoddi4.o)
                              c:/program files (x86)/gnu tools arm embedded/7 2018-q2-update/bin/../lib/gcc/arm-none-eabi/7.3.1/thumb/v7e-m\libgcc.a(_aeabi_ldivmod.o) (__udivmoddi4)
c:/program files (x86)/gnu tools arm embedded/7 2018-q2-update/bin/../lib/gcc/arm-none-eabi/7.3.1/thumb/v7e-m\libgcc.a(unwind-arm.o)
                              ./serial/serial.o (__aeabi_unwind_cpp_pr0)
c:/program files (x86)/gnu tools arm embedded/7 2018-q2-update/bin/../lib/gcc/arm-none-eabi/7.3.1/thumb/v7e-m\libgcc.a(libunwind.o)
                              c:/program files (x86)/gnu tools arm embedded/7 2018-q2-update/bin/../lib/gcc/arm-none-eabi/7.3.1/thumb/v7e-m\libgcc.a(unwind-arm.o) (restore_core_regs)
c:/program files (x86)/gnu tools arm embedded/7 2018-q2-update/bin/../lib/gcc/arm-none-eabi/7.3.1/thumb/v7e-m\libgcc.a(pr-support.o)
                              c:/program files (x86)/gnu tools arm embedded/7 2018-q2-update/bin/../lib/gcc/arm-none-eabi/7.3.1/thumb/v7e-m\libgcc.a(unwind-arm.o) (__gnu_unwind_execute)
c:/program files (x86)/gnu tools arm embedded/7 2018-q2-update/bin/../lib/gcc/arm-none-eabi/7.3.1/thumb/v7e-m\libgcc.a(_dvmd_tls.o)
                              c:/program files (x86)/gnu tools arm embedded/7 2018-q2-update/bin/../lib/gcc/arm-none-eabi/7.3.1/thumb/v7e-m\libgcc.a(_aeabi_ldivmod.o) (__aeabi_ldiv0)
c:/program files (x86)/gnu tools arm embedded/7 2018-q2-update/bin/../lib/gcc/arm-none-eabi/7.3.1/../../../../arm-none-eabi/lib/thumb/v7e-m\libg_nano.a(lib_a-abort.o)
                              c:/program files (x86)/gnu tools arm embedded/7 2018-q2-update/bin/../lib/gcc/arm-none-eabi/7.3.1/thumb/v7e-m\libgcc.a(unwind-arm.o) (abort)
c:/program files (x86)/gnu tools arm embedded/7 2018-q2-update/bin/../lib/gcc/arm-none-eabi/7.3.1/../../../../arm-none-eabi/lib/thumb/v7e-m\libg_nano.a(lib_a-atoi.o)
                              ./miniconsole/mini_console.o (atoi)
c:/program files (x86)/gnu tools arm embedded/7 2018-q2-update/bin/../lib/gcc/arm-none-eabi/7.3.1/../../../../arm-none-eabi/lib/thumb/v7e-m\libg_nano.a(lib_a-ctime_r.o)
                              ./miniconsole/mini_console.o (ctime_r)
c:/program files (x86)/gnu tools arm embedded/7 2018-q2-update/bin/../lib/gcc/arm-none-eabi/7.3.1/../../../../arm-none-eabi/lib/thumb/v7e-m\libg_nano.a(lib_a-errno.o)
                              ./altcomlib/util/buffpool.o (__errno)
c:/program files (x86)/gnu tools arm embedded/7 2018-q2-update/bin/../lib/gcc/arm-none-eabi/7.3.1/../../../../arm-none-eabi/lib/thumb/v7e-m\libg_nano.a(lib_a-impure.o)
                              ./FreeRTOS/FreeRTOS/portable/MemMang/heap_useNewlib.o (_impure_ptr)
[...]
Memory Configuration

Name             Origin             Length             Attributes
UNCACHED         0x08e00200         0x00000400         xr
FLASH            0x18e00600         0x000fea00         xr
GPM_RAM          0x0c0e0000         0x00010000         xrw
RESERVED         0x0c0f0000         0x00010000         xrw
MBOX4_MEM        0x0d02fa00         0x00000080         rw
MBOX5_MEM        0x0d02fa80         0x00000080         rw
MBOX11_MEM       0x0d02fd80         0x00000080         r
RAM              0x00020000         0x00020000         xrw
*default*        0x00000000         0xffffffff

Linker script and memory map

LOAD ./serial/serial.o
LOAD ./printf/printf.o
LOAD ./osal/Source/freertos_osal.o
LOAD ./miniconsole/mini_console.o
LOAD ./hifc/mi/hifc_mi.o
LOAD ./hifc/core/hifc_api.o
LOAD ./example/apitest_main.o
LOAD ./example/main.o
LOAD ./example/main_mini_console.o
LOAD ./applib/applib.o
LOAD ./applib/backtrace.o
LOAD ./applib/fault_handler.o
LOAD ./applib/newlibPort.o
LOAD ./applib/reset.o
LOAD ./applib/timex.o
LOAD ./altcomlib/util/apiutil.o
LOAD ./altcomlib/util/buffpool.o
LOAD ./altcomlib/util/director.o
LOAD ./altcomlib/util/thrdpool.o
LOAD ./altcomlib/opt/dbg_opt.o
LOAD ./altcomlib/altcom/gw/apicmdgw.o
LOAD ./altcomlib/altcom/gw/hal_uart_alt125x.o
LOAD ./altcomlib/altcom/evtdisp/buffpoolwrapper.o
LOAD ./altcomlib/altcom/evtdisp/evtdisp.o
LOAD ./altcomlib/altcom/evtdisp/evthdlbs.o
LOAD ./altcomlib/altcom/evtdisp/thrdfctry.o
LOAD ./altcomlib/altcom/common/altcom_errno.o
LOAD ./altcomlib/altcom/builder/altcom_finalize.o
LOAD ./altcomlib/altcom/builder/altcom_initialize.o
LOAD ./altcomlib/altcom/builder/altcombuilder.o
LOAD ./altcomlib/altcom/api/gps/altcom_gps_activate.o
LOAD ./altcomlib/altcom/api/gps/altcom_gps_cep.o
LOAD ./altcomlib/altcom/api/gps/altcom_gps_memerase.o
LOAD ./altcomlib/altcom/api/gps/altcom_gps_setevent.o
LOAD ./altcomlib/altcom/api/gps/altcom_gps_setnmeacfg.o
LOAD ./altcomlib/altcom/api/gps/altcom_gps_ver.o
LOAD ./altcomlib/altcom/api/gps/apicmdhdlr_nmearepevt.o
LOAD ./altcomlib/altcom/api/gps/gps_callback.o
LOAD ./altcomlib/altcom/api/common/apicmdhdlr_errind.o
LOAD ./altcomlib/altcom/api/common/apicmdhdlrbs.o
LOAD ./FreeRTOS/FreeRTOS/portable/MemMang/heap_useNewlib.o
LOAD ./FreeRTOS/FreeRTOS/portable/GCC/ARM_CM3/alt125x_tickless_sleep.o
LOAD ./FreeRTOS/FreeRTOS/portable/GCC/ARM_CM3/port.o
LOAD ./FreeRTOS/FreeRTOS/FreeRTOS-openocd.o
LOAD ./FreeRTOS/FreeRTOS/croutine.o
LOAD ./FreeRTOS/FreeRTOS/event_groups.o
LOAD ./FreeRTOS/FreeRTOS/list.o
LOAD ./FreeRTOS/FreeRTOS/queue.o
LOAD ./FreeRTOS/FreeRTOS/stream_buffer.o
LOAD ./FreeRTOS/FreeRTOS/tasks.o
LOAD ./FreeRTOS/FreeRTOS/timers.o
LOAD ./Driver/Source/Private/ALT1250/DRV_IF_CFG.o
LOAD ./Driver/Source/Private/ALT1250/DRV_IOSEL.o
LOAD ./Driver/Source/Private/DRV_32KTIMER.o
LOAD ./Driver/Source/Private/DRV_ATOMIC_COUNTER.o
LOAD ./Driver/Source/Private/DRV_CLOCK_GATING.o
LOAD ./Driver/Source/Private/DRV_GPIO_WAKEUP.o
LOAD ./Driver/Source/Private/DRV_PMP_AGENT.o
LOAD ./Driver/Source/Private/DRV_SB_ENABLE.o
LOAD ./Driver/Source/Private/sha256.o
LOAD ./Driver/Source/DRV_AUXADC.o
LOAD ./Driver/Source/DRV_CCM.o
LOAD ./Driver/Source/DRV_FLASH.o
LOAD ./Driver/Source/DRV_GDMA.o
LOAD ./Driver/Source/DRV_GPIO.o
LOAD ./Driver/Source/DRV_GPTIMER.o
LOAD ./Driver/Source/DRV_I2C.o
LOAD ./Driver/Source/DRV_IO.o
LOAD ./Driver/Source/DRV_LED.o
LOAD ./Driver/Source/DRV_PM.o
LOAD ./Driver/Source/DRV_PWM_DAC.o
LOAD ./Driver/Source/DRV_SPI.o
LOAD ./Driver/Source/DRV_UART.o
LOAD ./Driver/Source/DRV_WATCHDOG.o
LOAD ./Chipset/Source/startup_ALT125x.o
LOAD ./Chipset/Source/system_ALT125x.o
LOAD ./CMSIS-FreeRTOS/Source/cmsis_os1.o
LOAD ./CMSIS-FreeRTOS/Source/cmsis_os2.o
LOAD ./CMSIS-FreeRTOS/Source/os_systick.o
START GROUP
LOAD c:/program files (x86)/gnu tools arm embedded/7 2018-q2-update/bin/../lib/gcc/arm-none-eabi/7.3.1/thumb/v7e-m\libgcc.a
LOAD c:/program files (x86)/gnu tools arm embedded/7 2018-q2-update/bin/../lib/gcc/arm-none-eabi/7.3.1/../../../../arm-none-eabi/lib/thumb/v7e-m\libg_nano.a
LOAD c:/program files (x86)/gnu tools arm embedded/7 2018-q2-update/bin/../lib/gcc/arm-none-eabi/7.3.1/../../../../arm-none-eabi/lib/thumb/v7e-m\libc_nano.a
END GROUP
START GROUP
LOAD c:/program files (x86)/gnu tools arm embedded/7 2018-q2-update/bin/../lib/gcc/arm-none-eabi/7.3.1/thumb/v7e-m\libgcc.a
LOAD c:/program files (x86)/gnu tools arm embedded/7 2018-q2-update/bin/../lib/gcc/arm-none-eabi/7.3.1/../../../../arm-none-eabi/lib/thumb/v7e-m\libc_nano.a
LOAD c:/program files (x86)/gnu tools arm embedded/7 2018-q2-update/bin/../lib/gcc/arm-none-eabi/7.3.1/../../../../arm-none-eabi/lib/thumb/v7e-m\libnosys.a
END GROUP
START GROUP
LOAD c:/program files (x86)/gnu tools arm embedded/7 2018-q2-update/bin/../lib/gcc/arm-none-eabi/7.3.1/thumb/v7e-m\libgcc.a
LOAD c:/program files (x86)/gnu tools arm embedded/7 2018-q2-update/bin/../lib/gcc/arm-none-eabi/7.3.1/../../../../arm-none-eabi/lib/thumb/v7e-m\libc_nano.a
LOAD c:/program files (x86)/gnu tools arm embedded/7 2018-q2-update/bin/../lib/gcc/arm-none-eabi/7.3.1/../../../../arm-none-eabi/lib/thumb/v7e-m\libnosys.a
END GROUP
                0x00e00000                __MCU_MTD_PARTITION_OFFSET__ = 0xe00000
                0x000ff000                __MCU_MTD_PARTITION_SIZE__ = 0xff000
                0x0c0e0000                __GPM_RAM_BASE__ = 0xc0e0000
                0x00020000                __GPM_RAM_SIZE__ = 0x20000
                0x00000400                __STACK_SIZE = 0x400
                0x08000000                __MCU_MTD_PARTITION_BASE__ = 0x8000000
                0x00000200                __HEADER_SIZE__ = 0x200
                0x00000400                __UNCACHED_SIZE__ = 0x400
                0x08e00200                __UNCACHED_ORIGIN__ = ((__MCU_MTD_PARTITION_BASE__ + __MCU_MTD_PARTITION_OFFSET__) + __HEADER_SIZE__)
                0x18e00600                __FLASH_ORIGIN__ = ((__UNCACHED_ORIGIN__ + __UNCACHED_SIZE__) + 0x10000000)
                0x00010000                __RESERVED_GPM_RAM_SIZE__ = DEFINED (__RESERVED_GPM_RAM_SIZE__)?__RESERVED_GPM_RAM_SIZE__:(__GPM_RAM_SIZE__ / 0x2)
                0x00000080                __MBOX_MEM_LENGTH__ = 0x80

.uncached       0x08e00200      0x200
                0x08e00200                __uncached_start__ = .
 *(.vectors)
 .vectors       0x08e00200      0x180 ./Chipset/Source/startup_ALT125x.o
                0x08e00200                __Vectors
                0x08e00380                __end__ = .
 *(.uncached*)
 .uncached      0x08e00380       0x6c ./Chipset/Source/startup_ALT125x.o
                0x08e00380                Reset_Handler
 *fill*         0x08e003ec        0x4 
 .uncached.__stub
                0x08e003f0       0x10 linker stubs
                0x08e00400                __uncached_end__ = .
                0x00000001                ASSERT ((LENGTH (UNCACHED) >= (__uncached_end__ - __uncached_start__)), UNCACHED memory overflowed)

.text           0x18e00600    0x14969 load address 0x08e00600
 *(.text*)
 .text.Get_Resource
                0x18e00600       0x14 ./serial/serial.o
 .text.Get_System_Clock
                0x18e00614        0xc ./serial/serial.o
 .text.Get_Ref_Clock
                0x18e00620        0x8 ./serial/serial.o
 .text.UART_EventCallback
                0x18e00628       0x30 ./serial/serial.o
 .text.serial_open
                0x18e00658       0xe8 ./serial/serial.o
                0x18e00658                serial_open
 .text.serial_close
                0x18e00740       0x40 ./serial/serial.o
                0x18e00740                serial_close
 .text.serial_read
                0x18e00780       0x6a ./serial/serial.o
                0x18e00780                serial_read
 .text.serial_write
                0x18e007ea       0x84 ./serial/serial.o
                0x18e007ea                serial_write
 .text.abort_read
                0x18e0086e       0x22 ./serial/serial.o
                0x18e0086e                abort_read
 .text.dump_statistics
                0x18e00890       0x84 ./serial/serial.o
                0x18e00890                dump_statistics
 .text._out_buffer
                0x18e00914        0x8 ./printf/printf.o
 .text._out_null
                0x18e0091c        0x2 ./printf/printf.o
 .text._atoi    0x18e0091e       0x24 ./printf/printf.o
 .text._out_rev
                0x18e00942       0x74 ./printf/printf.o
 .text._ntoa_format
                0x18e009b6      0x138 ./printf/printf.o
 .text._ntoa_long
                0x18e00aee       0x92 ./printf/printf.o
 .text._ntoa_long_long
                0x18e00b80       0xbc ./printf/printf.o
 *fill*         0x18e00c3c        0x4 
 .text._etoa    0x18e00c40      0x3e8 ./printf/printf.o
 .text._ftoa    0x18e01028      0x360 ./printf/printf.o
 .text._vsnprintf
                0x18e01388      0x6dc ./printf/printf.o
 .text._out_char
                0x18e01a64        0xc ./printf/printf.o
 .text.printf_  0x18e01a70       0x2c ./printf/printf.o
                0x18e01a70                printf_
 .text.sprintf_
                0x18e01a9c       0x2c ./printf/printf.o
                0x18e01a9c                sprintf_
 .text.snprintf_
                0x18e01ac8       0x28 ./printf/printf.o
                0x18e01ac8                snprintf_
 .text.vprintf_
                0x18e01af0       0x20 ./printf/printf.o
                0x18e01af0                vprintf_
 .text.alt_osal_timer_callback
                0x18e01b10       0x10 ./osal/Source/freertos_osal.o
 .text.alt_osal_irq_context
                0x18e01b20       0x2c ./osal/Source/freertos_osal.o
                0x18e01b20                alt_osal_irq_context
 .text.alt_osal_create_task
                0x18e01b4c       0xd8 ./osal/Source/freertos_osal.o
                0x18e01b4c                alt_osal_create_task
 .text.alt_osal_delete_task
                0x18e01c24       0x38 ./osal/Source/freertos_osal.o
                0x18e01c24                alt_osal_delete_task
 .text.alt_osal_sleep_task
                0x18e01c5c       0x20 ./osal/Source/freertos_osal.o
                0x18e01c5c                alt_osal_sleep_task
 .text.alt_osal_list_task
                0x18e01c7c       0x12 ./osal/Source/freertos_osal.o
                0x18e01c7c                alt_osal_list_task
 .text.alt_osal_enable_dispatch
                0x18e01c8e       0x3e ./osal/Source/freertos_osal.o
                0x18e01c8e                alt_osal_enable_dispatch
 .text.alt_osal_disable_dispatch
                0x18e01ccc       0x2a ./osal/Source/freertos_osal.o
                0x18e01ccc                alt_osal_disable_dispatch
 .text.alt_osal_create_semaphore
                0x18e01cf6       0xdc ./osal/Source/freertos_osal.o
                0x18e01cf6                alt_osal_create_semaphore
 .text.alt_osal_delete_semaphore
                0x18e01dd2       0x2e ./osal/Source/freertos_osal.o
                0x18e01dd2                alt_osal_delete_semaphore
 .text.alt_osal_wait_semaphore
                0x18e01e00       0x8c ./osal/Source/freertos_osal.o
                0x18e01e00                alt_osal_wait_semaphore
 .text.alt_osal_post_semaphore
                0x18e01e8c       0x70 ./osal/Source/freertos_osal.o
                0x18e01e8c                alt_osal_post_semaphore
 .text.alt_osal_create_mutex
                0x18e01efc       0xaa ./osal/Source/freertos_osal.o
                0x18e01efc                alt_osal_create_mutex
 .text.alt_osal_delete_mutex
                0x18e01fa6       0x32 ./osal/Source/freertos_osal.o
                0x18e01fa6                alt_osal_delete_mutex
 .text.alt_osal_lock_mutex
                0x18e01fd8       0xbc ./osal/Source/freertos_osal.o
                0x18e01fd8                alt_osal_lock_mutex
 .text.alt_osal_unlock_mutex
                0x18e02094       0x90 ./osal/Source/freertos_osal.o
                0x18e02094                alt_osal_unlock_mutex
 .text.alt_osal_create_mqueue
                0x18e02124       0xb6 ./osal/Source/freertos_osal.o
                0x18e02124                alt_osal_create_mqueue
 .text.alt_osal_delete_mqueue
                0x18e021da       0x2e ./osal/Source/freertos_osal.o
                0x18e021da                alt_osal_delete_mqueue
 .text.alt_osal_send_mqueue
                0x18e02208       0xa8 ./osal/Source/freertos_osal.o
                0x18e02208                alt_osal_send_mqueue
 .text.alt_osal_recv_mqueue
                0x18e022b0       0xa0 ./osal/Source/freertos_osal.o
                0x18e022b0                alt_osal_recv_mqueue
 .text.__alt_osal_thread_cond_wait
                0x18e02350       0xb8 ./osal/Source/freertos_osal.o
 .text.alt_osal_create_timer
                0x18e02408       0xcc ./osal/Source/freertos_osal.o
                0x18e02408                alt_osal_create_timer
 .text.alt_osal_start_timer
                0x18e024d4       0x74 ./osal/Source/freertos_osal.o
                0x18e024d4                alt_osal_start_timer
 .text.alt_osal_stop_timer
                0x18e02548       0x80 ./osal/Source/freertos_osal.o
                0x18e02548                alt_osal_stop_timer
 .text.alt_osal_thread_cond_init
                0x18e025c8       0x6c ./osal/Source/freertos_osal.o
                0x18e025c8                alt_osal_thread_cond_init
 .text.alt_osal_thread_cond_destroy
                0x18e02634       0x2c ./osal/Source/freertos_osal.o
                0x18e02634                alt_osal_thread_cond_destroy
 .text.alt_osal_thread_cond_wait
                0x18e02660        0xa ./osal/Source/freertos_osal.o
                0x18e02660                alt_osal_thread_cond_wait
 .text.alt_osal_thread_cond_timedwait
                0x18e0266a        0x8 ./osal/Source/freertos_osal.o
                0x18e0266a                alt_osal_thread_cond_timedwait
 .text.alt_osal_signal_thread_cond
                0x18e02672       0x3e ./osal/Source/freertos_osal.o
                0x18e02672                alt_osal_signal_thread_cond
 .text.alt_osal_broadcast_thread_cond
                0x18e026b0       0x42 ./osal/Source/freertos_osal.o
                0x18e026b0                alt_osal_broadcast_thread_cond
 .text.alt_osal_clear_taskflag
                0x18e026f2       0x5c ./osal/Source/freertos_osal.o
                0x18e026f2                alt_osal_clear_taskflag
 *fill*         0x18e0274e        0x2 
 .text.alt_osal_set_taskflag
                0x18e02750       0x88 ./osal/Source/freertos_osal.o
                0x18e02750                alt_osal_set_taskflag
 .text.alt_osal_wait_taskflag
                0x18e027d8       0xa8 ./osal/Source/freertos_osal.o
                0x18e027d8                alt_osal_wait_taskflag
 .text.alt_osal_get_current_task_handle
                0x18e02880        0x8 ./osal/Source/freertos_osal.o
                0x18e02880                alt_osal_get_current_task_handle
 .text.alt_osal_enter_critital_section
                0x18e02888        0x8 ./osal/Source/freertos_osal.o
                0x18e02888                alt_osal_enter_critital_section
 .text.alt_osal_exit_critital_section
                0x18e02890        0x8 ./osal/Source/freertos_osal.o
                0x18e02890                alt_osal_exit_critital_section
 .text.alt_osal_enter_critical
                0x18e02898       0x26 ./osal/Source/freertos_osal.o
                0x18e02898                alt_osal_enter_critical
 .text.alt_osal_exit_critical
                0x18e028be       0x16 ./osal/Source/freertos_osal.o
                0x18e028be                alt_osal_exit_critical
 .text.alt_osal_is_inside_interrupt
                0x18e028d4        0xe ./osal/Source/freertos_osal.o
                0x18e028d4                alt_osal_is_inside_interrupt
 *fill*         0x18e028e2        0x2 
 .text.do_ver   0x18e028e4       0x1c ./miniconsole/mini_console.o
                0x18e028e4                do_ver
 .text.do_mem_info
                0x18e02900       0x34 ./miniconsole/mini_console.o
                0x18e02900                do_mem_info
 .text.do_ps    0x18e02934       0x24 ./miniconsole/mini_console.o
                0x18e02934                do_ps
 .text.do_serialinfo
                0x18e02958       0x44 ./miniconsole/mini_console.o
                0x18e02958                do_serialinfo
 .text.hifc_print_stat
                0x18e0299c      0x16c ./miniconsole/mini_console.o
 .text.do_hifc  0x18e02b08       0xfc ./miniconsole/mini_console.o
                0x18e02b08                do_hifc
 .text.do_time  0x18e02c04      0x160 ./miniconsole/mini_console.o
                0x18e02c04                do_time
 .text.do_reset
                0x18e02d64       0x5c ./miniconsole/mini_console.o
                0x18e02d64                do_reset
 .text.mini_console_ext
                0x18e02dc0       0x50 ./miniconsole/mini_console.o
                0x18e02dc0                mini_console_ext
 .text.mini_console
                0x18e02e10        0xa ./miniconsole/mini_console.o
                0x18e02e10                mini_console
 *fill*         0x18e02e1a        0x2 
 .text.print_menu_header
                0x18e02e1c       0x30 ./miniconsole/mini_console.o
                0x18e02e1c                print_menu_header
 .text.print_help_menu
                0x18e02e4c       0x30 ./miniconsole/mini_console.o
                0x18e02e4c                print_help_menu
 .text.leagal_address
                0x18e02e7c       0x96 ./miniconsole/mini_console.o
                0x18e02e7c                leagal_address
 *fill*         0x18e02f12        0x2 
 .text.do_read  0x18e02f14       0x34 ./miniconsole/mini_console.o
                0x18e02f14                do_read
 .text.do_write
                0x18e02f48       0x30 ./miniconsole/mini_console.o
                0x18e02f48                do_write
 .text.replace_line
                0x18e02f78       0x88 ./miniconsole/mini_console.o
                0x18e02f78                replace_line
 .text.serial_gets
                0x18e03000      0x374 ./miniconsole/mini_console.o
                0x18e03000                serial_gets
 .text.prvMiniConsoleTask
                0x18e03374       0xd4 ./miniconsole/mini_console.o
 .text.hifc_mi_utx_set
                0x18e03448        0x2 ./hifc/mi/hifc_mi.o
                0x18e03448                hifc_mi_utx_set
 .text.hifc_mi_urx_init
                0x18e0344a        0x2 ./hifc/mi/hifc_mi.o
                0x18e0344a                hifc_mi_urx_init
 .text.hifc_mi_urx_isr_deinit
                0x18e0344c        0x2 ./hifc/mi/hifc_mi.o
                0x18e0344c                hifc_mi_urx_isr_deinit
 .text.hifc_mi_txrx_to_uart
                0x18e0344e        0x2 ./hifc/mi/hifc_mi.o
                0x18e0344e                hifc_mi_txrx_to_uart
 .text.hifc_mi_txrx_to_gpio
                0x18e03450        0x2 ./hifc/mi/hifc_mi.o
                0x18e03450                hifc_mi_txrx_to_gpio
 .text.hifc_mi_disableRts
                0x18e03452        0x2 ./hifc/mi/hifc_mi.o
                0x18e03452                hifc_mi_disableRts
 .text.hifc_mi_enableRts
                0x18e03454        0x2 ./hifc/mi/hifc_mi.o
                0x18e03454                hifc_mi_enableRts
 .text.hifc_mi_enableTxRx
                0x18e03456        0x2 ./hifc/mi/hifc_mi.o
                0x18e03456                hifc_mi_enableTxRx
 .text.hifc_mi_disableTxRx
                0x18e03458        0x2 ./hifc/mi/hifc_mi.o
                0x18e03458                hifc_mi_disableTxRx
 *fill*         0x18e0345a        0x2 
 .text.MAILBOX_IRQHandler
                0x18e0345c       0x18 ./hifc/mi/hifc_mi.o
                0x18e0345c                MAILBOX_IRQHandler
 .text.hifc_mi_h2m_set
                0x18e03474       0x2c ./hifc/mi/hifc_mi.o
                0x18e03474                hifc_mi_h2m_set
 .text.hifc_mi_m2h_init
                0x18e034a0       0x28 ./hifc/mi/hifc_mi.o
                0x18e034a0                hifc_mi_m2h_init
 .text.hifc_mi_m2h_isr_deinit
                0x18e034c8        0xa ./hifc/mi/hifc_mi.o
                0x18e034c8                hifc_mi_m2h_isr_deinit
 .text.hifc_mi_is_tx_empty
                0x18e034d2        0x8 ./hifc/mi/hifc_mi.o
                0x18e034d2                hifc_mi_is_tx_empty
 .text.enable_TxDataRegEmptyInterrupt
                0x18e034da        0x2 ./hifc/mi/hifc_mi.o
                0x18e034da                enable_TxDataRegEmptyInterrupt
 .text.is_hwflow_on
                0x18e034dc        0x6 ./hifc/mi/hifc_mi.o
                0x18e034dc                is_hwflow_on
 .text.get_pin_value
                0x18e034e2       0x20 ./hifc/mi/hifc_mi.o
                0x18e034e2                get_pin_value
 *fill*         0x18e03502        0x2 
 .text.init_mi  0x18e03504       0x84 ./hifc/mi/hifc_mi.o
                0x18e03504                init_mi
 .text.set_if_state
                0x18e03588        0xc ./hifc/core/hifc_api.o
 .text.hifc_get_host_interface_state
                0x18e03594        0xc ./hifc/core/hifc_api.o
 .text.hifc_set_host_interface_state
                0x18e035a0        0xc ./hifc/core/hifc_api.o
 .text.get_hifc_mode
                0x18e035ac        0xc ./hifc/core/hifc_api.o
 .text.get_reset_timer_period
                0x18e035b8       0x2c ./hifc/core/hifc_api.o
 .text.hifc_host_interface_init
                0x18e035e4       0xd0 ./hifc/core/hifc_api.o
                0x18e035e4                hifc_host_interface_init
 .text.get_if_state
                0x18e036b4        0xc ./hifc/core/hifc_api.o
                0x18e036b4                get_if_state
 .text.isHifcPort
                0x18e036c0       0x28 ./hifc/core/hifc_api.o
                0x18e036c0                isHifcPort
 .text.clear_hifc_status_report
                0x18e036e8       0x1c ./hifc/core/hifc_api.o
                0x18e036e8                clear_hifc_status_report
 .text.get_hifc_status_report
                0x18e03704       0x88 ./hifc/core/hifc_api.o
                0x18e03704                get_hifc_status_report
 .text.generic_reset_inactivity_timer
                0x18e0378c       0x64 ./hifc/core/hifc_api.o
                0x18e0378c                generic_reset_inactivity_timer
 .text.hifc_cmode_resume_time_isr
                0x18e037f0       0x20 ./hifc/core/hifc_api.o
                0x18e037f0                hifc_cmode_resume_time_isr
 .text.hifc_host_resume_sm
                0x18e03810      0x130 ./hifc/core/hifc_api.o
 .text.hifc_host_resume
                0x18e03940       0x48 ./hifc/core/hifc_api.o
 .text.force_host_resume
                0x18e03988       0x34 ./hifc/core/hifc_api.o
                0x18e03988                force_host_resume
 .text.hifc_modem_resume_sm
                0x18e039bc       0xf4 ./hifc/core/hifc_api.o
 .text.hifc_host_suspend_sm
                0x18e03ab0       0xf8 ./hifc/core/hifc_api.o
 .text.hifc_host_suspend
                0x18e03ba8       0x40 ./hifc/core/hifc_api.o
 .text.hifc_protocol_timeout_isr
                0x18e03be8       0xc4 ./hifc/core/hifc_api.o
                0x18e03be8                hifc_protocol_timeout_isr
 .text.force_host_suspend
                0x18e03cac       0x4c ./hifc/core/hifc_api.o
                0x18e03cac                force_host_suspend
 .text.hifc_urx_level_change_callback
                0x18e03cf8       0x44 ./hifc/core/hifc_api.o
 .text.hifc_m2h_level_change_callback
                0x18e03d3c       0x44 ./hifc/core/hifc_api.o
 .text.set_hifc_mode
                0x18e03d80       0x40 ./hifc/core/hifc_api.o
                0x18e03d80                set_hifc_mode
 .text.hifc_inactivity_timeout_isr
                0x18e03dc0       0x70 ./hifc/core/hifc_api.o
                0x18e03dc0                hifc_inactivity_timeout_isr
 .text.set_inactivity_timer
                0x18e03e30       0x94 ./hifc/core/hifc_api.o
                0x18e03e30                set_inactivity_timer
 .text.request_to_send
                0x18e03ec4       0x48 ./hifc/core/hifc_api.o
                0x18e03ec4                request_to_send
 .text.apitest_log_lock
                0x18e03f0c       0x18 ./example/apitest_main.o
                0x18e03f0c                apitest_log_lock
 .text.apitest_log_unlock
                0x18e03f24       0x14 ./example/apitest_main.o
                0x18e03f24                apitest_log_unlock
 .text.nmeagga_event_cb
                0x18e03f38      0x174 ./example/apitest_main.o
                0x18e03f38                nmeagga_event_cb
 .text.sessionst_event_cb
                0x18e040ac       0x20 ./example/apitest_main.o
                0x18e040ac                sessionst_event_cb
 .text.allowedst_event_cb
                0x18e040cc       0x20 ./example/apitest_main.o
                0x18e040cc                allowedst_event_cb
 .text.event_cb
                0x18e040ec       0x22 ./example/apitest_main.o
                0x18e040ec                event_cb
 *fill*         0x18e0410e        0x2 
 .text.print_retval
                0x18e04110       0x38 ./example/apitest_main.o
 .text.apitest_task
                0x18e04148      0x2f8 ./example/apitest_main.o
 .text.apitest_init
                0x18e04440       0xa0 ./example/apitest_main.o
                0x18e04440                apitest_init
 .text.apitest_main
                0x18e044e0      0x1cc ./example/apitest_main.o
                0x18e044e0                apitest_main
 .text.altcom_config_init
                0x18e046ac       0x34 ./example/main.o
 .text.altcom_init_task
                0x18e046e0       0x54 ./example/main.o
 .text.main     0x18e04734       0x12 ./example/main.o
                0x18e04734                main
 *fill*         0x18e04746        0x2 
 .text.param_field_alloc
                0x18e04748       0x34 ./example/main_mini_console.o
 .text.parse_arg
                0x18e0477c       0x8c ./example/main_mini_console.o
 .text.param_field_free
                0x18e04808       0x1e ./example/main_mini_console.o
 *fill*         0x18e04826        0x2 
 .text.do_apitest
                0x18e04828       0x4c ./example/main_mini_console.o
                0x18e04828                do_apitest
 .text.do_altcom_buffpool_statistic
                0x18e04874        0xa ./example/main_mini_console.o
                0x18e04874                do_altcom_buffpool_statistic
 *fill*         0x18e0487e        0x2 
 .text.do_altcomlog
                0x18e04880       0x78 ./example/main_mini_console.o
                0x18e04880                do_altcomlog
 .text.common_platform_initialize
                0x18e048f8       0x10 ./applib/applib.o
 .text._start   0x18e04908       0x64 ./applib/applib.o
                0x18e04908                _start
 .text.bt_fn    0x18e0496c       0x58 ./applib/backtrace.o
                0x18e0496c                bt_fn
 .text.dump_backtrace
                0x18e049c4       0x2c ./applib/backtrace.o
                0x18e049c4                dump_backtrace
 .text.prvGetRegistersFromStack
                0x18e049f0      0x194 ./applib/fault_handler.o
                0x18e049f0                prvGetRegistersFromStack
 .text.HardFault_Handler
                0x18e04b84       0x1a ./applib/fault_handler.o
                0x18e04b84                HardFault_Handler
 *fill*         0x18e04b9e        0x2 
 .text.Default_Handler
                0x18e04ba0       0x18 ./applib/fault_handler.o
                0x18e04ba0                Default_Handler
 .text.portASSERT
                0x18e04bb8        0x4 ./applib/fault_handler.o
                0x18e04bb8                portASSERT
 .text.vApplicationMallocFailedHook
                0x18e04bbc       0x18 ./applib/fault_handler.o
                0x18e04bbc                vApplicationMallocFailedHook
 .text.vApplicationStackOverflowHook
                0x18e04bd4       0x18 ./applib/fault_handler.o
                0x18e04bd4                vApplicationStackOverflowHook
 .text.newlib_set_stdout_port
                0x18e04bec       0x18 ./applib/newlibPort.o
                0x18e04bec                newlib_set_stdout_port
 .text._putchar
                0x18e04c04       0x18 ./applib/newlibPort.o
                0x18e04c04                _putchar
 .text._write   0x18e04c1c       0x30 ./applib/newlibPort.o
                0x18e04c1c                _write
 .text.machine_reset
                0x18e04c4c       0x42 ./applib/reset.o
                0x18e04c4c                machine_reset
 *fill*         0x18e04c8e        0x2 
 .text.update_system_time
                0x18e04c90       0x38 ./applib/timex.o
 .text.time     0x18e04cc8       0x38 ./applib/timex.o
                0x18e04cc8                time
 .text.stime    0x18e04d00       0x30 ./applib/timex.o
                0x18e04d00                stime
 .text.uptime   0x18e04d30       0x1c ./applib/timex.o
                0x18e04d30                uptime
 .text.vApplicationTickHook
                0x18e04d4c       0xe0 ./applib/timex.o
                0x18e04d4c                vApplicationTickHook
 .text.altcom_callback_lock
                0x18e04e2c       0x14 ./altcomlib/util/apiutil.o
                0x18e04e2c                altcom_callback_lock
 .text.altcom_callback_unlock
                0x18e04e40       0x10 ./altcomlib/util/apiutil.o
                0x18e04e40                altcom_callback_unlock
 .text.altcom_isinit
                0x18e04e50       0x18 ./altcomlib/util/apiutil.o
                0x18e04e50                altcom_isinit
 .text.altcom_free_cmd
                0x18e04e68       0x1c ./altcomlib/util/apiutil.o
                0x18e04e68                altcom_free_cmd
 .text.altcom_alloc_cmdbuff
                0x18e04e84       0x20 ./altcomlib/util/apiutil.o
                0x18e04e84                altcom_alloc_cmdbuff
 .text.altcom_alloc_resbuff
                0x18e04ea4       0x24 ./altcomlib/util/apiutil.o
                0x18e04ea4                altcom_alloc_resbuff
 .text.altcom_generic_free_cmdandresbuff
                0x18e04ec8       0x14 ./altcomlib/util/apiutil.o
                0x18e04ec8                altcom_generic_free_cmdandresbuff
 .text.altcom_generic_alloc_cmdandresbuff
                0x18e04edc       0x30 ./altcomlib/util/apiutil.o
                0x18e04edc                altcom_generic_alloc_cmdandresbuff
 .text.altcom_isCbRegOnly
                0x18e04f0c       0x28 ./altcomlib/util/apiutil.o
                0x18e04f0c                altcom_isCbRegOnly
 .text.altcom_SetCallbackReg
                0x18e04f34       0x18 ./altcomlib/util/apiutil.o
                0x18e04f34                altcom_SetCallbackReg
 .text.buffpool_insertblockinfo
                0x18e04f4c       0x30 ./altcomlib/util/buffpool.o
 .text.buffpool_deletebuffinfo
                0x18e04f7c       0x14 ./altcomlib/util/buffpool.o
 .text.buffpool_createblockinfo
                0x18e04f90       0xe4 ./altcomlib/util/buffpool.o
 .text.buffpool_deleteblockinfo
                0x18e05074       0x28 ./altcomlib/util/buffpool.o
 .text.buffpool_getbuffer
                0x18e0509c      0x10c ./altcomlib/util/buffpool.o
 .text.buffpool_create
                0x18e051a8      0x158 ./altcomlib/util/buffpool.o
                0x18e051a8                buffpool_create
 .text.buffpool_delete
                0x18e05300       0x38 ./altcomlib/util/buffpool.o
                0x18e05300                buffpool_delete
 .text.buffpool_alloc
                0x18e05338       0x5c ./altcomlib/util/buffpool.o
                0x18e05338                buffpool_alloc
 .text.buffpool_free
                0x18e05394      0x108 ./altcomlib/util/buffpool.o
                0x18e05394                buffpool_free
 .text.buffpool_showstatistics
                0x18e0549c       0x60 ./altcomlib/util/buffpool.o
                0x18e0549c                buffpool_showstatistics
 .text.director_construct
                0x18e054fc       0x90 ./altcomlib/util/director.o
                0x18e054fc                director_construct
 .text.thrdpool_getfreethrds
                0x18e0558c       0x40 ./altcomlib/util/thrdpool.o
 .text.thrdpool_thrdmain
                0x18e055cc       0x6c ./altcomlib/util/thrdpool.o
 .text.thrdpool_runjob
                0x18e05638       0x34 ./altcomlib/util/thrdpool.o
 .text.thrdpool_create
                0x18e0566c      0x1f8 ./altcomlib/util/thrdpool.o
                0x18e0566c                thrdpool_create
 .text.thrdpool_delete
                0x18e05864       0xe0 ./altcomlib/util/thrdpool.o
                0x18e05864                thrdpool_delete
 .text.DbgIf_Log_Lock_Priv
                0x18e05944       0x18 ./altcomlib/opt/dbg_opt.o
                0x18e05944                DbgIf_Log_Lock_Priv
 .text.DbgIf_Log_Unlock_Priv
                0x18e0595c       0x14 ./altcomlib/opt/dbg_opt.o
                0x18e0595c                DbgIf_Log_Unlock_Priv
 .text.DbgIf_Log_Lock
                0x18e05970       0x10 ./altcomlib/opt/dbg_opt.o
                0x18e05970                DbgIf_Log_Lock
 .text.DbgIf_Log_Unlock
                0x18e05980       0x10 ./altcomlib/opt/dbg_opt.o
                0x18e05980                DbgIf_Log_Unlock
 .text.DbgIf_Log
                0x18e05990       0x44 ./altcomlib/opt/dbg_opt.o
                0x18e05990                DbgIf_Log
 .text.DbgIf_SetLogLevel
                0x18e059d4       0x18 ./altcomlib/opt/dbg_opt.o
                0x18e059d4                DbgIf_SetLogLevel
 .text.DbgIf_Init
                0x18e059ec       0x80 ./altcomlib/opt/dbg_opt.o
                0x18e059ec                DbgIf_Init
 .text.DbgIf_Uninit
                0x18e05a6c       0x30 ./altcomlib/opt/dbg_opt.o
                0x18e05a6c                DbgIf_Uninit
 .text.apicmdgw_createtransid
                0x18e05a9c       0x1c ./altcomlib/altcom/gw/apicmdgw.o
 .text.apicmdgw_createchksum
                0x18e05ab8       0x30 ./altcomlib/altcom/gw/apicmdgw.o
 .text.apicmdgw_checkheader
                0x18e05ae8       0xa0 ./altcomlib/altcom/gw/apicmdgw.o
 .text.apicmdgw_checkdata
                0x18e05b88       0x44 ./altcomlib/altcom/gw/apicmdgw.o
 .text.apicmdgw_checkpostponeevt
                0x18e05bcc       0x98 ./altcomlib/altcom/gw/apicmdgw.o
 .text.apicmdgw_replaypostponedevt
                0x18e05c64       0xd0 ./altcomlib/altcom/gw/apicmdgw.o
 .text.apicmdgw_freereplaylist
                0x18e05d34       0x1c ./altcomlib/altcom/gw/apicmdgw.o
 .text.apicmdgw_addtable
                0x18e05d50       0x30 ./altcomlib/altcom/gw/apicmdgw.o
 .text.apicmdgw_remtable
                0x18e05d80       0x98 ./altcomlib/altcom/gw/apicmdgw.o
 .text.__apicmdgw_send
                0x18e05e18      0x1b4 ./altcomlib/altcom/gw/apicmdgw.o
 .text.apicmdgw_writetable
                0x18e05fcc       0x88 ./altcomlib/altcom/gw/apicmdgw.o
 .text.apicmdgw_relcondwaitall
                0x18e06054       0x30 ./altcomlib/altcom/gw/apicmdgw.o
 .text.apicmdgw_errhandle
                0x18e06084       0xa4 ./altcomlib/altcom/gw/apicmdgw.o
                0x18e06084                apicmdgw_errhandle
 .text.apicmdgw_echo
                0x18e06128      0x204 ./altcomlib/altcom/gw/apicmdgw.o
                0x18e06128                apicmdgw_echo
 .text.apicmdgw_echotask
                0x18e0632c       0xc0 ./altcomlib/altcom/gw/apicmdgw.o
 .text.apicmdgw_init
                0x18e063ec      0x210 ./altcomlib/altcom/gw/apicmdgw.o
                0x18e063ec                apicmdgw_init
 .text.apicmdgw_fin
                0x18e065fc      0x128 ./altcomlib/altcom/gw/apicmdgw.o
                0x18e065fc                apicmdgw_fin
 .text.apicmdgw_send
                0x18e06724      0x14c ./altcomlib/altcom/gw/apicmdgw.o
                0x18e06724                apicmdgw_send
 .text.apicmdgw_cmd_allocbuff
                0x18e06870       0xd8 ./altcomlib/altcom/gw/apicmdgw.o
                0x18e06870                apicmdgw_cmd_allocbuff
 .text.apicmdgw_freebuff
                0x18e06948       0x4c ./altcomlib/altcom/gw/apicmdgw.o
                0x18e06948                apicmdgw_freebuff
 .text.apicmdgw_errind
                0x18e06994       0xac ./altcomlib/altcom/gw/apicmdgw.o
                0x18e06994                apicmdgw_errind
 .text.apicmdgw_recvtask
                0x18e06a40      0x454 ./altcomlib/altcom/gw/apicmdgw.o
 .text.apicmdgw_cmdid_compare
                0x18e06e94       0x1a ./altcomlib/altcom/gw/apicmdgw.o
                0x18e06e94                apicmdgw_cmdid_compare
 .text.hal_uart_alt125x_allocbuff
                0x18e06eae        0xa ./altcomlib/altcom/gw/hal_uart_alt125x.o
 .text.hal_uart_alt125x_send
                0x18e06eb8       0x50 ./altcomlib/altcom/gw/hal_uart_alt125x.o
 .text.hal_uart_alt125x_freebuff
                0x18e06f08        0xa ./altcomlib/altcom/gw/hal_uart_alt125x.o
 *fill*         0x18e06f12        0x2 
 .text.hal_uart_alt125x_unlock
                0x18e06f14       0x24 ./altcomlib/altcom/gw/hal_uart_alt125x.o
 .text.hal_uart_alt125x_lock
                0x18e06f38       0x28 ./altcomlib/altcom/gw/hal_uart_alt125x.o
 .text.hal_uart_alt125x_abortrecv
                0x18e06f60       0x44 ./altcomlib/altcom/gw/hal_uart_alt125x.o
 .text.hal_uart_alt125x_recv
                0x18e06fa4       0x8c ./altcomlib/altcom/gw/hal_uart_alt125x.o
 .text.hal_uart_alt125x_create
                0x18e07030      0x134 ./altcomlib/altcom/gw/hal_uart_alt125x.o
                0x18e07030                hal_uart_alt125x_create
 .text.hal_uart_alt125x_delete
                0x18e07164       0x50 ./altcomlib/altcom/gw/hal_uart_alt125x.o
                0x18e07164                hal_uart_alt125x_delete
 .text.buffpoolwrapper_config_memif
                0x18e071b4       0x34 ./altcomlib/altcom/evtdisp/buffpoolwrapper.o
                0x18e071b4                buffpoolwrapper_config_memif
 .text.buffpoolwrapper_init
                0x18e071e8       0x3c ./altcomlib/altcom/evtdisp/buffpoolwrapper.o
                0x18e071e8                buffpoolwrapper_init
 .text.buffpoolwrapper_fin
                0x18e07224       0x48 ./altcomlib/altcom/evtdisp/buffpoolwrapper.o
                0x18e07224                buffpoolwrapper_fin
 .text.buffpoolwrapper_alloc
                0x18e0726c       0x18 ./altcomlib/altcom/evtdisp/buffpoolwrapper.o
                0x18e0726c                buffpoolwrapper_alloc
 .text.buffpoolwrapper_free
                0x18e07284       0x18 ./altcomlib/altcom/evtdisp/buffpoolwrapper.o
                0x18e07284                buffpoolwrapper_free
 .text.buffpoolwrapper_show
                0x18e0729c       0x18 ./altcomlib/altcom/evtdisp/buffpoolwrapper.o
                0x18e0729c                buffpoolwrapper_show
 .text.evtdisp_dispatch
                0x18e072b4       0x38 ./altcomlib/altcom/evtdisp/evtdisp.o
 .text.evtdisp_create
                0x18e072ec       0x30 ./altcomlib/altcom/evtdisp/evtdisp.o
                0x18e072ec                evtdisp_create
 .text.evtdisp_delete
                0x18e0731c       0x20 ./altcomlib/altcom/evtdisp/evtdisp.o
                0x18e0731c                evtdisp_delete
 .text.evthdlbs_runjob
                0x18e0733c       0x5c ./altcomlib/altcom/evtdisp/evthdlbs.o
                0x18e0733c                evthdlbs_runjob
 .text.thrdfctry_dellist
                0x18e07398       0x28 ./altcomlib/altcom/evtdisp/thrdfctry.o
 .text.thrdfctry_init
                0x18e073c0      0x144 ./altcomlib/altcom/evtdisp/thrdfctry.o
                0x18e073c0                thrdfctry_init
 .text.thrdfctry_fin
                0x18e07504       0x2c ./altcomlib/altcom/evtdisp/thrdfctry.o
                0x18e07504                thrdfctry_fin
 .text.thrdfctry_getwrkr
                0x18e07530       0x34 ./altcomlib/altcom/evtdisp/thrdfctry.o
                0x18e07530                thrdfctry_getwrkr
 .text.altcom_seterrno
                0x18e07564       0x34 ./altcomlib/altcom/common/altcom_errno.o
                0x18e07564                altcom_seterrno
 .text.altcom_initialize
                0x18e07598       0xcc ./altcomlib/altcom/builder/altcom_initialize.o
                0x18e07598                altcom_initialize
 .text.altcom_set_log_level
                0x18e07664       0x24 ./altcomlib/altcom/builder/altcom_initialize.o
                0x18e07664                altcom_set_log_level
 .text.apicmdgw_uninitialize
                0x18e07688       0x24 ./altcomlib/altcom/builder/altcombuilder.o
 .text.hal_uninitialize
                0x18e076ac       0x2c ./altcomlib/altcom/builder/altcombuilder.o
 .text.eventdispatcher_uninitialize
                0x18e076d8       0x2c ./altcomlib/altcom/builder/altcombuilder.o
 .text.workerthread_uninitialize
                0x18e07704       0x24 ./altcomlib/altcom/builder/altcombuilder.o
 .text.bufferpool_uninitialize
                0x18e07728       0x24 ./altcomlib/altcom/builder/altcombuilder.o
 .text.lte_destroy
                0x18e0774c       0x3a ./altcomlib/altcom/builder/altcombuilder.o
 *fill*         0x18e07786        0x2 
 .text.bufferpool_initialize
                0x18e07788       0xc4 ./altcomlib/altcom/builder/altcombuilder.o
 .text.workerthread_initialize
                0x18e0784c       0x44 ./altcomlib/altcom/builder/altcombuilder.o
 .text.eventdispatcher_initialize
                0x18e07890       0x30 ./altcomlib/altcom/builder/altcombuilder.o
 .text.hal_initialize
                0x18e078c0       0x8c ./altcomlib/altcom/builder/altcombuilder.o
 .text.apicmdgw_initialize
                0x18e0794c       0x70 ./altcomlib/altcom/builder/altcombuilder.o
 .text.lte_buildmain
                0x18e079bc       0x8c ./altcomlib/altcom/builder/altcombuilder.o
 .text.gps_active_req
                0x18e07a48       0xec ./altcomlib/altcom/api/gps/altcom_gps_activate.o
 .text.altcom_gps_activate
                0x18e07b34       0x3c ./altcomlib/altcom/api/gps/altcom_gps_activate.o
                0x18e07b34                altcom_gps_activate
 .text.altcom_gps_cep_req
                0x18e07b70      0x14c ./altcomlib/altcom/api/gps/altcom_gps_cep.o
 .text.altcom_gps_cep
                0x18e07cbc       0x40 ./altcomlib/altcom/api/gps/altcom_gps_cep.o
                0x18e07cbc                altcom_gps_cep
 .text.altcom_gps_memerase_req
                0x18e07cfc       0xd4 ./altcomlib/altcom/api/gps/altcom_gps_memerase.o
 .text.altcom_gps_memerase
                0x18e07dd0       0x2c ./altcomlib/altcom/api/gps/altcom_gps_memerase.o
                0x18e07dd0                altcom_gps_memerase
 .text.altcom_gps_setnevent_req
                0x18e07dfc       0xec ./altcomlib/altcom/api/gps/altcom_gps_setevent.o
 .text.altcom_gps_setevent
                0x18e07ee8      0x2e0 ./altcomlib/altcom/api/gps/altcom_gps_setevent.o
                0x18e07ee8                altcom_gps_setevent
 .text.altcom_gps_setnmeacfg_req
                0x18e081c8       0xcc ./altcomlib/altcom/api/gps/altcom_gps_setnmeacfg.o
 .text.altcom_gps_setnmeacfg
                0x18e08294       0x3c ./altcomlib/altcom/api/gps/altcom_gps_setnmeacfg.o
                0x18e08294                altcom_gps_setnmeacfg
 .text.gps_ver_req
                0x18e082d0       0xa8 ./altcomlib/altcom/api/gps/altcom_gps_ver.o
 .text.altcom_gps_ver
                0x18e08378       0x34 ./altcomlib/altcom/api/gps/altcom_gps_ver.o
                0x18e08378                altcom_gps_ver
 .text.repevt_nmea_report
                0x18e083ac      0x37c ./altcomlib/altcom/api/gps/apicmdhdlr_nmearepevt.o
 .text.repevt_allowst_report
                0x18e08728       0x58 ./altcomlib/altcom/api/gps/apicmdhdlr_nmearepevt.o
 .text.repevt_gnssfix_report
                0x18e08780       0x34 ./altcomlib/altcom/api/gps/apicmdhdlr_nmearepevt.o
 .text.repevt_job
                0x18e087b4       0x3c ./altcomlib/altcom/api/gps/apicmdhdlr_nmearepevt.o
 .text.apicmdhdlr_nmearepevt
                0x18e087f0       0x10 ./altcomlib/altcom/api/gps/apicmdhdlr_nmearepevt.o
                0x18e087f0                apicmdhdlr_nmearepevt
 .text.gps_callback_init
                0x18e08800       0x44 ./altcomlib/altcom/api/gps/gps_callback.o
                0x18e08800                gps_callback_init
 .text.errindication_job
                0x18e08844       0x84 ./altcomlib/altcom/api/common/apicmdhdlr_errind.o
 .text.apicmdhdlr_errindication
                0x18e088c8       0x14 ./altcomlib/altcom/api/common/apicmdhdlr_errind.o
                0x18e088c8                apicmdhdlr_errindication
 .text.apicmdhdlrbs_do_runjob
                0x18e088dc       0x40 ./altcomlib/altcom/api/common/apicmdhdlrbs.o
                0x18e088dc                apicmdhdlrbs_do_runjob
 .text._sbrk_r  0x18e0891c       0x60 ./FreeRTOS/FreeRTOS/portable/MemMang/heap_useNewlib.o
                0x18e0891c                _sbrk_r
 .text.__malloc_lock
                0x18e0897c       0x24 ./FreeRTOS/FreeRTOS/portable/MemMang/heap_useNewlib.o
                0x18e0897c                __malloc_lock
 .text.__malloc_unlock
                0x18e089a0        0x8 ./FreeRTOS/FreeRTOS/portable/MemMang/heap_useNewlib.o
                0x18e089a0                __malloc_unlock
 .text.__env_lock
                0x18e089a8        0x8 ./FreeRTOS/FreeRTOS/portable/MemMang/heap_useNewlib.o
                0x18e089a8                __env_lock
 .text.__env_unlock
                0x18e089b0        0x8 ./FreeRTOS/FreeRTOS/portable/MemMang/heap_useNewlib.o
                0x18e089b0                __env_unlock
 .text.newlib_malloc_fragmentation
                0x18e089b8       0x80 ./FreeRTOS/FreeRTOS/portable/MemMang/heap_useNewlib.o
                0x18e089b8                newlib_malloc_fragmentation
 .text.pvPortMalloc
                0x18e08a38       0x14 ./FreeRTOS/FreeRTOS/portable/MemMang/heap_useNewlib.o
                0x18e08a38                pvPortMalloc
 .text.vPortFree
                0x18e08a4c        0xc ./FreeRTOS/FreeRTOS/portable/MemMang/heap_useNewlib.o
                0x18e08a4c                vPortFree
 .text.xPortGetFreeHeapSize
                0x18e08a58       0x1c ./FreeRTOS/FreeRTOS/portable/MemMang/heap_useNewlib.o
                0x18e08a58                xPortGetFreeHeapSize
 .text.vPortSetupTimerInterrupt
                0x18e08a74       0x38 ./FreeRTOS/FreeRTOS/portable/GCC/ARM_CM3/alt125x_tickless_sleep.o
                0x18e08a74                vPortSetupTimerInterrupt
 .text.prvPortStartFirstTask
                0x18e08aac       0x20 ./FreeRTOS/FreeRTOS/portable/GCC/ARM_CM3/port.o
 .text.prvTaskExitError
                0x18e08acc       0x48 ./FreeRTOS/FreeRTOS/portable/GCC/ARM_CM3/port.o
 .text.pxPortInitialiseStack
                0x18e08b14       0x24 ./FreeRTOS/FreeRTOS/portable/GCC/ARM_CM3/port.o
                0x18e08b14                pxPortInitialiseStack
 *fill*         0x18e08b38        0x8 
 .text.SVC_Handler
                0x18e08b40       0x24 ./FreeRTOS/FreeRTOS/portable/GCC/ARM_CM3/port.o
                0x18e08b40                SVC_Handler
 .text.vPortEnterCritical
                0x18e08b64       0x48 ./FreeRTOS/FreeRTOS/portable/GCC/ARM_CM3/port.o
                0x18e08b64                vPortEnterCritical
 .text.vPortExitCritical
                0x18e08bac       0x30 ./FreeRTOS/FreeRTOS/portable/GCC/ARM_CM3/port.o
                0x18e08bac                vPortExitCritical
 *fill*         0x18e08bdc        0x4 
 .text.PendSV_Handler
                0x18e08be0       0x44 ./FreeRTOS/FreeRTOS/portable/GCC/ARM_CM3/port.o
                0x18e08be0                PendSV_Handler
 .text.xPortSysTickHandler
                0x18e08c24       0x2c ./FreeRTOS/FreeRTOS/portable/GCC/ARM_CM3/port.o
                0x18e08c24                xPortSysTickHandler
 .text.xPortStartScheduler
                0x18e08c50       0xbc ./FreeRTOS/FreeRTOS/portable/GCC/ARM_CM3/port.o
                0x18e08c50                xPortStartScheduler
 .text.vPortValidateInterruptPriority
                0x18e08d0c       0x64 ./FreeRTOS/FreeRTOS/portable/GCC/ARM_CM3/port.o
                0x18e08d0c                vPortValidateInterruptPriority
 .text.vListInitialise
                0x18e08d70       0x16 ./FreeRTOS/FreeRTOS/list.o
                0x18e08d70                vListInitialise
 .text.vListInitialiseItem
                0x18e08d86        0x6 ./FreeRTOS/FreeRTOS/list.o
                0x18e08d86                vListInitialiseItem
 .text.vListInsertEnd
                0x18e08d8c       0x18 ./FreeRTOS/FreeRTOS/list.o
                0x18e08d8c                vListInsertEnd
 .text.vListInsert
                0x18e08da4       0x34 ./FreeRTOS/FreeRTOS/list.o
                0x18e08da4                vListInsert
 .text.uxListRemove
                0x18e08dd8       0x28 ./FreeRTOS/FreeRTOS/list.o
                0x18e08dd8                uxListRemove
 .text.prvGetDisinheritPriorityAfterTimeout
                0x18e08e00       0x12 ./FreeRTOS/FreeRTOS/queue.o
 .text.prvIsQueueFull
                0x18e08e12       0x1e ./FreeRTOS/FreeRTOS/queue.o
 .text.prvIsQueueEmpty
                0x18e08e30       0x1a ./FreeRTOS/FreeRTOS/queue.o
 .text.prvCopyDataToQueue
                0x18e08e4a       0x76 ./FreeRTOS/FreeRTOS/queue.o
 .text.prvCopyDataFromQueue
                0x18e08ec0       0x24 ./FreeRTOS/FreeRTOS/queue.o
 .text.prvUnlockQueue
                0x18e08ee4       0x6e ./FreeRTOS/FreeRTOS/queue.o
 *fill*         0x18e08f52        0x2 
 .text.xQueueGenericReset
                0x18e08f54       0x88 ./FreeRTOS/FreeRTOS/queue.o
                0x18e08f54                xQueueGenericReset
 .text.prvInitialiseNewQueue
                0x18e08fdc       0x22 ./FreeRTOS/FreeRTOS/queue.o
 *fill*         0x18e08ffe        0x2 
 .text.xQueueGenericCreateStatic
                0x18e09000       0x98 ./FreeRTOS/FreeRTOS/queue.o
                0x18e09000                xQueueGenericCreateStatic
 .text.xQueueGenericCreate
                0x18e09098       0x80 ./FreeRTOS/FreeRTOS/queue.o
                0x18e09098                xQueueGenericCreate
 .text.xQueueCreateCountingSemaphoreStatic
                0x18e09118       0x50 ./FreeRTOS/FreeRTOS/queue.o
                0x18e09118                xQueueCreateCountingSemaphoreStatic
 .text.xQueueCreateCountingSemaphore
                0x18e09168       0x44 ./FreeRTOS/FreeRTOS/queue.o
                0x18e09168                xQueueCreateCountingSemaphore
 .text.xQueueGenericSend
                0x18e091ac      0x184 ./FreeRTOS/FreeRTOS/queue.o
                0x18e091ac                xQueueGenericSend
 .text.prvInitialiseMutex
                0x18e09330       0x18 ./FreeRTOS/FreeRTOS/queue.o
 .text.xQueueCreateMutex
                0x18e09348       0x16 ./FreeRTOS/FreeRTOS/queue.o
                0x18e09348                xQueueCreateMutex
 .text.xQueueCreateMutexStatic
                0x18e0935e       0x1e ./FreeRTOS/FreeRTOS/queue.o
                0x18e0935e                xQueueCreateMutexStatic
 .text.xQueueGiveMutexRecursive
                0x18e0937c       0x44 ./FreeRTOS/FreeRTOS/queue.o
                0x18e0937c                xQueueGiveMutexRecursive
 .text.xQueueGenericSendFromISR
                0x18e093c0       0xec ./FreeRTOS/FreeRTOS/queue.o
                0x18e093c0                xQueueGenericSendFromISR
 .text.xQueueGiveFromISR
                0x18e094ac       0xcc ./FreeRTOS/FreeRTOS/queue.o
                0x18e094ac                xQueueGiveFromISR
 .text.xQueueReceive
                0x18e09578      0x160 ./FreeRTOS/FreeRTOS/queue.o
                0x18e09578                xQueueReceive
 .text.xQueueSemaphoreTake
                0x18e096d8      0x1a8 ./FreeRTOS/FreeRTOS/queue.o
                0x18e096d8                xQueueSemaphoreTake
 .text.xQueueTakeMutexRecursive
                0x18e09880       0x48 ./FreeRTOS/FreeRTOS/queue.o
                0x18e09880                xQueueTakeMutexRecursive
 .text.xQueueReceiveFromISR
                0x18e098c8       0xc4 ./FreeRTOS/FreeRTOS/queue.o
                0x18e098c8                xQueueReceiveFromISR
 .text.vQueueAddToRegistry
                0x18e0998c       0x28 ./FreeRTOS/FreeRTOS/queue.o
                0x18e0998c                vQueueAddToRegistry
 .text.vQueueUnregisterQueue
                0x18e099b4       0x2c ./FreeRTOS/FreeRTOS/queue.o
                0x18e099b4                vQueueUnregisterQueue
 .text.vQueueDelete
                0x18e099e0       0x30 ./FreeRTOS/FreeRTOS/queue.o
                0x18e099e0                vQueueDelete
 .text.vQueueWaitForMessageRestricted
                0x18e09a10       0x52 ./FreeRTOS/FreeRTOS/queue.o
                0x18e09a10                vQueueWaitForMessageRestricted
 .text.prvTaskCheckFreeStackSpace
                0x18e09a62       0x14 ./FreeRTOS/FreeRTOS/tasks.o
 *fill*         0x18e09a76        0x2 
 .text.prvResetNextTaskUnblockTime
                0x18e09a78       0x28 ./FreeRTOS/FreeRTOS/tasks.o
 .text.prvInitialiseNewTask
                0x18e09aa0      0x106 ./FreeRTOS/FreeRTOS/tasks.o
 *fill*         0x18e09ba6        0x2 
 .text.prvInitialiseTaskLists
                0x18e09ba8       0x68 ./FreeRTOS/FreeRTOS/tasks.o
 .text.prvAddNewTaskToReadyList
                0x18e09c10       0xac ./FreeRTOS/FreeRTOS/tasks.o
 .text.prvDeleteTCB
                0x18e09cbc       0x48 ./FreeRTOS/FreeRTOS/tasks.o
 .text.prvCheckTasksWaitingTermination
                0x18e09d04       0x4c ./FreeRTOS/FreeRTOS/tasks.o
 .text.prvIdleTask
                0x18e09d50       0x28 ./FreeRTOS/FreeRTOS/tasks.o
 .text.prvAddCurrentTaskToDelayedList
                0x18e09d78       0x7c ./FreeRTOS/FreeRTOS/tasks.o
 .text.prvWriteNameToBuffer
                0x18e09df4       0x22 ./FreeRTOS/FreeRTOS/tasks.o
 *fill*         0x18e09e16        0x2 
 .text.xTaskCreateStatic
                0x18e09e18       0x7c ./FreeRTOS/FreeRTOS/tasks.o
                0x18e09e18                xTaskCreateStatic
 .text.xTaskCreate
                0x18e09e94       0x68 ./FreeRTOS/FreeRTOS/tasks.o
                0x18e09e94                xTaskCreate
 .text.vTaskDelete
                0x18e09efc       0xbc ./FreeRTOS/FreeRTOS/tasks.o
                0x18e09efc                vTaskDelete
 .text.eTaskGetState
                0x18e09fb8       0xa0 ./FreeRTOS/FreeRTOS/tasks.o
                0x18e09fb8                eTaskGetState
 .text.vTaskStartScheduler
                0x18e0a058       0xa8 ./FreeRTOS/FreeRTOS/tasks.o
                0x18e0a058                vTaskStartScheduler
 .text.vTaskSuspendAll
                0x18e0a100       0x10 ./FreeRTOS/FreeRTOS/tasks.o
                0x18e0a100                vTaskSuspendAll
 .text.xTaskGetTickCount
                0x18e0a110        0xc ./FreeRTOS/FreeRTOS/tasks.o
                0x18e0a110                xTaskGetTickCount
 .text.xTaskIncrementTick
                0x18e0a11c      0x130 ./FreeRTOS/FreeRTOS/tasks.o
                0x18e0a11c                xTaskIncrementTick
 .text.xTaskResumeAll
                0x18e0a24c      0x104 ./FreeRTOS/FreeRTOS/tasks.o
                0x18e0a24c                xTaskResumeAll
 .text.vTaskDelay
                0x18e0a350       0x50 ./FreeRTOS/FreeRTOS/tasks.o
                0x18e0a350                vTaskDelay
 .text.vTaskSwitchContext
                0x18e0a3a0       0xc4 ./FreeRTOS/FreeRTOS/tasks.o
                0x18e0a3a0                vTaskSwitchContext
 .text.vTaskPlaceOnEventList
                0x18e0a464       0x34 ./FreeRTOS/FreeRTOS/tasks.o
                0x18e0a464                vTaskPlaceOnEventList
 .text.vTaskPlaceOnEventListRestricted
                0x18e0a498       0x3c ./FreeRTOS/FreeRTOS/tasks.o
                0x18e0a498                vTaskPlaceOnEventListRestricted
 .text.xTaskRemoveFromEventList
                0x18e0a4d4       0x90 ./FreeRTOS/FreeRTOS/tasks.o
                0x18e0a4d4                xTaskRemoveFromEventList
 .text.vTaskInternalSetTimeOutState
                0x18e0a564       0x18 ./FreeRTOS/FreeRTOS/tasks.o
                0x18e0a564                vTaskInternalSetTimeOutState
 .text.xTaskCheckForTimeOut
                0x18e0a57c       0x88 ./FreeRTOS/FreeRTOS/tasks.o
                0x18e0a57c                xTaskCheckForTimeOut
 .text.vTaskMissedYield
                0x18e0a604        0xc ./FreeRTOS/FreeRTOS/tasks.o
                0x18e0a604                vTaskMissedYield
 .text.vTaskGetInfo
                0x18e0a610       0x8c ./FreeRTOS/FreeRTOS/tasks.o
                0x18e0a610                vTaskGetInfo
 .text.prvListTasksWithinSingleList
                0x18e0a69c       0x5e ./FreeRTOS/FreeRTOS/tasks.o
 *fill*         0x18e0a6fa        0x2 
 .text.uxTaskGetSystemState
                0x18e0a6fc       0xa4 ./FreeRTOS/FreeRTOS/tasks.o
                0x18e0a6fc                uxTaskGetSystemState
 .text.xTaskGetCurrentTaskHandle
                0x18e0a7a0        0xc ./FreeRTOS/FreeRTOS/tasks.o
                0x18e0a7a0                xTaskGetCurrentTaskHandle
 .text.xTaskGetSchedulerState
                0x18e0a7ac       0x20 ./FreeRTOS/FreeRTOS/tasks.o
                0x18e0a7ac                xTaskGetSchedulerState
 .text.xTaskPriorityInherit
                0x18e0a7cc       0x98 ./FreeRTOS/FreeRTOS/tasks.o
                0x18e0a7cc                xTaskPriorityInherit
 .text.xTaskPriorityDisinherit
                0x18e0a864       0x94 ./FreeRTOS/FreeRTOS/tasks.o
                0x18e0a864                xTaskPriorityDisinherit
 .text.vTaskPriorityDisinheritAfterTimeout
                0x18e0a8f8       0xa4 ./FreeRTOS/FreeRTOS/tasks.o
                0x18e0a8f8                vTaskPriorityDisinheritAfterTimeout
 .text.vTaskList
                0x18e0a99c      0x108 ./FreeRTOS/FreeRTOS/tasks.o
                0x18e0a99c                vTaskList
 .text.pvTaskIncrementMutexHeldCount
                0x18e0aaa4       0x1c ./FreeRTOS/FreeRTOS/tasks.o
                0x18e0aaa4                pvTaskIncrementMutexHeldCount
 .text.xTaskGenericNotifyWait
                0x18e0aac0       0xd4 ./FreeRTOS/FreeRTOS/tasks.o
                0x18e0aac0                xTaskGenericNotifyWait
 .text.xTaskGenericNotify
                0x18e0ab94      0x148 ./FreeRTOS/FreeRTOS/tasks.o
                0x18e0ab94                xTaskGenericNotify
 .text.xTaskGenericNotifyFromISR
                0x18e0acdc      0x17c ./FreeRTOS/FreeRTOS/tasks.o
                0x18e0acdc                xTaskGenericNotifyFromISR
 .text.prvGetNextExpireTime
                0x18e0ae58       0x20 ./FreeRTOS/FreeRTOS/timers.o
 .text.prvInsertTimerInActiveList
                0x18e0ae78       0x48 ./FreeRTOS/FreeRTOS/timers.o
 .text.prvCheckForValidListAndQueue
                0x18e0aec0       0x70 ./FreeRTOS/FreeRTOS/timers.o
 .text.prvInitialiseNewTimer
                0x18e0af30       0x50 ./FreeRTOS/FreeRTOS/timers.o
 .text.xTimerCreateTimerTask
                0x18e0af80       0x68 ./FreeRTOS/FreeRTOS/timers.o
                0x18e0af80                xTimerCreateTimerTask
 .text.xTimerCreate
                0x18e0afe8       0x38 ./FreeRTOS/FreeRTOS/timers.o
                0x18e0afe8                xTimerCreate
 .text.xTimerCreateStatic
                0x18e0b020       0x54 ./FreeRTOS/FreeRTOS/timers.o
                0x18e0b020                xTimerCreateStatic
 .text.xTimerGenericCommand
                0x18e0b074       0x70 ./FreeRTOS/FreeRTOS/timers.o
                0x18e0b074                xTimerGenericCommand
 .text.prvSwitchTimerLists
                0x18e0b0e4       0x80 ./FreeRTOS/FreeRTOS/timers.o
 .text.prvSampleTimeNow
                0x18e0b164       0x2c ./FreeRTOS/FreeRTOS/timers.o
 .text.prvProcessExpiredTimer
                0x18e0b190       0x70 ./FreeRTOS/FreeRTOS/timers.o
 .text.prvProcessTimerOrBlockTask
                0x18e0b200       0x74 ./FreeRTOS/FreeRTOS/timers.o
 .text.prvProcessReceivedCommands
                0x18e0b274      0x114 ./FreeRTOS/FreeRTOS/timers.o
 .text.prvTimerTask
                0x18e0b388       0x16 ./FreeRTOS/FreeRTOS/timers.o
 *fill*         0x18e0b39e        0x2 
 .text.xTimerIsTimerActive
                0x18e0b3a0       0x38 ./FreeRTOS/FreeRTOS/timers.o
                0x18e0b3a0                xTimerIsTimerActive
 .text.pvTimerGetTimerID
                0x18e0b3d8       0x2c ./FreeRTOS/FreeRTOS/timers.o
                0x18e0b3d8                pvTimerGetTimerID
 .text.DRV_IF_CFG_GetDefConfig
                0x18e0b404       0x1a ./Driver/Source/Private/ALT1250/DRV_IF_CFG.o
                0x18e0b404                DRV_IF_CFG_GetDefConfig
 .text.DRV_IF_CFG_SetIO
                0x18e0b41e       0x74 ./Driver/Source/Private/ALT1250/DRV_IF_CFG.o
                0x18e0b41e                DRV_IF_CFG_SetIO
 *fill*         0x18e0b492        0x2 
 .text.DRV_IOSEL_GetRegisterOffset
                0x18e0b494       0x18 ./Driver/Source/Private/ALT1250/DRV_IOSEL.o
                0x18e0b494                DRV_IOSEL_GetRegisterOffset
 .text.shadow32ktimer_IRQhandler
                0x18e0b4ac       0x1c ./Driver/Source/Private/DRV_32KTIMER.o
                0x18e0b4ac                shadow32ktimer_IRQhandler
 .text.DRV_ATOM_CNTR_ClearIRQ
                0x18e0b4c8       0x1c ./Driver/Source/Private/DRV_ATOMIC_COUNTER.o
 .text.MIPS_alt_insert
                0x18e0b4e4       0x26 ./Driver/Source/Private/DRV_ATOMIC_COUNTER.o
 *fill*         0x18e0b50a        0x2 
 .text.DRV_ATOM_CNTR_GetCount
                0x18e0b50c       0x14 ./Driver/Source/Private/DRV_ATOMIC_COUNTER.o
                0x18e0b50c                DRV_ATOM_CNTR_GetCount
 .text.DRV_ATOM_CNTR_Increment
                0x18e0b520       0x14 ./Driver/Source/Private/DRV_ATOMIC_COUNTER.o
                0x18e0b520                DRV_ATOM_CNTR_Increment
 .text.DRV_ATOM_CNTR_Decrement
                0x18e0b534       0x14 ./Driver/Source/Private/DRV_ATOMIC_COUNTER.o
                0x18e0b534                DRV_ATOM_CNTR_Decrement
 .text.DRV_ATOM_CNTR_EnableIRQ
                0x18e0b548       0x38 ./Driver/Source/Private/DRV_ATOMIC_COUNTER.o
                0x18e0b548                DRV_ATOM_CNTR_EnableIRQ
 .text.DRV_ATOM_CNTR_DisableIRQ
                0x18e0b580       0x38 ./Driver/Source/Private/DRV_ATOMIC_COUNTER.o
                0x18e0b580                DRV_ATOM_CNTR_DisableIRQ
 .text.DRV_ATOM_CNTR_SetIrqMode
                0x18e0b5b8       0x38 ./Driver/Source/Private/DRV_ATOMIC_COUNTER.o
                0x18e0b5b8                DRV_ATOM_CNTR_SetIrqMode
 .text.ATMCTR_MAILBOX_IRQhandler
                0x18e0b5f0       0x8c ./Driver/Source/Private/DRV_ATOMIC_COUNTER.o
                0x18e0b5f0                ATMCTR_MAILBOX_IRQhandler
 .text.DRV_ATOM_CNTR_RegisterIRQ
                0x18e0b67c       0x24 ./Driver/Source/Private/DRV_ATOMIC_COUNTER.o
                0x18e0b67c                DRV_ATOM_CNTR_RegisterIRQ
 .text.DRV_ATOM_CNTR_InitCounter
                0x18e0b6a0       0x74 ./Driver/Source/Private/DRV_ATOMIC_COUNTER.o
                0x18e0b6a0                DRV_ATOM_CNTR_InitCounter
 .text.DRV_ATOM_CNTR_Initialize
                0x18e0b714       0x10 ./Driver/Source/Private/DRV_ATOMIC_COUNTER.o
                0x18e0b714                DRV_ATOM_CNTR_Initialize
 .text.DRV_CLKGATING_Initialize
                0x18e0b724       0xb6 ./Driver/Source/Private/DRV_CLOCK_GATING.o
                0x18e0b724                DRV_CLKGATING_Initialize
 *fill*         0x18e0b7da        0x2 
 .text.DRV_GPIO_WAKEUP_DisableInterrupt
                0x18e0b7dc      0x134 ./Driver/Source/Private/DRV_GPIO_WAKEUP.o
                0x18e0b7dc                DRV_GPIO_WAKEUP_DisableInterrupt
 .text.gpio_wakeup_IRQHandler
                0x18e0b910       0xc0 ./Driver/Source/Private/DRV_GPIO_WAKEUP.o
                0x18e0b910                gpio_wakeup_IRQHandler
 .text.DRV_PMP_AGENT_Send
                0x18e0b9d0       0x78 ./Driver/Source/Private/DRV_PMP_AGENT.o
                0x18e0b9d0                DRV_PMP_AGENT_Send
 .text.DRV_PMP_AGENT_HandleMessage
                0x18e0ba48       0x58 ./Driver/Source/Private/DRV_PMP_AGENT.o
                0x18e0ba48                DRV_PMP_AGENT_HandleMessage
 .text.DRV_PMP_AGENT_HandleIRQ
                0x18e0baa0       0x28 ./Driver/Source/Private/DRV_PMP_AGENT.o
                0x18e0baa0                DRV_PMP_AGENT_HandleIRQ
 .text.DRV_PMP_AGENT_SendMessage
                0x18e0bac8       0x24 ./Driver/Source/Private/DRV_PMP_AGENT.o
                0x18e0bac8                DRV_PMP_AGENT_SendMessage
 .text.DRV_PMP_AGENT_Initialize
                0x18e0baec       0x38 ./Driver/Source/Private/DRV_PMP_AGENT.o
                0x18e0baec                DRV_PMP_AGENT_Initialize
 .text.adc_digital_2mv
                0x18e0bb24       0x10 ./Driver/Source/DRV_AUXADC.o
 .text.DRV_AUXADC_IrqHandler
                0x18e0bb34       0x64 ./Driver/Source/DRV_AUXADC.o
 .text.auxdac0_handler
                0x18e0bb98        0xa ./Driver/Source/DRV_AUXADC.o
                0x18e0bb98                auxdac0_handler
 .text.auxdac1_handler
                0x18e0bba2        0xa ./Driver/Source/DRV_AUXADC.o
                0x18e0bba2                auxdac1_handler
 .text.auxdac2_handler
                0x18e0bbac        0xa ./Driver/Source/DRV_AUXADC.o
                0x18e0bbac                auxdac2_handler
 .text.auxdac3_handler
                0x18e0bbb6        0xa ./Driver/Source/DRV_AUXADC.o
                0x18e0bbb6                auxdac3_handler
 .text.CC_PWM0_IRQHandler
                0x18e0bbc0       0x2c ./Driver/Source/DRV_CCM.o
                0x18e0bbc0                CC_PWM0_IRQHandler
 .text.CC_PWM1_IRQHandler
                0x18e0bbec       0x2c ./Driver/Source/DRV_CCM.o
                0x18e0bbec                CC_PWM1_IRQHandler
 .text.DRV_GDMA_IrqHandler
                0x18e0bc18       0x64 ./Driver/Source/DRV_GDMA.o
                0x18e0bc18                DRV_GDMA_IrqHandler
 .text.gdma_channel_0_handler
                0x18e0bc7c        0xa ./Driver/Source/DRV_GDMA.o
                0x18e0bc7c                gdma_channel_0_handler
 .text.gdma_channel_1_handler
                0x18e0bc86        0xa ./Driver/Source/DRV_GDMA.o
                0x18e0bc86                gdma_channel_1_handler
 .text.gdma_channel_2_handler
                0x18e0bc90        0xa ./Driver/Source/DRV_GDMA.o
                0x18e0bc90                gdma_channel_2_handler
 .text.gdma_channel_3_handler
                0x18e0bc9a        0xa ./Driver/Source/DRV_GDMA.o
                0x18e0bc9a                gdma_channel_3_handler
 .text.gdma_channel_4_handler
                0x18e0bca4        0xa ./Driver/Source/DRV_GDMA.o
                0x18e0bca4                gdma_channel_4_handler
 .text.gdma_channel_5_handler
                0x18e0bcae        0xa ./Driver/Source/DRV_GDMA.o
                0x18e0bcae                gdma_channel_5_handler
 .text.gdma_channel_6_handler
                0x18e0bcb8        0xa ./Driver/Source/DRV_GDMA.o
                0x18e0bcb8                gdma_channel_6_handler
 .text.gdma_channel_7_handler
                0x18e0bcc2        0xa ./Driver/Source/DRV_GDMA.o
                0x18e0bcc2                gdma_channel_7_handler
 .text.DRV_GPIOCTL_IrqHandler
                0x18e0bccc       0x68 ./Driver/Source/DRV_GPIO.o
 .text.gpio_0_handler
                0x18e0bd34        0xa ./Driver/Source/DRV_GPIO.o
                0x18e0bd34                gpio_0_handler
 .text.gpio_1_handler
                0x18e0bd3e        0xa ./Driver/Source/DRV_GPIO.o
                0x18e0bd3e                gpio_1_handler
 .text.gpio_2_handler
                0x18e0bd48        0xa ./Driver/Source/DRV_GPIO.o
                0x18e0bd48                gpio_2_handler
 .text.gpio_3_handler
                0x18e0bd52        0xa ./Driver/Source/DRV_GPIO.o
                0x18e0bd52                gpio_3_handler
 .text.gpio_4_handler
                0x18e0bd5c        0xa ./Driver/Source/DRV_GPIO.o
                0x18e0bd5c                gpio_4_handler
 .text.gpio_5_handler
                0x18e0bd66        0xa ./Driver/Source/DRV_GPIO.o
                0x18e0bd66                gpio_5_handler
 .text.gpio_6_handler
                0x18e0bd70        0xa ./Driver/Source/DRV_GPIO.o
                0x18e0bd70                gpio_6_handler
 .text.gpio_7_handler
                0x18e0bd7a        0xa ./Driver/Source/DRV_GPIO.o
                0x18e0bd7a                gpio_7_handler
 .text.gpio_8_handler
                0x18e0bd84        0xa ./Driver/Source/DRV_GPIO.o
                0x18e0bd84                gpio_8_handler
 .text.gpio_9_handler
                0x18e0bd8e        0xa ./Driver/Source/DRV_GPIO.o
                0x18e0bd8e                gpio_9_handler
 .text.DRV_GPTIMER_IrqHandler
                0x18e0bd98       0x34 ./Driver/Source/DRV_GPTIMER.o
 .text.GP_Timer_0_IRQHandler
                0x18e0bdcc        0xa ./Driver/Source/DRV_GPTIMER.o
                0x18e0bdcc                GP_Timer_0_IRQHandler
 .text.GP_Timer_1_IRQHandler
                0x18e0bdd6        0xa ./Driver/Source/DRV_GPTIMER.o
                0x18e0bdd6                GP_Timer_1_IRQHandler
 .text.DRV_I2C_GetPeripheral
                0x18e0bde0       0x1c ./Driver/Source/DRV_I2C.o
 .text.DRV_I2C_WriteCmdFifo
                0x18e0bdfc       0x66 ./Driver/Source/DRV_I2C.o
 .text.DRV_I2C_ReadDataFifo
                0x18e0be62       0x3c ./Driver/Source/DRV_I2C.o
 .text.DRV_I2C_ResetPeripheral
                0x18e0be9e        0xc ./Driver/Source/DRV_I2C.o
 .text.DRV_I2C_ClearFifo
                0x18e0beaa       0x20 ./Driver/Source/DRV_I2C.o
 .text.DRV_I2C_DoneEventHandler
                0x18e0beca      0x16c ./Driver/Source/DRV_I2C.o
 .text.DRV_I2C_NackEventHandler
                0x18e0c036       0x52 ./Driver/Source/DRV_I2C.o
 .text.DRV_I2C_IrqHandler
                0x18e0c088       0x42 ./Driver/Source/DRV_I2C.o
 .text.i2c0_interrupt_err_handler
                0x18e0c0ca        0xa ./Driver/Source/DRV_I2C.o
                0x18e0c0ca                i2c0_interrupt_err_handler
 .text.i2c0_interrupt_handler
                0x18e0c0d4        0xa ./Driver/Source/DRV_I2C.o
                0x18e0c0d4                i2c0_interrupt_handler
 .text.i2c1_interrupt_err_handler
                0x18e0c0de        0xa ./Driver/Source/DRV_I2C.o
                0x18e0c0de                i2c1_interrupt_err_handler
 .text.i2c1_interrupt_handler
                0x18e0c0e8        0xa ./Driver/Source/DRV_I2C.o
                0x18e0c0e8                i2c1_interrupt_handler
 .text.DRV_IO_ValidatePartition
                0x18e0c0f2       0x50 ./Driver/Source/DRV_IO.o
                0x18e0c0f2                DRV_IO_ValidatePartition
 .text.DRV_IO_SetPull
                0x18e0c142       0x8c ./Driver/Source/DRV_IO.o
                0x18e0c142                DRV_IO_SetPull
 .text.DRV_IO_SetMux
                0x18e0c1ce       0x3a ./Driver/Source/DRV_IO.o
                0x18e0c1ce                DRV_IO_SetMux
 .text.DRV_SPI_GetPeripheral
                0x18e0c208       0x34 ./Driver/Source/DRV_SPI.o
 .text.DRV_SPIM_IrqHandler
                0x18e0c23c      0x144 ./Driver/Source/DRV_SPI.o
 .text.DRV_SPIS_IsrHandler
                0x18e0c380       0x3e ./Driver/Source/DRV_SPI.o
                0x18e0c380                DRV_SPIS_IsrHandler
 .text.spim0_interrupt_handler
                0x18e0c3be        0xa ./Driver/Source/DRV_SPI.o
                0x18e0c3be                spim0_interrupt_handler
 .text.spim1_interrupt_handler
                0x18e0c3c8        0xa ./Driver/Source/DRV_SPI.o
                0x18e0c3c8                spim1_interrupt_handler
 .text.spis0_interrupt_handler
                0x18e0c3d2        0xa ./Driver/Source/DRV_SPI.o
                0x18e0c3d2                spis0_interrupt_handler
 .text.DRV_UART_Flush_Fifo
                0x18e0c3dc       0x12 ./Driver/Source/DRV_UART.o
 *fill*         0x18e0c3ee        0x2 
 .text.Availble_Byte_In_Ringbuffer
                0x18e0c3f0       0x40 ./Driver/Source/DRV_UART.o
 .text.Is_Ringbuffer_Full
                0x18e0c430       0x18 ./Driver/Source/DRV_UART.o
 .text.DRV_UART_Disable_Interrupt
                0x18e0c448       0x34 ./Driver/Source/DRV_UART.o
 .text.DRV_UART_Enable_Interrupt
                0x18e0c47c       0x34 ./Driver/Source/DRV_UART.o
 .text.DRV_UART_Get_Instance_From_Base
                0x18e0c4b0       0x34 ./Driver/Source/DRV_UART.o
 .text.DRV_UART_Register_Ringbuffer
                0x18e0c4e4       0x38 ./Driver/Source/DRV_UART.o
 .text.Get_Byte_From_Ringbuffer
                0x18e0c51c       0x54 ./Driver/Source/DRV_UART.o
 .text.Get_Bytes_From_Ringbuffer
                0x18e0c570       0x50 ./Driver/Source/DRV_UART.o
 .text.hifc_request_to_send
                0x18e0c5c0       0x22 ./Driver/Source/DRV_UART.o
 *fill*         0x18e0c5e2        0x2 
 .text.DRV_UART_IrqHandler
                0x18e0c5e4      0x218 ./Driver/Source/DRV_UART.o
 .text.DRV_UART_Get_Handle
                0x18e0c7fc        0xc ./Driver/Source/DRV_UART.o
                0x18e0c7fc                DRV_UART_Get_Handle
 .text.hw_uart_interrupt_handler0
                0x18e0c808        0xe ./Driver/Source/DRV_UART.o
                0x18e0c808                hw_uart_interrupt_handler0
 .text.hw_uart_interrupt_handler1
                0x18e0c816        0xe ./Driver/Source/DRV_UART.o
                0x18e0c816                hw_uart_interrupt_handler1
 .text.hw_uart_interrupt_handleri0
                0x18e0c824        0xe ./Driver/Source/DRV_UART.o
                0x18e0c824                hw_uart_interrupt_handleri0
 .text.DRV_UART_Set_Baudrate
                0x18e0c832       0x20 ./Driver/Source/DRV_UART.o
                0x18e0c832                DRV_UART_Set_Baudrate
 *fill*         0x18e0c852        0x2 
 .text.DRV_UART_Set_Parity
                0x18e0c854       0xac ./Driver/Source/DRV_UART.o
                0x18e0c854                DRV_UART_Set_Parity
 .text.DRV_UART_Set_Hardware_Flow_Control
                0x18e0c900       0x70 ./Driver/Source/DRV_UART.o
                0x18e0c900                DRV_UART_Set_Hardware_Flow_Control
 .text.DRV_UART_Set_Stopbit
                0x18e0c970       0x34 ./Driver/Source/DRV_UART.o
                0x18e0c970                DRV_UART_Set_Stopbit
 .text.DRV_UART_Set_Word_length
                0x18e0c9a4       0x54 ./Driver/Source/DRV_UART.o
                0x18e0c9a4                DRV_UART_Set_Word_length
 .text.DRV_UART_Enable_Fifo
                0x18e0c9f8       0x1e ./Driver/Source/DRV_UART.o
                0x18e0c9f8                DRV_UART_Enable_Fifo
 .text.DRV_UART_Disable_Fifo
                0x18e0ca16       0x1a ./Driver/Source/DRV_UART.o
                0x18e0ca16                DRV_UART_Disable_Fifo
 .text.DRV_UART_Enable_Uart
                0x18e0ca30       0x1a ./Driver/Source/DRV_UART.o
                0x18e0ca30                DRV_UART_Enable_Uart
 .text.DRV_UART_Disable_Uart
                0x18e0ca4a       0x20 ./Driver/Source/DRV_UART.o
                0x18e0ca4a                DRV_UART_Disable_Uart
 *fill*         0x18e0ca6a        0x2 
 .text.DRV_UART_Get_Transmitted_Tx_Count
                0x18e0ca6c       0x24 ./Driver/Source/DRV_UART.o
                0x18e0ca6c                DRV_UART_Get_Transmitted_Tx_Count
 .text.DRV_UART_Get_Received_Rx_Count
                0x18e0ca90       0x24 ./Driver/Source/DRV_UART.o
                0x18e0ca90                DRV_UART_Get_Received_Rx_Count
 .text.DRV_UART_Update_Setting
                0x18e0cab4       0x78 ./Driver/Source/DRV_UART.o
                0x18e0cab4                DRV_UART_Update_Setting
 .text.DRV_UART_Initialize
                0x18e0cb2c       0x34 ./Driver/Source/DRV_UART.o
                0x18e0cb2c                DRV_UART_Initialize
 .text.DRV_UART_Create_Handle
                0x18e0cb60       0x94 ./Driver/Source/DRV_UART.o
                0x18e0cb60                DRV_UART_Create_Handle
 .text.DRV_UART_Uninitialize
                0x18e0cbf4       0x40 ./Driver/Source/DRV_UART.o
                0x18e0cbf4                DRV_UART_Uninitialize
 .text.DRV_UART_Receive_Nonblock
                0x18e0cc34       0x98 ./Driver/Source/DRV_UART.o
                0x18e0cc34                DRV_UART_Receive_Nonblock
 .text.DRV_UART_Abort_Receive
                0x18e0cccc       0x54 ./Driver/Source/DRV_UART.o
                0x18e0cccc                DRV_UART_Abort_Receive
 .text.DRV_UART_Send_Nonblock
                0x18e0cd20       0xa0 ./Driver/Source/DRV_UART.o
                0x18e0cd20                DRV_UART_Send_Nonblock
 .text.DRV_UART_Send_Block
                0x18e0cdc0       0x6c ./Driver/Source/DRV_UART.o
                0x18e0cdc0                DRV_UART_Send_Block
 .text.DRV_UART_Is_Uart_Busy
                0x18e0ce2c        0x8 ./Driver/Source/DRV_UART.o
                0x18e0ce2c                DRV_UART_Is_Uart_Busy
 .text.DRV_UART_Get_Statistic
                0x18e0ce34       0x54 ./Driver/Source/DRV_UART.o
                0x18e0ce34                DRV_UART_Get_Statistic
 .text.MCU_WD0_IRQHandler
                0x18e0ce88       0x2c ./Driver/Source/DRV_WATCHDOG.o
                0x18e0ce88                MCU_WD0_IRQHandler
 .text.Default_Handler
                0x18e0ceb4        0x2 ./Chipset/Source/startup_ALT125x.o
                0x18e0ceb4                DebugMon_Handler
                0x18e0ceb4                auxdac6_handler
                0x18e0ceb4                NMI_Handler
                0x18e0ceb4                UART1_IRQHandler
                0x18e0ceb4                auxdac4_handler
                0x18e0ceb4                FLEXRAY_IRQHandler
                0x18e0ceb4                UART0_IRQHandler
                0x18e0ceb4                UsageFault_Handler
                0x18e0ceb4                MCIB_IRQHandler
                0x18e0ceb4                auxdac7_handler
                0x18e0ceb4                AACI_IRQHandler
                0x18e0ceb4                UARTI_IRQHandler
                0x18e0ceb4                CAN_IRQHandler
                0x18e0ceb4                CHLCD_IRQHandler
                0x18e0ceb4                auxdac5_handler
                0x18e0ceb4                USBDC_IRQHandler
                0x18e0ceb4                USBHC_IRQHandler
                0x18e0ceb4                RTC_IRQHandler
                0x18e0ceb4                UART2_IRQHandler
                0x18e0ceb4                UART4_IRQHandler
                0x18e0ceb4                CLCD_IRQHandler
                0x18e0ceb4                UARTF_ERR_IRQHandler
                0x18e0ceb4                TIM0_IRQHandler
                0x18e0ceb4                MemManage_Handler
                0x18e0ceb4                WDT_IRQHandler
                0x18e0ceb4                TIM2_IRQHandler
                0x18e0ceb4                LIN_IRQHandler
                0x18e0ceb4                CPU_CLCD_IRQHandler
                0x18e0ceb4                BusFault_Handler
                0x18e0ceb4                UART3_IRQHandler
                0x18e0ceb4                MCIA_IRQHandler
                0x18e0ceb4                ENET_IRQHandler
 *fill*         0x18e0ceb6        0x2 
 .text.SystemInit
                0x18e0ceb8       0x64 ./Chipset/Source/system_ALT125x.o
                0x18e0ceb8                SystemInit
 .text.SysTick_Handler
                0x18e0cf1c       0x10 ./CMSIS-FreeRTOS/Source/cmsis_os2.o
                0x18e0cf1c                SysTick_Handler
 .text.osKernelInitialize
                0x18e0cf2c       0x58 ./CMSIS-FreeRTOS/Source/cmsis_os2.o
                0x18e0cf2c                osKernelInitialize
 .text.osKernelGetState
                0x18e0cf84       0x24 ./CMSIS-FreeRTOS/Source/cmsis_os2.o
                0x18e0cf84                osKernelGetState
 .text.osKernelStart
                0x18e0cfa8       0x68 ./CMSIS-FreeRTOS/Source/cmsis_os2.o
                0x18e0cfa8                osKernelStart
 .text.osThreadNew
                0x18e0d010       0xe8 ./CMSIS-FreeRTOS/Source/cmsis_os2.o
                0x18e0d010                osThreadNew
 .text.osThreadExit
                0x18e0d0f8        0xa ./CMSIS-FreeRTOS/Source/cmsis_os2.o
                0x18e0d0f8                osThreadExit
 .text.osMutexNew
                0x18e0d102       0xc0 ./CMSIS-FreeRTOS/Source/cmsis_os2.o
                0x18e0d102                osMutexNew
 .text.osMutexAcquire
                0x18e0d1c2       0x80 ./CMSIS-FreeRTOS/Source/cmsis_os2.o
                0x18e0d1c2                osMutexAcquire
 .text.osMutexRelease
                0x18e0d242       0x70 ./CMSIS-FreeRTOS/Source/cmsis_os2.o
                0x18e0d242                osMutexRelease
 .text.osMutexDelete
                0x18e0d2b2       0x4c ./CMSIS-FreeRTOS/Source/cmsis_os2.o
                0x18e0d2b2                osMutexDelete
 .text.osMessageQueueNew
                0x18e0d2fe       0xca ./CMSIS-FreeRTOS/Source/cmsis_os2.o
                0x18e0d2fe                osMessageQueueNew
 .text.osMessageQueuePut
                0x18e0d3c8       0xc0 ./CMSIS-FreeRTOS/Source/cmsis_os2.o
                0x18e0d3c8                osMessageQueuePut
 .text.osMessageQueueGet
                0x18e0d488       0xb8 ./CMSIS-FreeRTOS/Source/cmsis_os2.o
                0x18e0d488                osMessageQueueGet
 .text.osMessageQueueDelete
                0x18e0d540       0x4a ./CMSIS-FreeRTOS/Source/cmsis_os2.o
                0x18e0d540                osMessageQueueDelete
 *fill*         0x18e0d58a        0x2 
 .text.vApplicationGetIdleTaskMemory
                0x18e0d58c       0x18 ./CMSIS-FreeRTOS/Source/cmsis_os2.o
                0x18e0d58c                vApplicationGetIdleTaskMemory
 .text.vApplicationGetTimerTaskMemory
                0x18e0d5a4       0x18 ./CMSIS-FreeRTOS/Source/cmsis_os2.o
                0x18e0d5a4                vApplicationGetTimerTaskMemory
 .text          0x18e0d5bc      0x378 c:/program files (x86)/gnu tools arm embedded/7 2018-q2-update/bin/../lib/gcc/arm-none-eabi/7.3.1/thumb/v7e-m\libgcc.a(_arm_addsubdf3.o)
                0x18e0d5bc                __aeabi_drsub
                0x18e0d5c4                __aeabi_dsub
                0x18e0d5c4                __subdf3
                0x18e0d5c8                __aeabi_dadd
                0x18e0d5c8                __adddf3
                0x18e0d840                __floatunsidf
                0x18e0d840                __aeabi_ui2d
                0x18e0d860                __floatsidf
                0x18e0d860                __aeabi_i2d
                0x18e0d884                __aeabi_f2d
                0x18e0d884                __extendsfdf2
                0x18e0d8c8                __floatundidf
                0x18e0d8c8                __aeabi_ul2d
                0x18e0d8d8                __floatdidf
                0x18e0d8d8                __aeabi_l2d
 .text          0x18e0d934      0x424 c:/program files (x86)/gnu tools arm embedded/7 2018-q2-update/bin/../lib/gcc/arm-none-eabi/7.3.1/thumb/v7e-m\libgcc.a(_arm_muldivdf3.o)
                0x18e0d934                __aeabi_dmul
                0x18e0d934                __muldf3
                0x18e0db88                __divdf3
                0x18e0db88                __aeabi_ddiv
 .text          0x18e0dd58      0x110 c:/program files (x86)/gnu tools arm embedded/7 2018-q2-update/bin/../lib/gcc/arm-none-eabi/7.3.1/thumb/v7e-m\libgcc.a(_arm_cmpdf2.o)
                0x18e0dd58                __gtdf2
                0x18e0dd58                __gedf2
                0x18e0dd60                __ltdf2
                0x18e0dd60                __ledf2
                0x18e0dd68                __nedf2
                0x18e0dd68                __eqdf2
                0x18e0dd68                __cmpdf2
                0x18e0dde4                __aeabi_cdrcmple
                0x18e0ddf4                __aeabi_cdcmpeq
                0x18e0ddf4                __aeabi_cdcmple
                0x18e0de04                __aeabi_dcmpeq
                0x18e0de18                __aeabi_dcmplt
                0x18e0de2c                __aeabi_dcmple
                0x18e0de40                __aeabi_dcmpge
                0x18e0de54                __aeabi_dcmpgt
 .text          0x18e0de68       0x50 c:/program files (x86)/gnu tools arm embedded/7 2018-q2-update/bin/../lib/gcc/arm-none-eabi/7.3.1/thumb/v7e-m\libgcc.a(_arm_fixdfsi.o)
                0x18e0de68                __aeabi_d2iz
                0x18e0de68                __fixdfsi
 .text          0x18e0deb8       0x40 c:/program files (x86)/gnu tools arm embedded/7 2018-q2-update/bin/../lib/gcc/arm-none-eabi/7.3.1/thumb/v7e-m\libgcc.a(_arm_fixunsdfsi.o)
                0x18e0deb8                __aeabi_d2uiz
                0x18e0deb8                __fixunsdfsi
 .text          0x18e0def8       0xa0 c:/program files (x86)/gnu tools arm embedded/7 2018-q2-update/bin/../lib/gcc/arm-none-eabi/7.3.1/thumb/v7e-m\libgcc.a(_aeabi_ldivmod.o)
                0x18e0def8                __aeabi_ldivmod
 .text          0x18e0df98       0x30 c:/program files (x86)/gnu tools arm embedded/7 2018-q2-update/bin/../lib/gcc/arm-none-eabi/7.3.1/thumb/v7e-m\libgcc.a(_aeabi_uldivmod.o)
                0x18e0df98                __aeabi_uldivmod
 .text          0x18e0dfc8      0x2cc c:/program files (x86)/gnu tools arm embedded/7 2018-q2-update/bin/../lib/gcc/arm-none-eabi/7.3.1/thumb/v7e-m\libgcc.a(_udivmoddi4.o)
                0x18e0dfc8                __udivmoddi4
 .text          0x18e0e294      0x9ec c:/program files (x86)/gnu tools arm embedded/7 2018-q2-update/bin/../lib/gcc/arm-none-eabi/7.3.1/thumb/v7e-m\libgcc.a(unwind-arm.o)
                0x18e0e548                _Unwind_GetCFA
                0x18e0e54c                __gnu_Unwind_RaiseException
                0x18e0e5ac                __gnu_Unwind_ForcedUnwind
                0x18e0e5c0                __gnu_Unwind_Resume
                0x18e0e604                __gnu_Unwind_Resume_or_Rethrow
                0x18e0e614                _Unwind_Complete
                0x18e0e618                _Unwind_DeleteException
                0x18e0e624                _Unwind_VRS_Get
                0x18e0e668                _Unwind_VRS_Set
                0x18e0e6b0                __gnu_Unwind_Backtrace
                0x18e0e9f4                __aeabi_unwind_cpp_pr0
                0x18e0e9f8                __aeabi_unwind_cpp_pr1
                0x18e0e9fc                __aeabi_unwind_cpp_pr2
                0x18e0ea00                _Unwind_VRS_Pop
 .text          0x18e0ec80      0x1ac c:/program files (x86)/gnu tools arm embedded/7 2018-q2-update/bin/../lib/gcc/arm-none-eabi/7.3.1/thumb/v7e-m\libgcc.a(libunwind.o)
                0x18e0ec80                __restore_core_regs
                0x18e0ec80                restore_core_regs
                0x18e0ec98                __gnu_Unwind_Restore_VFP
                0x18e0eca0                __gnu_Unwind_Save_VFP
                0x18e0eca8                __gnu_Unwind_Restore_VFP_D
                0x18e0ecb0                __gnu_Unwind_Save_VFP_D
                0x18e0ecb8                __gnu_Unwind_Restore_VFP_D_16_to_31
                0x18e0ecc0                __gnu_Unwind_Save_VFP_D_16_to_31
                0x18e0ecc8                __gnu_Unwind_Restore_WMMXD
                0x18e0ed0c                __gnu_Unwind_Save_WMMXD
                0x18e0ed50                __gnu_Unwind_Restore_WMMXC
                0x18e0ed64                __gnu_Unwind_Save_WMMXC
                0x18e0ed78                ___Unwind_RaiseException
                0x18e0ed78                _Unwind_RaiseException
                0x18e0ed9c                _Unwind_Resume
                0x18e0ed9c                ___Unwind_Resume
                0x18e0edc0                _Unwind_Resume_or_Rethrow
                0x18e0edc0                ___Unwind_Resume_or_Rethrow
                0x18e0ede4                _Unwind_ForcedUnwind
                0x18e0ede4                ___Unwind_ForcedUnwind
                0x18e0ee08                ___Unwind_Backtrace
                0x18e0ee08                _Unwind_Backtrace
 .text          0x18e0ee2c      0x374 c:/program files (x86)/gnu tools arm embedded/7 2018-q2-update/bin/../lib/gcc/arm-none-eabi/7.3.1/thumb/v7e-m\libgcc.a(pr-support.o)
                0x18e0ee84                __gnu_unwind_execute
                0x18e0f148                __gnu_unwind_frame
                0x18e0f170                _Unwind_GetRegionStart
                0x18e0f17c                _Unwind_GetLanguageSpecificData
                0x18e0f190                _Unwind_GetDataRelBase
                0x18e0f198                _Unwind_GetTextRelBase
 .text          0x18e0f1a0        0x4 c:/program files (x86)/gnu tools arm embedded/7 2018-q2-update/bin/../lib/gcc/arm-none-eabi/7.3.1/thumb/v7e-m\libgcc.a(_dvmd_tls.o)
                0x18e0f1a0                __aeabi_idiv0
                0x18e0f1a0                __aeabi_ldiv0
 .text.abort    0x18e0f1a4        0xe c:/program files (x86)/gnu tools arm embedded/7 2018-q2-update/bin/../lib/gcc/arm-none-eabi/7.3.1/../../../../arm-none-eabi/lib/thumb/v7e-m\libg_nano.a(lib_a-abort.o)
                0x18e0f1a4                abort
 .text.atoi     0x18e0f1b2        0x8 c:/program files (x86)/gnu tools arm embedded/7 2018-q2-update/bin/../lib/gcc/arm-none-eabi/7.3.1/../../../../arm-none-eabi/lib/thumb/v7e-m\libg_nano.a(lib_a-atoi.o)
                0x18e0f1b2                atoi
 .text.ctime_r  0x18e0f1ba       0x16 c:/program files (x86)/gnu tools arm embedded/7 2018-q2-update/bin/../lib/gcc/arm-none-eabi/7.3.1/../../../../arm-none-eabi/lib/thumb/v7e-m\libg_nano.a(lib_a-ctime_r.o)
                0x18e0f1ba                ctime_r
 .text.__errno  0x18e0f1d0        0xc c:/program files (x86)/gnu tools arm embedded/7 2018-q2-update/bin/../lib/gcc/arm-none-eabi/7.3.1/../../../../arm-none-eabi/lib/thumb/v7e-m\libg_nano.a(lib_a-errno.o)
                0x18e0f1d0                __errno
 .text.localtime_r
                0x18e0f1dc      0x1d8 c:/program files (x86)/gnu tools arm embedded/7 2018-q2-update/bin/../lib/gcc/arm-none-eabi/7.3.1/../../../../arm-none-eabi/lib/thumb/v7e-m\libg_nano.a(lib_a-lcltime_r.o)
                0x18e0f1dc                localtime_r
 .text.malloc   0x18e0f3b4       0x10 c:/program files (x86)/gnu tools arm embedded/7 2018-q2-update/bin/../lib/gcc/arm-none-eabi/7.3.1/../../../../arm-none-eabi/lib/thumb/v7e-m\libg_nano.a(lib_a-malloc.o)
                0x18e0f3b4                malloc
 .text.free     0x18e0f3c4       0x10 c:/program files (x86)/gnu tools arm embedded/7 2018-q2-update/bin/../lib/gcc/arm-none-eabi/7.3.1/../../../../arm-none-eabi/lib/thumb/v7e-m\libg_nano.a(lib_a-malloc.o)
                0x18e0f3c4                free
 .text.memcpy   0x18e0f3d4       0x16 c:/program files (x86)/gnu tools arm embedded/7 2018-q2-update/bin/../lib/gcc/arm-none-eabi/7.3.1/../../../../arm-none-eabi/lib/thumb/v7e-m\libg_nano.a(lib_a-memcpy-stub.o)
                0x18e0f3d4                memcpy
 .text.memset   0x18e0f3ea       0x10 c:/program files (x86)/gnu tools arm embedded/7 2018-q2-update/bin/../lib/gcc/arm-none-eabi/7.3.1/../../../../arm-none-eabi/lib/thumb/v7e-m\libg_nano.a(lib_a-memset.o)
                0x18e0f3ea                memset
 *fill*         0x18e0f3fa        0x2 
 .text.mallinfo
                0x18e0f3fc       0x14 c:/program files (x86)/gnu tools arm embedded/7 2018-q2-update/bin/../lib/gcc/arm-none-eabi/7.3.1/../../../../arm-none-eabi/lib/thumb/v7e-m\libg_nano.a(lib_a-mstats.o)
                0x18e0f3fc                mallinfo
 .text._free_r  0x18e0f410       0x9c c:/program files (x86)/gnu tools arm embedded/7 2018-q2-update/bin/../lib/gcc/arm-none-eabi/7.3.1/../../../../arm-none-eabi/lib/thumb/v7e-m\libg_nano.a(lib_a-nano-freer.o)
                0x18e0f410                _free_r
 .text._mallinfo_r
                0x18e0f4ac       0x64 c:/program files (x86)/gnu tools arm embedded/7 2018-q2-update/bin/../lib/gcc/arm-none-eabi/7.3.1/../../../../arm-none-eabi/lib/thumb/v7e-m\libg_nano.a(lib_a-nano-mallinfor.o)
                0x18e0f4ac                _mallinfo_r
 .text._malloc_r
                0x18e0f510       0xb4 c:/program files (x86)/gnu tools arm embedded/7 2018-q2-update/bin/../lib/gcc/arm-none-eabi/7.3.1/../../../../arm-none-eabi/lib/thumb/v7e-m\libg_nano.a(lib_a-nano-mallocr.o)
                0x18e0f510                _malloc_r
 .text.cleanup_glue
                0x18e0f5c4       0x1a c:/program files (x86)/gnu tools arm embedded/7 2018-q2-update/bin/../lib/gcc/arm-none-eabi/7.3.1/../../../../arm-none-eabi/lib/thumb/v7e-m\libg_nano.a(lib_a-reent.o)
                0x18e0f5c4                cleanup_glue
 *fill*         0x18e0f5de        0x2 
 .text._reclaim_reent
                0x18e0f5e0       0xb8 c:/program files (x86)/gnu tools arm embedded/7 2018-q2-update/bin/../lib/gcc/arm-none-eabi/7.3.1/../../../../arm-none-eabi/lib/thumb/v7e-m\libg_nano.a(lib_a-reent.o)
                0x18e0f5e0                _reclaim_reent
 .text._raise_r
                0x18e0f698       0x50 c:/program files (x86)/gnu tools arm embedded/7 2018-q2-update/bin/../lib/gcc/arm-none-eabi/7.3.1/../../../../arm-none-eabi/lib/thumb/v7e-m\libg_nano.a(lib_a-signal.o)
                0x18e0f698                _raise_r
 .text.raise    0x18e0f6e8       0x10 c:/program files (x86)/gnu tools arm embedded/7 2018-q2-update/bin/../lib/gcc/arm-none-eabi/7.3.1/../../../../arm-none-eabi/lib/thumb/v7e-m\libg_nano.a(lib_a-signal.o)
                0x18e0f6e8                raise
 .text._kill_r  0x18e0f6f8       0x24 c:/program files (x86)/gnu tools arm embedded/7 2018-q2-update/bin/../lib/gcc/arm-none-eabi/7.3.1/../../../../arm-none-eabi/lib/thumb/v7e-m\libg_nano.a(lib_a-signalr.o)
                0x18e0f6f8                _kill_r
 .text._getpid_r
                0x18e0f71c        0x4 c:/program files (x86)/gnu tools arm embedded/7 2018-q2-update/bin/../lib/gcc/arm-none-eabi/7.3.1/../../../../arm-none-eabi/lib/thumb/v7e-m\libg_nano.a(lib_a-signalr.o)
                0x18e0f71c                _getpid_r
 .text.sscanf   0x18e0f720       0x54 c:/program files (x86)/gnu tools arm embedded/7 2018-q2-update/bin/../lib/gcc/arm-none-eabi/7.3.1/../../../../arm-none-eabi/lib/thumb/v7e-m\libg_nano.a(lib_a-sscanf.o)
                0x18e0f720                siscanf
                0x18e0f720                sscanf
 .text.__seofread
                0x18e0f774        0x4 c:/program files (x86)/gnu tools arm embedded/7 2018-q2-update/bin/../lib/gcc/arm-none-eabi/7.3.1/../../../../arm-none-eabi/lib/thumb/v7e-m\libg_nano.a(lib_a-stdio.o)
                0x18e0f774                __seofread